125.160.75.104 - - [05/Sep/2011:09:49:31 +0700] "GET /ubuntu/dists/jaunty/universe/source/Sources.gz HTTP/1.1" 404 168 "-" "Ubuntu APT-HTTP/1.3 (0.7.20.2ubuntu6)"
125.160.75.104 - - [05/Sep/2011:09:49:31 +0700] "GET /ubuntu/dists/jaunty/multiverse/source/Sources.gz HTTP/1.1" 404 168 "-" "Ubuntu APT-HTTP/1.3 (0.7.20.2ubuntu6)"
125.160.75.104 - - [05/Sep/2011:09:49:31 +0700] "GET /ubuntu/dists/jaunty-updates/main/binary-amd64/Packages.gz HTTP/1.1" 404 168 "-" "Ubuntu APT-HTTP/1.3 (0.7.20.2ubuntu6)"
125.160.75.104 - - [05/Sep/2011:09:49:31 +0700] "GET /ubuntu/dists/jaunty-updates/restricted/binary-amd64/Packages.gz HTTP/1.1" 404 168 "-" "Ubuntu APT-HTTP/1.3 (0.7.20.2ubuntu6)"
125.160.75.104 - - [05/Sep/2011:09:49:31 +0700] "GET /ubuntu/dists/jaunty-updates/universe/binary-amd64/Packages.gz HTTP/1.1" 404 168 "-" "Ubuntu APT-HTTP/1.3 (0.7.20.2ubuntu6)"
125.160.75.104 - - [05/Sep/2011:09:49:31 +0700] "GET /ubuntu/dists/jaunty-updates/multiverse/binary-amd64/Packages.gz HTTP/1.1" 404 168 "-" "Ubuntu APT-HTTP/1.3 (0.7.20.2ubuntu6)"
125.160.75.104 - - [05/Sep/2011:09:49:31 +0700] "GET /ubuntu/dists/jaunty-updates/main/source/Sources.gz HTTP/1.1" 404 168 "-" "Ubuntu APT-HTTP/1.3 (0.7.20.2ubuntu6)"
66.249.69.154 - - [05/Sep/2011:09:49:31 +0700] "GET /linux/people/arnd/patches/2.6.20-arnd2/ HTTP/1.1" 200 771 "-" "Mozilla/5.0 (compatible; Googlebot/2.1; +http://www.google.com/bot.html)"
125.160.75.104 - - [05/Sep/2011:09:49:32 +0700] "GET /ubuntu/dists/jaunty-updates/restricted/source/Sources.gz HTTP/1.1" 404 168 "-" "Ubuntu APT-HTTP/1.3 (0.7.20.2ubuntu6)"
125.160.75.104 - - [05/Sep/2011:09:49:32 +0700] "GET /ubuntu/dists/jaunty-updates/universe/source/Sources.gz HTTP/1.1" 404 168 "-" "Ubuntu APT-HTTP/1.3 (0.7.20.2ubuntu6)"
125.160.75.104 - - [05/Sep/2011:09:49:32 +0700] "GET /ubuntu/dists/jaunty-updates/multiverse/source/Sources.gz HTTP/1.1" 404 168 "-" "Ubuntu APT-HTTP/1.3 (0.7.20.2ubuntu6)"
125.160.75.104 - - [05/Sep/2011:09:49:32 +0700] "GET /ubuntu/dists/jaunty-security/main/binary-amd64/Packages.gz HTTP/1.1" 404 168 "-" "Ubuntu APT-HTTP/1.3 (0.7.20.2ubuntu6)"
125.160.75.104 - - [05/Sep/2011:09:49:32 +0700] "GET /ubuntu/dists/jaunty-security/restricted/binary-amd64/Packages.gz HTTP/1.1" 404 168 "-" "Ubuntu APT-HTTP/1.3 (0.7.20.2ubuntu6)"
125.160.75.104 - - [05/Sep/2011:09:49:32 +0700] "GET /ubuntu/dists/jaunty-security/universe/binary-amd64/Packages.gz HTTP/1.1" 404 168 "-" "Ubuntu APT-HTTP/1.3 (0.7.20.2ubuntu6)"
125.160.75.104 - - [05/Sep/2011:09:49:32 +0700] "GET /ubuntu/dists/jaunty-security/multiverse/binary-amd64/Packages.gz HTTP/1.1" 404 168 "-" "Ubuntu APT-HTTP/1.3 (0.7.20.2ubuntu6)"
125.160.75.104 - - [05/Sep/2011:09:49:32 +0700] "GET /ubuntu/dists/jaunty-security/main/source/Sources.gz HTTP/1.1" 404 168 "-" "Ubuntu APT-HTTP/1.3 (0.7.20.2ubuntu6)"
125.160.75.104 - - [05/Sep/2011:09:49:32 +0700] "GET /ubuntu/dists/jaunty-security/restricted/source/Sources.gz HTTP/1.1" 404 168 "-" "Ubuntu APT-HTTP/1.3 (0.7.20.2ubuntu6)"
133.1.121.36 - - [05/Sep/2011:09:49:32 +0700] "GET /fedora/updates/15/x86_64/repodata/e755abf9aec1cdafa46c21ab7a4c26d98d0c05ae428dd67a5b56208d03c8005a-filelists.sqlite.bz2 HTTP/1.1" 404 168 "-" "urlgrabber/3.9.1 yum/3.2.29"
120.166.60.44 - - [05/Sep/2011:09:49:32 +0700] "GET /openoffice/stable/3.3.0/OOo_3.3.0_Win_x86_install-wJRE_en-US.exe HTTP/1.1" 200 2489280 "-" "-"
125.160.75.104 - - [05/Sep/2011:09:49:32 +0700] "GET /ubuntu/dists/jaunty-security/universe/source/Sources.gz HTTP/1.1" 404 168 "-" "Ubuntu APT-HTTP/1.3 (0.7.20.2ubuntu6)"
125.160.75.104 - - [05/Sep/2011:09:49:32 +0700] "GET /ubuntu/dists/jaunty-security/multiverse/source/Sources.gz HTTP/1.1" 404 168 "-" "Ubuntu APT-HTTP/1.3 (0.7.20.2ubuntu6)"
125.160.75.104 - - [05/Sep/2011:09:49:32 +0700] "GET /ubuntu/dists/jaunty/main/binary-amd64/Packages HTTP/1.1" 404 168 "-" "Ubuntu APT-HTTP/1.3 (0.7.20.2ubuntu6)"
125.160.75.104 - - [05/Sep/2011:09:49:32 +0700] "GET /ubuntu/dists/jaunty/restricted/binary-amd64/Packages HTTP/1.1" 404 168 "-" "Ubuntu APT-HTTP/1.3 (0.7.20.2ubuntu6)"
125.160.75.104 - - [05/Sep/2011:09:49:32 +0700] "GET /ubuntu/dists/jaunty/universe/binary-amd64/Packages HTTP/1.1" 404 168 "-" "Ubuntu APT-HTTP/1.3 (0.7.20.2ubuntu6)"
125.160.75.104 - - [05/Sep/2011:09:49:32 +0700] "GET /ubuntu/dists/jaunty/multiverse/binary-amd64/Packages HTTP/1.1" 404 168 "-" "Ubuntu APT-HTTP/1.3 (0.7.20.2ubuntu6)"
125.160.75.104 - - [05/Sep/2011:09:49:32 +0700] "GET /ubuntu/dists/jaunty/main/source/Sources HTTP/1.1" 404 168 "-" "Ubuntu APT-HTTP/1.3 (0.7.20.2ubuntu6)"
125.160.75.104 - - [05/Sep/2011:09:49:32 +0700] "GET /ubuntu/dists/jaunty/restricted/source/Sources HTTP/1.1" 404 168 "-" "Ubuntu APT-HTTP/1.3 (0.7.20.2ubuntu6)"
66.249.69.154 - - [05/Sep/2011:09:49:32 +0700] "GET /debian/dists/lenny-proposed-updates/ HTTP/1.1" 200 19333 "-" "Mozilla/5.0 (compatible; Googlebot/2.1; +http://www.google.com/bot.html)"
125.160.75.104 - - [05/Sep/2011:09:49:32 +0700] "GET /ubuntu/dists/jaunty/universe/source/Sources HTTP/1.1" 404 168 "-" "Ubuntu APT-HTTP/1.3 (0.7.20.2ubuntu6)"
125.160.75.104 - - [05/Sep/2011:09:49:32 +0700] "GET /ubuntu/dists/jaunty/multiverse/source/Sources HTTP/1.1" 404 168 "-" "Ubuntu APT-HTTP/1.3 (0.7.20.2ubuntu6)"
125.160.75.104 - - [05/Sep/2011:09:49:32 +0700] "GET /ubuntu/dists/jaunty-updates/main/binary-amd64/Packages HTTP/1.1" 404 168 "-" "Ubuntu APT-HTTP/1.3 (0.7.20.2ubuntu6)"
125.160.75.104 - - [05/Sep/2011:09:49:32 +0700] "GET /ubuntu/dists/jaunty-updates/restricted/binary-amd64/Packages HTTP/1.1" 404 168 "-" "Ubuntu APT-HTTP/1.3 (0.7.20.2ubuntu6)"
125.160.75.104 - - [05/Sep/2011:09:49:32 +0700] "GET /ubuntu/dists/jaunty-updates/universe/binary-amd64/Packages HTTP/1.1" 404 168 "-" "Ubuntu APT-HTTP/1.3 (0.7.20.2ubuntu6)"
125.160.75.104 - - [05/Sep/2011:09:49:32 +0700] "GET /ubuntu/dists/jaunty-updates/multiverse/binary-amd64/Packages HTTP/1.1" 404 168 "-" "Ubuntu APT-HTTP/1.3 (0.7.20.2ubuntu6)"
125.160.75.104 - - [05/Sep/2011:09:49:32 +0700] "GET /ubuntu/dists/jaunty-updates/main/source/Sources HTTP/1.1" 404 168 "-" "Ubuntu APT-HTTP/1.3 (0.7.20.2ubuntu6)"
125.160.75.104 - - [05/Sep/2011:09:49:32 +0700] "GET /ubuntu/dists/jaunty-updates/restricted/source/Sources HTTP/1.1" 404 168 "-" "Ubuntu APT-HTTP/1.3 (0.7.20.2ubuntu6)"
125.160.75.104 - - [05/Sep/2011:09:49:32 +0700] "GET /ubuntu/dists/jaunty-updates/universe/source/Sources HTTP/1.1" 404 168 "-" "Ubuntu APT-HTTP/1.3 (0.7.20.2ubuntu6)"
66.249.69.154 - - [05/Sep/2011:09:49:32 +0700] "GET /cran/src/contrib/Archive/StatFingerprints HTTP/1.1" 500 383 "-" "Mozilla/5.0 (compatible; Googlebot/2.1; +http://www.google.com/bot.html)"
125.160.75.104 - - [05/Sep/2011:09:49:33 +0700] "GET /ubuntu/dists/jaunty-updates/multiverse/source/Sources HTTP/1.1" 404 168 "-" "Ubuntu APT-HTTP/1.3 (0.7.20.2ubuntu6)"
125.160.75.104 - - [05/Sep/2011:09:49:33 +0700] "GET /ubuntu/dists/jaunty-security/main/binary-amd64/Packages HTTP/1.1" 404 168 "-" "Ubuntu APT-HTTP/1.3 (0.7.20.2ubuntu6)"
125.160.75.104 - - [05/Sep/2011:09:49:33 +0700] "GET /ubuntu/dists/jaunty-security/restricted/binary-amd64/Packages HTTP/1.1" 404 168 "-" "Ubuntu APT-HTTP/1.3 (0.7.20.2ubuntu6)"
125.160.75.104 - - [05/Sep/2011:09:49:33 +0700] "GET /ubuntu/dists/jaunty-security/universe/binary-amd64/Packages HTTP/1.1" 404 168 "-" "Ubuntu APT-HTTP/1.3 (0.7.20.2ubuntu6)"
125.160.75.104 - - [05/Sep/2011:09:49:33 +0700] "GET /ubuntu/dists/jaunty-security/multiverse/binary-amd64/Packages HTTP/1.1" 404 168 "-" "Ubuntu APT-HTTP/1.3 (0.7.20.2ubuntu6)"
125.160.75.104 - - [05/Sep/2011:09:49:33 +0700] "GET /ubuntu/dists/jaunty-security/main/source/Sources HTTP/1.1" 404 168 "-" "Ubuntu APT-HTTP/1.3 (0.7.20.2ubuntu6)"
125.160.75.104 - - [05/Sep/2011:09:49:33 +0700] "GET /ubuntu/dists/jaunty-security/restricted/source/Sources HTTP/1.1" 404 168 "-" "Ubuntu APT-HTTP/1.3 (0.7.20.2ubuntu6)"
125.160.75.104 - - [05/Sep/2011:09:49:33 +0700] "GET /ubuntu/dists/jaunty-security/universe/source/Sources HTTP/1.1" 404 168 "-" "Ubuntu APT-HTTP/1.3 (0.7.20.2ubuntu6)"
125.164.220.178 - - [05/Sep/2011:09:49:33 +0700] "GET /debian/dists/sid/InRelease HTTP/1.1" 200 145872 "-" "Debian APT-HTTP/1.3 (0.8.14.1)"
125.164.220.178 - - [05/Sep/2011:09:49:33 +0700] "GET /debian/dists/experimental/InRelease HTTP/1.1" 200 138861 "-" "Debian APT-HTTP/1.3 (0.8.14.1)"
125.164.220.178 - - [05/Sep/2011:09:49:33 +0700] "GET /debian-unofficial/dists/sid/InRelease HTTP/1.1" 404 168 "-" "Debian APT-HTTP/1.3 (0.8.14.1)"
125.160.75.104 - - [05/Sep/2011:09:49:33 +0700] "GET /ubuntu/dists/jaunty-security/multiverse/source/Sources HTTP/1.1" 404 168 "-" "Ubuntu APT-HTTP/1.3 (0.7.20.2ubuntu6)"
202.184.138.2 - - [05/Sep/2011:09:49:34 +0700] "GET /bebas/v06/Kuliah/SistemOperasi/BUKU/SistemOperasi-4.X-2/img/c747-f06-3.gif HTTP/1.1" 206 17014 "http://kambing.ui.ac.id/bebas/v06/Kuliah/SistemOperasi/BUKU/SistemOperasi-4.X-2/ch20s07.html" "Mozilla/5.0 (Windows NT 5.1; rv:2.0.1) Gecko/20100101 Firefox/4.0.1"
202.184.138.2 - - [05/Sep/2011:09:49:34 +0700] "GET /bebas/v06/Kuliah/SistemOperasi/BUKU/SistemOperasi-4.X-2/img/c747-f04-11.gif HTTP/1.1" 206 20978 "http://kambing.ui.ac.id/bebas/v06/Kuliah/SistemOperasi/BUKU/SistemOperasi-4.X-2/ch20s07.html" "Mozilla/5.0 (Windows NT 5.1; rv:2.0.1) Gecko/20100101 Firefox/4.0.1"
202.184.138.2 - - [05/Sep/2011:09:49:34 +0700] "GET /bebas/v06/Kuliah/SistemOperasi/BUKU/SistemOperasi-4.X-2/img/c747-f05-22.gif HTTP/1.1" 206 21832 "http://kambing.ui.ac.id/bebas/v06/Kuliah/SistemOperasi/BUKU/SistemOperasi-4.X-2/ch20s07.html" "Mozilla/5.0 (Windows NT 5.1; rv:2.0.1) Gecko/20100101 Firefox/4.0.1"
202.184.138.2 - - [05/Sep/2011:09:49:34 +0700] "GET /bebas/v06/Kuliah/SistemOperasi/BUKU/SistemOperasi-4.X-2/img/c747-f08-5.gif HTTP/1.1" 200 36419 "http://kambing.ui.ac.id/bebas/v06/Kuliah/SistemOperasi/BUKU/SistemOperasi-4.X-2/ch20s07.html" "Mozilla/5.0 (Windows NT 5.1; rv:2.0.1) Gecko/20100101 Firefox/4.0.1"
202.184.138.2 - - [05/Sep/2011:09:49:35 +0700] "GET /bebas/v06/Kuliah/SistemOperasi/BUKU/SistemOperasi-4.X-2/img/c745-f02-TANPA_UnifiedBufferCache.gif HTTP/1.1" 200 21677 "http://kambing.ui.ac.id/bebas/v06/Kuliah/SistemOperasi/BUKU/SistemOperasi-4.X-2/ch18s03.html" "Mozilla/5.0 (Windows NT 5.1; rv:2.0.1) Gecko/20100101 Firefox/4.0.1"
125.164.220.178 - - [05/Sep/2011:09:49:35 +0700] "GET /debian/dists/sid/main/binary-i386/Packages.diff/Index HTTP/1.1" 200 2038 "-" "Debian APT-HTTP/1.3 (0.8.14.1)"
125.164.220.178 - - [05/Sep/2011:09:49:35 +0700] "GET /debian/dists/sid/contrib/binary-i386/Packages.diff/Index HTTP/1.1" 304 0 "-" "Debian APT-HTTP/1.3 (0.8.14.1)"
125.164.220.178 - - [05/Sep/2011:09:49:35 +0700] "GET /debian/dists/sid/non-free/binary-i386/Packages.diff/Index HTTP/1.1" 304 0 "-" "Debian APT-HTTP/1.3 (0.8.14.1)"
125.164.220.178 - - [05/Sep/2011:09:49:35 +0700] "GET /debian/dists/sid/contrib/i18n/Index HTTP/1.1" 404 168 "-" "Debian APT-HTTP/1.3 (0.8.14.1)"
125.164.220.178 - - [05/Sep/2011:09:49:35 +0700] "GET /debian/dists/sid/main/i18n/Index HTTP/1.1" 200 2045 "-" "Debian APT-HTTP/1.3 (0.8.14.1)"
125.164.220.178 - - [05/Sep/2011:09:49:35 +0700] "GET /debian/dists/sid/non-free/i18n/Index HTTP/1.1" 404 168 "-" "Debian APT-HTTP/1.3 (0.8.14.1)"
174.121.109.50 - - [05/Sep/2011:09:49:35 +0700] "-" 400 0 "-" "-"
125.164.220.178 - - [05/Sep/2011:09:49:36 +0700] "GET /debian-unofficial/dists/sid/Release.gpg HTTP/1.1" 200 489 "-" "Debian APT-HTTP/1.3 (0.8.14.1)"
125.164.220.178 - - [05/Sep/2011:09:49:36 +0700] "GET /debian/dists/experimental/main/binary-i386/Packages.diff/Index HTTP/1.1" 200 2023 "-" "Debian APT-HTTP/1.3 (0.8.14.1)"
125.164.220.178 - - [05/Sep/2011:09:49:36 +0700] "GET /debian/dists/experimental/contrib/binary-i386/Packages.diff/Index HTTP/1.1" 304 0 "-" "Debian APT-HTTP/1.3 (0.8.14.1)"
125.164.220.178 - - [05/Sep/2011:09:49:36 +0700] "GET /debian/dists/experimental/non-free/binary-i386/Packages.diff/Index HTTP/1.1" 304 0 "-" "Debian APT-HTTP/1.3 (0.8.14.1)"
125.164.220.178 - - [05/Sep/2011:09:49:36 +0700] "GET /debian/dists/experimental/contrib/i18n/Index HTTP/1.1" 404 168 "-" "Debian APT-HTTP/1.3 (0.8.14.1)"
125.164.220.178 - - [05/Sep/2011:09:49:36 +0700] "GET /debian/dists/experimental/main/i18n/Index HTTP/1.1" 404 168 "-" "Debian APT-HTTP/1.3 (0.8.14.1)"
125.164.220.178 - - [05/Sep/2011:09:49:36 +0700] "GET /debian/dists/experimental/non-free/i18n/Index HTTP/1.1" 404 168 "-" "Debian APT-HTTP/1.3 (0.8.14.1)"
125.164.220.178 - - [05/Sep/2011:09:49:36 +0700] "GET /debian/dists/sid/main/binary-i386/Packages.diff/2011-09-04-1415.13.gz HTTP/1.1" 200 10195 "-" "Debian APT-HTTP/1.3 (0.8.14.1)"
125.164.220.178 - - [05/Sep/2011:09:49:36 +0700] "GET /debian/dists/sid/contrib/i18n/Translation-en.bz2 HTTP/1.1" 404 168 "-" "Debian APT-HTTP/1.3 (0.8.14.1)"
125.164.220.178 - - [05/Sep/2011:09:49:36 +0700] "GET /debian/dists/sid/non-free/i18n/Translation-en.bz2 HTTP/1.1" 404 168 "-" "Debian APT-HTTP/1.3 (0.8.14.1)"
202.184.138.2 - - [05/Sep/2011:09:49:36 +0700] "GET /bebas/v06/Kuliah/SistemOperasi/BUKU/SistemOperasi-4.X-2/img/c748-f09-ext2_dir.gif HTTP/1.1" 200 59629 "http://kambing.ui.ac.id/bebas/v06/Kuliah/SistemOperasi/BUKU/SistemOperasi-4.X-2/ch21s03.html" "Mozilla/5.0 (Windows NT 5.1; rv:2.0.1) Gecko/20100101 Firefox/4.0.1"
202.184.138.2 - - [05/Sep/2011:09:49:36 +0700] "GET /bebas/v06/Kuliah/SistemOperasi/BUKU/SistemOperasi-4.X-2/img/c748-f10-vfs_ext2.gif HTTP/1.1" 200 41601 "http://kambing.ui.ac.id/bebas/v06/Kuliah/SistemOperasi/BUKU/SistemOperasi-4.X-2/ch21s03.html" "Mozilla/5.0 (Windows NT 5.1; rv:2.0.1) Gecko/20100101 Firefox/4.0.1"
125.164.220.178 - - [05/Sep/2011:09:49:36 +0700] "GET /debian-unofficial/dists/sid/Release HTTP/1.1" 304 0 "-" "Debian APT-HTTP/1.3 (0.8.14.1)"
125.164.220.178 - - [05/Sep/2011:09:49:36 +0700] "GET /debian/dists/experimental/main/binary-i386/Packages.diff/2011-09-04-1415.13.gz HTTP/1.1" 200 3764 "-" "Debian APT-HTTP/1.3 (0.8.14.1)"
125.164.220.178 - - [05/Sep/2011:09:49:36 +0700] "GET /debian/dists/experimental/contrib/i18n/Translation-en.bz2 HTTP/1.1" 404 168 "-" "Debian APT-HTTP/1.3 (0.8.14.1)"
125.164.220.178 - - [05/Sep/2011:09:49:36 +0700] "GET /debian/dists/experimental/main/i18n/Translation-en.bz2 HTTP/1.1" 404 168 "-" "Debian APT-HTTP/1.3 (0.8.14.1)"
125.164.220.178 - - [05/Sep/2011:09:49:36 +0700] "GET /debian/dists/experimental/non-free/i18n/Translation-en.bz2 HTTP/1.1" 404 168 "-" "Debian APT-HTTP/1.3 (0.8.14.1)"
125.164.220.178 - - [05/Sep/2011:09:49:36 +0700] "GET /debian/dists/sid/contrib/i18n/Translation-en.xz HTTP/1.1" 404 168 "-" "Debian APT-HTTP/1.3 (0.8.14.1)"
202.184.138.2 - - [05/Sep/2011:09:49:36 +0700] "GET /bebas/v06/Kuliah/SistemOperasi/BUKU/SistemOperasi-4.X-2/img/c748-f06-VFS_dentry.gif HTTP/1.1" 200 12615 "http://kambing.ui.ac.id/bebas/v06/Kuliah/SistemOperasi/BUKU/SistemOperasi-4.X-2/ch21s02.html" "Mozilla/5.0 (Windows NT 5.1; rv:2.0.1) Gecko/20100101 Firefox/4.0.1"
202.184.138.2 - - [05/Sep/2011:09:49:36 +0700] "GET /bebas/v06/Kuliah/SistemOperasi/BUKU/SistemOperasi-4.X-2/img/c748-f02-VFS_object.gif HTTP/1.1" 206 35975 "http://kambing.ui.ac.id/bebas/v06/Kuliah/SistemOperasi/BUKU/SistemOperasi-4.X-2/ch21s02.html" "Mozilla/5.0 (Windows NT 5.1; rv:2.0.1) Gecko/20100101 Firefox/4.0.1"
125.164.220.178 - - [05/Sep/2011:09:49:36 +0700] "GET /debian/dists/sid/non-free/i18n/Translation-en.xz HTTP/1.1" 404 168 "-" "Debian APT-HTTP/1.3 (0.8.14.1)"
125.164.220.178 - - [05/Sep/2011:09:49:36 +0700] "GET /debian-unofficial/dists/sid/main/binary-i386/Packages.diff/Index HTTP/1.1" 404 168 "-" "Debian APT-HTTP/1.3 (0.8.14.1)"
125.164.220.178 - - [05/Sep/2011:09:49:36 +0700] "GET /debian-unofficial/dists/sid/contrib/binary-i386/Packages.diff/Index HTTP/1.1" 404 168 "-" "Debian APT-HTTP/1.3 (0.8.14.1)"
125.164.220.178 - - [05/Sep/2011:09:49:36 +0700] "GET /debian-unofficial/dists/sid/non-free/binary-i386/Packages.diff/Index HTTP/1.1" 404 168 "-" "Debian APT-HTTP/1.3 (0.8.14.1)"
125.164.220.178 - - [05/Sep/2011:09:49:36 +0700] "GET /debian-unofficial/dists/sid/restricted/binary-i386/Packages.diff/Index HTTP/1.1" 404 168 "-" "Debian APT-HTTP/1.3 (0.8.14.1)"
125.164.220.178 - - [05/Sep/2011:09:49:36 +0700] "GET /debian-unofficial/dists/sid/contrib/i18n/Index HTTP/1.1" 404 168 "-" "Debian APT-HTTP/1.3 (0.8.14.1)"
125.164.220.178 - - [05/Sep/2011:09:49:36 +0700] "GET /debian-unofficial/dists/sid/main/i18n/Index HTTP/1.1" 404 168 "-" "Debian APT-HTTP/1.3 (0.8.14.1)"
125.164.220.178 - - [05/Sep/2011:09:49:36 +0700] "GET /debian-unofficial/dists/sid/non-free/i18n/Index HTTP/1.1" 404 168 "-" "Debian APT-HTTP/1.3 (0.8.14.1)"
125.164.220.178 - - [05/Sep/2011:09:49:37 +0700] "GET /debian-unofficial/dists/sid/restricted/i18n/Index HTTP/1.1" 404 168 "-" "Debian APT-HTTP/1.3 (0.8.14.1)"
125.164.220.178 - - [05/Sep/2011:09:49:37 +0700] "GET /debian/dists/experimental/contrib/i18n/Translation-en.xz HTTP/1.1" 404 168 "-" "Debian APT-HTTP/1.3 (0.8.14.1)"
125.164.220.178 - - [05/Sep/2011:09:49:37 +0700] "GET /debian/dists/experimental/main/i18n/Translation-en.xz HTTP/1.1" 404 168 "-" "Debian APT-HTTP/1.3 (0.8.14.1)"
125.164.220.178 - - [05/Sep/2011:09:49:37 +0700] "GET /debian/dists/experimental/non-free/i18n/Translation-en.xz HTTP/1.1" 404 168 "-" "Debian APT-HTTP/1.3 (0.8.14.1)"
125.164.220.178 - - [05/Sep/2011:09:49:37 +0700] "GET /debian/dists/sid/contrib/i18n/Translation-en.lzma HTTP/1.1" 404 168 "-" "Debian APT-HTTP/1.3 (0.8.14.1)"
125.164.220.178 - - [05/Sep/2011:09:49:37 +0700] "GET /debian/dists/sid/non-free/i18n/Translation-en.lzma HTTP/1.1" 404 168 "-" "Debian APT-HTTP/1.3 (0.8.14.1)"
125.164.220.178 - - [05/Sep/2011:09:49:37 +0700] "GET /debian-unofficial/dists/sid/main/binary-i386/Packages.bz2 HTTP/1.1" 304 0 "-" "Debian APT-HTTP/1.3 (0.8.14.1)"
125.164.220.178 - - [05/Sep/2011:09:49:37 +0700] "GET /debian-unofficial/dists/sid/contrib/binary-i386/Packages.bz2 HTTP/1.1" 304 0 "-" "Debian APT-HTTP/1.3 (0.8.14.1)"
125.164.220.178 - - [05/Sep/2011:09:49:37 +0700] "GET /debian-unofficial/dists/sid/non-free/binary-i386/Packages.bz2 HTTP/1.1" 304 0 "-" "Debian APT-HTTP/1.3 (0.8.14.1)"
125.164.220.178 - - [05/Sep/2011:09:49:37 +0700] "GET /debian-unofficial/dists/sid/restricted/binary-i386/Packages.bz2 HTTP/1.1" 304 0 "-" "Debian APT-HTTP/1.3 (0.8.14.1)"
125.164.220.178 - - [05/Sep/2011:09:49:37 +0700] "GET /debian-unofficial/dists/sid/contrib/i18n/Translation-en.bz2 HTTP/1.1" 404 168 "-" "Debian APT-HTTP/1.3 (0.8.14.1)"
125.164.220.178 - - [05/Sep/2011:09:49:37 +0700] "GET /debian-unofficial/dists/sid/main/i18n/Translation-en.bz2 HTTP/1.1" 404 168 "-" "Debian APT-HTTP/1.3 (0.8.14.1)"
125.164.220.178 - - [05/Sep/2011:09:49:37 +0700] "GET /debian-unofficial/dists/sid/non-free/i18n/Translation-en.bz2 HTTP/1.1" 404 168 "-" "Debian APT-HTTP/1.3 (0.8.14.1)"
125.164.220.178 - - [05/Sep/2011:09:49:37 +0700] "GET /debian-unofficial/dists/sid/restricted/i18n/Translation-en.bz2 HTTP/1.1" 404 168 "-" "Debian APT-HTTP/1.3 (0.8.14.1)"
125.164.220.178 - - [05/Sep/2011:09:49:37 +0700] "GET /debian/dists/experimental/contrib/i18n/Translation-en.lzma HTTP/1.1" 404 168 "-" "Debian APT-HTTP/1.3 (0.8.14.1)"
125.164.220.178 - - [05/Sep/2011:09:49:37 +0700] "GET /debian/dists/experimental/main/i18n/Translation-en.lzma HTTP/1.1" 404 168 "-" "Debian APT-HTTP/1.3 (0.8.14.1)"
125.164.220.178 - - [05/Sep/2011:09:49:37 +0700] "GET /debian/dists/experimental/non-free/i18n/Translation-en.lzma HTTP/1.1" 404 168 "-" "Debian APT-HTTP/1.3 (0.8.14.1)"
125.164.220.178 - - [05/Sep/2011:09:49:37 +0700] "GET /debian/dists/sid/contrib/i18n/Translation-en.gz HTTP/1.1" 404 168 "-" "Debian APT-HTTP/1.3 (0.8.14.1)"
125.164.220.178 - - [05/Sep/2011:09:49:37 +0700] "GET /debian/dists/sid/non-free/i18n/Translation-en.gz HTTP/1.1" 404 168 "-" "Debian APT-HTTP/1.3 (0.8.14.1)"
125.164.220.178 - - [05/Sep/2011:09:49:37 +0700] "GET /debian-unofficial/dists/sid/contrib/i18n/Translation-en.xz HTTP/1.1" 404 168 "-" "Debian APT-HTTP/1.3 (0.8.14.1)"
125.164.220.178 - - [05/Sep/2011:09:49:37 +0700] "GET /debian-unofficial/dists/sid/main/i18n/Translation-en.xz HTTP/1.1" 404 168 "-" "Debian APT-HTTP/1.3 (0.8.14.1)"
125.164.220.178 - - [05/Sep/2011:09:49:37 +0700] "GET /debian-unofficial/dists/sid/non-free/i18n/Translation-en.xz HTTP/1.1" 404 168 "-" "Debian APT-HTTP/1.3 (0.8.14.1)"
125.164.220.178 - - [05/Sep/2011:09:49:37 +0700] "GET /debian-unofficial/dists/sid/restricted/i18n/Translation-en.xz HTTP/1.1" 404 168 "-" "Debian APT-HTTP/1.3 (0.8.14.1)"
125.164.220.178 - - [05/Sep/2011:09:49:37 +0700] "GET /debian/dists/experimental/contrib/i18n/Translation-en.gz HTTP/1.1" 404 168 "-" "Debian APT-HTTP/1.3 (0.8.14.1)"
125.164.220.178 - - [05/Sep/2011:09:49:37 +0700] "GET /debian/dists/experimental/main/i18n/Translation-en.gz HTTP/1.1" 404 168 "-" "Debian APT-HTTP/1.3 (0.8.14.1)"
125.164.220.178 - - [05/Sep/2011:09:49:37 +0700] "GET /debian/dists/experimental/non-free/i18n/Translation-en.gz HTTP/1.1" 404 168 "-" "Debian APT-HTTP/1.3 (0.8.14.1)"
125.164.220.178 - - [05/Sep/2011:09:49:37 +0700] "GET /debian/dists/sid/contrib/i18n/Translation-en HTTP/1.1" 404 168 "-" "Debian APT-HTTP/1.3 (0.8.14.1)"
125.164.220.178 - - [05/Sep/2011:09:49:37 +0700] "GET /debian/dists/sid/non-free/i18n/Translation-en HTTP/1.1" 404 168 "-" "Debian APT-HTTP/1.3 (0.8.14.1)"
125.164.220.178 - - [05/Sep/2011:09:49:37 +0700] "GET /debian-unofficial/dists/sid/contrib/i18n/Translation-en.lzma HTTP/1.1" 404 168 "-" "Debian APT-HTTP/1.3 (0.8.14.1)"
125.164.220.178 - - [05/Sep/2011:09:49:37 +0700] "GET /debian-unofficial/dists/sid/main/i18n/Translation-en.lzma HTTP/1.1" 404 168 "-" "Debian APT-HTTP/1.3 (0.8.14.1)"
125.164.220.178 - - [05/Sep/2011:09:49:37 +0700] "GET /debian-unofficial/dists/sid/non-free/i18n/Translation-en.lzma HTTP/1.1" 404 168 "-" "Debian APT-HTTP/1.3 (0.8.14.1)"
125.164.220.178 - - [05/Sep/2011:09:49:37 +0700] "GET /debian-unofficial/dists/sid/restricted/i18n/Translation-en.lzma HTTP/1.1" 404 168 "-" "Debian APT-HTTP/1.3 (0.8.14.1)"
125.164.220.178 - - [05/Sep/2011:09:49:37 +0700] "GET /debian/dists/experimental/contrib/i18n/Translation-en HTTP/1.1" 404 168 "-" "Debian APT-HTTP/1.3 (0.8.14.1)"
125.164.220.178 - - [05/Sep/2011:09:49:37 +0700] "GET /debian/dists/experimental/main/i18n/Translation-en HTTP/1.1" 404 168 "-" "Debian APT-HTTP/1.3 (0.8.14.1)"
125.164.220.178 - - [05/Sep/2011:09:49:37 +0700] "GET /debian/dists/experimental/non-free/i18n/Translation-en HTTP/1.1" 404 168 "-" "Debian APT-HTTP/1.3 (0.8.14.1)"
125.164.220.178 - - [05/Sep/2011:09:49:37 +0700] "GET /debian-unofficial/dists/sid/contrib/i18n/Translation-en.gz HTTP/1.1" 404 168 "-" "Debian APT-HTTP/1.3 (0.8.14.1)"
125.164.220.178 - - [05/Sep/2011:09:49:37 +0700] "GET /debian-unofficial/dists/sid/main/i18n/Translation-en.gz HTTP/1.1" 404 168 "-" "Debian APT-HTTP/1.3 (0.8.14.1)"
125.164.220.178 - - [05/Sep/2011:09:49:37 +0700] "GET /debian-unofficial/dists/sid/non-free/i18n/Translation-en.gz HTTP/1.1" 404 168 "-" "Debian APT-HTTP/1.3 (0.8.14.1)"
125.164.220.178 - - [05/Sep/2011:09:49:37 +0700] "GET /debian-unofficial/dists/sid/restricted/i18n/Translation-en.gz HTTP/1.1" 404 168 "-" "Debian APT-HTTP/1.3 (0.8.14.1)"
125.164.220.178 - - [05/Sep/2011:09:49:37 +0700] "GET /debian-unofficial/dists/sid/contrib/i18n/Translation-en HTTP/1.1" 404 168 "-" "Debian APT-HTTP/1.3 (0.8.14.1)"
125.164.220.178 - - [05/Sep/2011:09:49:37 +0700] "GET /debian-unofficial/dists/sid/main/i18n/Translation-en HTTP/1.1" 404 168 "-" "Debian APT-HTTP/1.3 (0.8.14.1)"
125.164.220.178 - - [05/Sep/2011:09:49:37 +0700] "GET /debian-unofficial/dists/sid/non-free/i18n/Translation-en HTTP/1.1" 404 168 "-" "Debian APT-HTTP/1.3 (0.8.14.1)"
125.164.220.178 - - [05/Sep/2011:09:49:37 +0700] "GET /debian-unofficial/dists/sid/restricted/i18n/Translation-en HTTP/1.1" 404 168 "-" "Debian APT-HTTP/1.3 (0.8.14.1)"
202.184.138.2 - - [05/Sep/2011:09:49:37 +0700] "GET /bebas/v06/Kuliah/SistemOperasi/BUKU/SistemOperasi-4.X-2/img/c747-f13-DVD_RW.jpg HTTP/1.1" 206 72745 "http://kambing.ui.ac.id/bebas/v06/Kuliah/SistemOperasi/BUKU/SistemOperasi-4.X-2/ch20s08.html" "Mozilla/5.0 (Windows NT 5.1; rv:2.0.1) Gecko/20100101 Firefox/4.0.1"
202.184.138.2 - - [05/Sep/2011:09:49:37 +0700] "GET /bebas/v06/Kuliah/SistemOperasi/BUKU/SistemOperasi-4.X-2/img/c747-f15-ROM_drive.jpg HTTP/1.1" 200 45309 "http://kambing.ui.ac.id/bebas/v06/Kuliah/SistemOperasi/BUKU/SistemOperasi-4.X-2/ch20s08.html" "Mozilla/5.0 (Windows NT 5.1; rv:2.0.1) Gecko/20100101 Firefox/4.0.1"
202.184.138.2 - - [05/Sep/2011:09:49:37 +0700] "GET /bebas/v06/Kuliah/SistemOperasi/BUKU/SistemOperasi-4.X-2/img/c747-f16-tape_drive.jpg HTTP/1.1" 206 34300 "http://kambing.ui.ac.id/bebas/v06/Kuliah/SistemOperasi/BUKU/SistemOperasi-4.X-2/ch20s08.html" "Mozilla/5.0 (Windows NT 5.1; rv:2.0.1) Gecko/20100101 Firefox/4.0.1"
202.184.138.2 - - [05/Sep/2011:09:49:38 +0700] "GET /bebas/v06/Kuliah/SistemOperasi/BUKU/SistemOperasi-4.X-2/img/c747-f03-2.gif HTTP/1.1" 206 16586 "http://kambing.ui.ac.id/bebas/v06/Kuliah/SistemOperasi/BUKU/SistemOperasi-4.X-2/ch20s05.html" "Mozilla/5.0 (Windows NT 5.1; rv:2.0.1) Gecko/20100101 Firefox/4.0.1"
125.164.220.178 - - [05/Sep/2011:09:49:39 +0700] "GET /debian/dists/sid/main/binary-i386/Packages.diff/2011-09-04-2016.20.gz HTTP/1.1" 200 15214 "-" "Debian APT-HTTP/1.3 (0.8.14.1)"
125.164.220.178 - - [05/Sep/2011:09:49:39 +0700] "GET /debian/dists/experimental/main/binary-i386/Packages.diff/2011-09-04-2016.20.gz HTTP/1.1" 200 1305 "-" "Debian APT-HTTP/1.3 (0.8.14.1)"
203.84.154.162 - - [05/Sep/2011:09:49:39 +0700] "GET /ubuntu/dists/maverick/universe/source/Sources.bz2 HTTP/1.0" 200 4178516 "-" "Debian APT-HTTP/1.3 (0.8.3ubuntu7)"
202.184.138.2 - - [05/Sep/2011:09:49:40 +0700] "GET /bebas/v06/Kuliah/SistemOperasi/BUKU/SistemOperasi-4.X-2/img/c747-f07-44.gif HTTP/1.1" 200 32557 "http://kambing.ui.ac.id/bebas/v06/Kuliah/SistemOperasi/BUKU/SistemOperasi-4.X-2/ch20s07.html" "Mozilla/5.0 (Windows NT 5.1; rv:2.0.1) Gecko/20100101 Firefox/4.0.1"
202.184.138.2 - - [05/Sep/2011:09:49:40 +0700] "GET /bebas/v06/Kuliah/SistemOperasi/BUKU/SistemOperasi-4.X-2/img/c747-f09-6.gif HTTP/1.1" 200 34972 "http://kambing.ui.ac.id/bebas/v06/Kuliah/SistemOperasi/BUKU/SistemOperasi-4.X-2/ch20s07.html" "Mozilla/5.0 (Windows NT 5.1; rv:2.0.1) Gecko/20100101 Firefox/4.0.1"
202.184.138.2 - - [05/Sep/2011:09:49:41 +0700] "GET /bebas/v06/Kuliah/SistemOperasi/BUKU/SistemOperasi-4.X-2/img/c745-f01-UnifiedBufferCache.gif HTTP/1.1" 200 18262 "http://kambing.ui.ac.id/bebas/v06/Kuliah/SistemOperasi/BUKU/SistemOperasi-4.X-2/ch18s03.html" "Mozilla/5.0 (Windows NT 5.1; rv:2.0.1) Gecko/20100101 Firefox/4.0.1"
180.76.5.151 - - [05/Sep/2011:09:49:42 +0700] "GET /iso/ubuntu/cdimage/releases/6.06.1/?C=S;O=D HTTP/1.1" 200 891 "-" "Mozilla/5.0 (compatible; Baiduspider/2.0; +http://www.baidu.com/search/spider.html)"
66.249.69.154 - - [05/Sep/2011:09:49:42 +0700] "GET /slacky/slackware-13.37/graphic/ale/0.9.0.3/ale-0.9.0.3-i486-3sl.txt HTTP/1.1" 200 362 "-" "SAMSUNG-SGH-E250/1.0 Profile/MIDP-2.0 Configuration/CLDC-1.1 UP.Browser/6.2.3.3.c.1.101 (GUI) MMP/2.0 (compatible; Googlebot-Mobile/2.1; +http://www.google.com/bot.html)"
66.249.69.154 - - [05/Sep/2011:09:49:43 +0700] "GET /gnu/gcc/gcc-4.5.2/gcc-testsuite-4.5.1-4.5.2.diff.gz.sig HTTP/1.1" 200 280 "-" "Mozilla/5.0 (compatible; Googlebot/2.1; +http://www.google.com/bot.html)"
202.138.244.73 - - [05/Sep/2011:09:49:43 +0700] "GET /ubuntu/dists/maverick/Release.gpg HTTP/1.1" 304 0 "-" "Debian APT-HTTP/1.3 (0.8.3ubuntu7)"
202.138.244.73 - - [05/Sep/2011:09:49:43 +0700] "GET /ubuntu/dists/maverick/main/i18n/Translation-en.bz2 HTTP/1.1" 404 168 "-" "Debian APT-HTTP/1.3 (0.8.3ubuntu7)"
202.138.244.73 - - [05/Sep/2011:09:49:43 +0700] "GET /ubuntu/dists/maverick/main/i18n/Translation-en_US.bz2 HTTP/1.1" 404 168 "-" "Debian APT-HTTP/1.3 (0.8.3ubuntu7)"
202.138.244.73 - - [05/Sep/2011:09:49:43 +0700] "GET /ubuntu/dists/maverick/multiverse/i18n/Translation-en.bz2 HTTP/1.1" 404 168 "-" "Debian APT-HTTP/1.3 (0.8.3ubuntu7)"
202.138.244.73 - - [05/Sep/2011:09:49:43 +0700] "GET /ubuntu/dists/maverick/multiverse/i18n/Translation-en_US.bz2 HTTP/1.1" 404 168 "-" "Debian APT-HTTP/1.3 (0.8.3ubuntu7)"
202.138.244.73 - - [05/Sep/2011:09:49:43 +0700] "GET /ubuntu/dists/maverick/restricted/i18n/Translation-en.bz2 HTTP/1.1" 404 168 "-" "Debian APT-HTTP/1.3 (0.8.3ubuntu7)"
202.138.244.73 - - [05/Sep/2011:09:49:43 +0700] "GET /ubuntu/dists/maverick/restricted/i18n/Translation-en_US.bz2 HTTP/1.1" 404 168 "-" "Debian APT-HTTP/1.3 (0.8.3ubuntu7)"
202.138.244.73 - - [05/Sep/2011:09:49:43 +0700] "GET /ubuntu/dists/maverick/universe/i18n/Translation-en.bz2 HTTP/1.1" 404 168 "-" "Debian APT-HTTP/1.3 (0.8.3ubuntu7)"
202.138.244.73 - - [05/Sep/2011:09:49:43 +0700] "GET /ubuntu/dists/maverick/universe/i18n/Translation-en_US.bz2 HTTP/1.1" 404 168 "-" "Debian APT-HTTP/1.3 (0.8.3ubuntu7)"
202.138.244.73 - - [05/Sep/2011:09:49:43 +0700] "GET /ubuntu/dists/maverick-updates/Release.gpg HTTP/1.1" 200 198 "-" "Debian APT-HTTP/1.3 (0.8.3ubuntu7)"
202.138.244.73 - - [05/Sep/2011:09:49:43 +0700] "GET /ubuntu/dists/maverick-updates/main/i18n/Translation-en.bz2 HTTP/1.1" 404 168 "-" "Debian APT-HTTP/1.3 (0.8.3ubuntu7)"
202.138.244.73 - - [05/Sep/2011:09:49:43 +0700] "GET /ubuntu/dists/maverick-updates/main/i18n/Translation-en_US.bz2 HTTP/1.1" 404 168 "-" "Debian APT-HTTP/1.3 (0.8.3ubuntu7)"
202.138.244.73 - - [05/Sep/2011:09:49:43 +0700] "GET /ubuntu/dists/maverick-updates/multiverse/i18n/Translation-en.bz2 HTTP/1.1" 404 168 "-" "Debian APT-HTTP/1.3 (0.8.3ubuntu7)"
202.138.244.73 - - [05/Sep/2011:09:49:43 +0700] "GET /ubuntu/dists/maverick-updates/multiverse/i18n/Translation-en_US.bz2 HTTP/1.1" 404 168 "-" "Debian APT-HTTP/1.3 (0.8.3ubuntu7)"
202.138.244.73 - - [05/Sep/2011:09:49:43 +0700] "GET /ubuntu/dists/maverick-updates/restricted/i18n/Translation-en.bz2 HTTP/1.1" 404 168 "-" "Debian APT-HTTP/1.3 (0.8.3ubuntu7)"
202.138.244.73 - - [05/Sep/2011:09:49:43 +0700] "GET /ubuntu/dists/maverick-updates/restricted/i18n/Translation-en_US.bz2 HTTP/1.1" 404 168 "-" "Debian APT-HTTP/1.3 (0.8.3ubuntu7)"
202.138.244.73 - - [05/Sep/2011:09:49:43 +0700] "GET /ubuntu/dists/maverick-updates/universe/i18n/Translation-en.bz2 HTTP/1.1" 404 168 "-" "Debian APT-HTTP/1.3 (0.8.3ubuntu7)"
202.138.244.73 - - [05/Sep/2011:09:49:43 +0700] "GET /ubuntu/dists/maverick-updates/universe/i18n/Translation-en_US.bz2 HTTP/1.1" 404 168 "-" "Debian APT-HTTP/1.3 (0.8.3ubuntu7)"
202.138.244.73 - - [05/Sep/2011:09:49:43 +0700] "GET /ubuntu/dists/maverick-security/Release.gpg HTTP/1.1" 200 198 "-" "Debian APT-HTTP/1.3 (0.8.3ubuntu7)"
202.138.244.73 - - [05/Sep/2011:09:49:43 +0700] "GET /ubuntu/dists/maverick-security/main/i18n/Translation-en.bz2 HTTP/1.1" 404 168 "-" "Debian APT-HTTP/1.3 (0.8.3ubuntu7)"
202.138.244.73 - - [05/Sep/2011:09:49:43 +0700] "GET /ubuntu/dists/maverick-security/main/i18n/Translation-en_US.bz2 HTTP/1.1" 404 168 "-" "Debian APT-HTTP/1.3 (0.8.3ubuntu7)"
202.138.244.73 - - [05/Sep/2011:09:49:43 +0700] "GET /ubuntu/dists/maverick-security/multiverse/i18n/Translation-en.bz2 HTTP/1.1" 404 168 "-" "Debian APT-HTTP/1.3 (0.8.3ubuntu7)"
202.138.244.73 - - [05/Sep/2011:09:49:43 +0700] "GET /ubuntu/dists/maverick-security/multiverse/i18n/Translation-en_US.bz2 HTTP/1.1" 404 168 "-" "Debian APT-HTTP/1.3 (0.8.3ubuntu7)"
202.138.244.73 - - [05/Sep/2011:09:49:43 +0700] "GET /ubuntu/dists/maverick-security/restricted/i18n/Translation-en.bz2 HTTP/1.1" 404 168 "-" "Debian APT-HTTP/1.3 (0.8.3ubuntu7)"
202.138.244.73 - - [05/Sep/2011:09:49:43 +0700] "GET /ubuntu/dists/maverick-security/restricted/i18n/Translation-en_US.bz2 HTTP/1.1" 404 168 "-" "Debian APT-HTTP/1.3 (0.8.3ubuntu7)"
202.138.244.73 - - [05/Sep/2011:09:49:43 +0700] "GET /ubuntu/dists/maverick-security/universe/i18n/Translation-en.bz2 HTTP/1.1" 404 168 "-" "Debian APT-HTTP/1.3 (0.8.3ubuntu7)"
202.138.244.73 - - [05/Sep/2011:09:49:43 +0700] "GET /ubuntu/dists/maverick-security/universe/i18n/Translation-en_US.bz2 HTTP/1.1" 404 168 "-" "Debian APT-HTTP/1.3 (0.8.3ubuntu7)"
202.138.244.73 - - [05/Sep/2011:09:49:43 +0700] "GET /ubuntu/dists/maverick/Release HTTP/1.1" 304 0 "-" "Debian APT-HTTP/1.3 (0.8.3ubuntu7)"
202.138.244.73 - - [05/Sep/2011:09:49:43 +0700] "GET /ubuntu/dists/maverick-updates/Release HTTP/1.1" 200 31364 "-" "Debian APT-HTTP/1.3 (0.8.3ubuntu7)"
202.138.244.73 - - [05/Sep/2011:09:49:43 +0700] "GET /ubuntu/dists/maverick-security/Release HTTP/1.1" 200 31366 "-" "Debian APT-HTTP/1.3 (0.8.3ubuntu7)"
66.249.69.154 - - [05/Sep/2011:09:49:43 +0700] "GET /gnuftp/pub/old-gnu/Manuals/autoconf-2.57/html_node/autoconf_72.html HTTP/1.1" 200 1901 "-" "Mozilla/5.0 (compatible; Googlebot/2.1; +http://www.google.com/bot.html)"
202.138.244.73 - - [05/Sep/2011:09:49:43 +0700] "GET /ubuntu/dists/maverick/main/source/Sources.bz2 HTTP/1.1" 304 0 "-" "Debian APT-HTTP/1.3 (0.8.3ubuntu7)"
202.138.244.73 - - [05/Sep/2011:09:49:43 +0700] "GET /ubuntu/dists/maverick/restricted/source/Sources.bz2 HTTP/1.1" 304 0 "-" "Debian APT-HTTP/1.3 (0.8.3ubuntu7)"
202.138.244.73 - - [05/Sep/2011:09:49:43 +0700] "GET /ubuntu/dists/maverick/universe/source/Sources.bz2 HTTP/1.1" 304 0 "-" "Debian APT-HTTP/1.3 (0.8.3ubuntu7)"
202.138.244.73 - - [05/Sep/2011:09:49:43 +0700] "GET /ubuntu/dists/maverick/multiverse/source/Sources.bz2 HTTP/1.1" 304 0 "-" "Debian APT-HTTP/1.3 (0.8.3ubuntu7)"
202.138.244.73 - - [05/Sep/2011:09:49:43 +0700] "GET /ubuntu/dists/maverick/main/binary-i386/Packages.bz2 HTTP/1.1" 304 0 "-" "Debian APT-HTTP/1.3 (0.8.3ubuntu7)"
202.138.244.73 - - [05/Sep/2011:09:49:43 +0700] "GET /ubuntu/dists/maverick/restricted/binary-i386/Packages.bz2 HTTP/1.1" 304 0 "-" "Debian APT-HTTP/1.3 (0.8.3ubuntu7)"
202.138.244.73 - - [05/Sep/2011:09:49:43 +0700] "GET /ubuntu/dists/maverick/universe/binary-i386/Packages.bz2 HTTP/1.1" 304 0 "-" "Debian APT-HTTP/1.3 (0.8.3ubuntu7)"
202.138.244.73 - - [05/Sep/2011:09:49:43 +0700] "GET /ubuntu/dists/maverick/multiverse/binary-i386/Packages.bz2 HTTP/1.1" 304 0 "-" "Debian APT-HTTP/1.3 (0.8.3ubuntu7)"
202.138.244.73 - - [05/Sep/2011:09:49:43 +0700] "GET /ubuntu/dists/maverick-updates/main/source/Sources.bz2 HTTP/1.1" 200 138563 "-" "Debian APT-HTTP/1.3 (0.8.3ubuntu7)"
202.138.244.73 - - [05/Sep/2011:09:49:43 +0700] "GET /ubuntu/dists/maverick-updates/restricted/source/Sources.bz2 HTTP/1.1" 200 778 "-" "Debian APT-HTTP/1.3 (0.8.3ubuntu7)"
202.138.244.73 - - [05/Sep/2011:09:49:43 +0700] "GET /ubuntu/dists/maverick-updates/universe/source/Sources.bz2 HTTP/1.1" 200 47871 "-" "Debian APT-HTTP/1.3 (0.8.3ubuntu7)"
202.138.244.73 - - [05/Sep/2011:09:49:43 +0700] "GET /ubuntu/dists/maverick-updates/multiverse/source/Sources.bz2 HTTP/1.1" 200 2501 "-" "Debian APT-HTTP/1.3 (0.8.3ubuntu7)"
66.249.69.154 - - [05/Sep/2011:09:49:44 +0700] "GET /gnu/gcc/gcc-4.4.0/gcc-objc-4.3.3-4.4.0.diff.bz2.sig HTTP/1.1" 200 72 "-" "Mozilla/5.0 (compatible; Googlebot/2.1; +http://www.google.com/bot.html)"
202.138.244.73 - - [05/Sep/2011:09:49:44 +0700] "GET /ubuntu/dists/maverick-updates/main/binary-i386/Packages.bz2 HTTP/1.1" 200 381222 "-" "Debian APT-HTTP/1.3 (0.8.3ubuntu7)"
202.138.244.73 - - [05/Sep/2011:09:49:44 +0700] "GET /ubuntu/dists/maverick-updates/restricted/binary-i386/Packages.bz2 HTTP/1.1" 200 1797 "-" "Debian APT-HTTP/1.3 (0.8.3ubuntu7)"
66.249.69.154 - - [05/Sep/2011:09:49:44 +0700] "GET /kernel.org/linux/kernel/people/marcelo/linux-2.4/drivers/ieee1394/ HTTP/1.1" 200 1078 "-" "Mozilla/5.0 (compatible; Googlebot/2.1; +http://www.google.com/bot.html)"
202.138.244.73 - - [05/Sep/2011:09:49:45 +0700] "GET /ubuntu/dists/maverick-updates/universe/binary-i386/Packages.bz2 HTTP/1.1" 200 157082 "-" "Debian APT-HTTP/1.3 (0.8.3ubuntu7)"
202.138.244.73 - - [05/Sep/2011:09:49:45 +0700] "GET /ubuntu/dists/maverick-updates/multiverse/binary-i386/Packages.bz2 HTTP/1.1" 200 5187 "-" "Debian APT-HTTP/1.3 (0.8.3ubuntu7)"
202.138.244.73 - - [05/Sep/2011:09:49:45 +0700] "GET /ubuntu/dists/maverick-security/main/source/Sources.bz2 HTTP/1.1" 200 47614 "-" "Debian APT-HTTP/1.3 (0.8.3ubuntu7)"
202.138.244.73 - - [05/Sep/2011:09:49:45 +0700] "GET /ubuntu/dists/maverick-security/restricted/source/Sources.bz2 HTTP/1.1" 200 14 "-" "Debian APT-HTTP/1.3 (0.8.3ubuntu7)"
202.138.244.73 - - [05/Sep/2011:09:49:45 +0700] "GET /ubuntu/dists/maverick-security/universe/source/Sources.bz2 HTTP/1.1" 200 20499 "-" "Debian APT-HTTP/1.3 (0.8.3ubuntu7)"
202.138.244.73 - - [05/Sep/2011:09:49:45 +0700] "GET /ubuntu/dists/maverick-security/multiverse/source/Sources.bz2 HTTP/1.1" 200 1764 "-" "Debian APT-HTTP/1.3 (0.8.3ubuntu7)"
202.138.244.73 - - [05/Sep/2011:09:49:45 +0700] "GET /ubuntu/dists/maverick-security/main/binary-i386/Packages.bz2 HTTP/1.1" 200 158549 "-" "Debian APT-HTTP/1.3 (0.8.3ubuntu7)"
202.138.244.73 - - [05/Sep/2011:09:49:45 +0700] "GET /ubuntu/dists/maverick-security/restricted/binary-i386/Packages.bz2 HTTP/1.1" 200 14 "-" "Debian APT-HTTP/1.3 (0.8.3ubuntu7)"
66.249.69.154 - - [05/Sep/2011:09:49:45 +0700] "GET /gnu/gcc/gcc-4.4.0/gcc-fortran-4.4.0.tar.bz2.sig HTTP/1.1" 200 72 "-" "Mozilla/5.0 (compatible; Googlebot/2.1; +http://www.google.com/bot.html)"
117.102.107.98 - - [05/Sep/2011:09:49:45 +0700] "GET /iso/garuda/ HTTP/1.1" 200 676 "http://www.garudaone.com/garuda-os/download-garuda/" "Mozilla/4.0 (compatible; MSIE 8.0; Windows NT 5.1; Trident/4.0)"
117.102.107.98 - - [05/Sep/2011:09:49:45 +0700] "GET /favicon.ico HTTP/1.1" 404 570 "-" "Mozilla/4.0 (compatible; MSIE 8.0; Windows NT 5.1; Trident/4.0)"
67.215.244.52 - - [05/Sep/2011:09:49:45 +0700] "-" 400 0 "-" "-"
202.138.244.73 - - [05/Sep/2011:09:49:45 +0700] "GET /ubuntu/dists/maverick-security/universe/binary-i386/Packages.bz2 HTTP/1.1" 200 77931 "-" "Debian APT-HTTP/1.3 (0.8.3ubuntu7)"
202.138.244.73 - - [05/Sep/2011:09:49:45 +0700] "GET /ubuntu/dists/maverick-security/multiverse/binary-i386/Packages.bz2 HTTP/1.1" 200 3742 "-" "Debian APT-HTTP/1.3 (0.8.3ubuntu7)"
66.249.69.154 - - [05/Sep/2011:09:49:45 +0700] "GET /gnu/gcc/gcc-3.4.0/gcc-testsuite-3.4.0.tar.gz.sig HTTP/1.1" 200 65 "-" "Mozilla/5.0 (compatible; Googlebot/2.1; +http://www.google.com/bot.html)"
117.102.102.246 - - [05/Sep/2011:09:49:46 +0700] "GET /iso/ubuntu/releases/natty/ubuntu-11.04-desktop-i386.iso HTTP/1.0" 206 311576 "http://kambing.ui.ac.id/iso/ubuntu/releases/natty/" "Mozilla/4.0 (compatible; MSIE 6.0; Windows NT 5.0)"
66.249.69.154 - - [05/Sep/2011:09:49:46 +0700] "GET /linux/people/arnd/patches/2.6.18-arnd5/ HTTP/1.1" 200 771 "-" "Mozilla/5.0 (compatible; Googlebot/2.1; +http://www.google.com/bot.html)"
118.98.212.109 - - [05/Sep/2011:09:49:46 +0700] "GET /ubuntu/dists/natty/InRelease HTTP/1.0" 404 168 "-" "Debian APT-HTTP/1.3 (0.8.13.2ubuntu2)"
118.98.212.109 - - [05/Sep/2011:09:49:46 +0700] "GET /ubuntu/dists/natty-updates/InRelease HTTP/1.0" 404 168 "-" "Debian APT-HTTP/1.3 (0.8.13.2ubuntu2)"
118.98.212.109 - - [05/Sep/2011:09:49:46 +0700] "GET /ubuntu/dists/natty-security/InRelease HTTP/1.0" 404 168 "-" "Debian APT-HTTP/1.3 (0.8.13.2ubuntu2)"
118.98.212.109 - - [05/Sep/2011:09:49:46 +0700] "GET /ubuntu/dists/natty-backports/InRelease HTTP/1.0" 404 168 "-" "Debian APT-HTTP/1.3 (0.8.13.2ubuntu2)"
118.98.212.109 - - [05/Sep/2011:09:49:46 +0700] "GET /ubuntu/dists/natty-proposed/InRelease HTTP/1.0" 404 168 "-" "Debian APT-HTTP/1.3 (0.8.13.2ubuntu2)"
66.249.69.154 - - [05/Sep/2011:09:49:46 +0700] "GET /debian/dists/squeeze-updates/Release HTTP/1.1" 200 113464 "-" "Mozilla/5.0 (compatible; Googlebot/2.1; +http://www.google.com/bot.html)"
118.98.212.109 - - [05/Sep/2011:09:49:46 +0700] "GET /ubuntu/dists/natty/Release.gpg HTTP/1.0" 304 0 "-" "Debian APT-HTTP/1.3 (0.8.13.2ubuntu2)"
118.98.212.109 - - [05/Sep/2011:09:49:46 +0700] "GET /ubuntu/dists/natty-updates/Release.gpg HTTP/1.0" 304 0 "-" "Debian APT-HTTP/1.3 (0.8.13.2ubuntu2)"
202.3.219.162 - - [05/Sep/2011:09:49:46 +0700] "GET /cygwin//setup.bz2 HTTP/1.1" 200 270258 "-" "Mozilla/4.0 (compatible;)"
118.98.212.109 - - [05/Sep/2011:09:49:46 +0700] "GET /ubuntu/dists/natty-security/Release.gpg HTTP/1.0" 304 0 "-" "Debian APT-HTTP/1.3 (0.8.13.2ubuntu2)"
118.98.212.109 - - [05/Sep/2011:09:49:46 +0700] "GET /ubuntu/dists/natty-backports/Release.gpg HTTP/1.0" 304 0 "-" "Debian APT-HTTP/1.3 (0.8.13.2ubuntu2)"
118.98.212.109 - - [05/Sep/2011:09:49:46 +0700] "GET /ubuntu/dists/natty-proposed/Release.gpg HTTP/1.0" 304 0 "-" "Debian APT-HTTP/1.3 (0.8.13.2ubuntu2)"
118.98.212.109 - - [05/Sep/2011:09:49:46 +0700] "GET /ubuntu/dists/natty/Release HTTP/1.0" 304 0 "-" "Debian APT-HTTP/1.3 (0.8.13.2ubuntu2)"
118.98.212.109 - - [05/Sep/2011:09:49:46 +0700] "GET /ubuntu/dists/natty-updates/Release HTTP/1.0" 304 0 "-" "Debian APT-HTTP/1.3 (0.8.13.2ubuntu2)"
118.98.212.109 - - [05/Sep/2011:09:49:46 +0700] "GET /ubuntu/dists/natty-security/Release HTTP/1.0" 304 0 "-" "Debian APT-HTTP/1.3 (0.8.13.2ubuntu2)"
118.98.212.109 - - [05/Sep/2011:09:49:46 +0700] "GET /ubuntu/dists/natty-backports/Release HTTP/1.0" 304 0 "-" "Debian APT-HTTP/1.3 (0.8.13.2ubuntu2)"
118.98.212.109 - - [05/Sep/2011:09:49:46 +0700] "GET /ubuntu/dists/natty-proposed/Release HTTP/1.0" 304 0 "-" "Debian APT-HTTP/1.3 (0.8.13.2ubuntu2)"
118.98.212.109 - - [05/Sep/2011:09:49:47 +0700] "GET /ubuntu/dists/natty/main/binary-amd64/Packages.bz2 HTTP/1.0" 304 0 "-" "Debian APT-HTTP/1.3 (0.8.13.2ubuntu2)"
118.98.212.109 - - [05/Sep/2011:09:49:47 +0700] "GET /ubuntu/dists/natty/restricted/binary-amd64/Packages.bz2 HTTP/1.0" 304 0 "-" "Debian APT-HTTP/1.3 (0.8.13.2ubuntu2)"
118.98.212.109 - - [05/Sep/2011:09:49:47 +0700] "GET /ubuntu/dists/natty/universe/binary-amd64/Packages.bz2 HTTP/1.0" 304 0 "-" "Debian APT-HTTP/1.3 (0.8.13.2ubuntu2)"
118.98.212.109 - - [05/Sep/2011:09:49:47 +0700] "GET /ubuntu/dists/natty/multiverse/binary-amd64/Packages.bz2 HTTP/1.0" 304 0 "-" "Debian APT-HTTP/1.3 (0.8.13.2ubuntu2)"
118.98.212.109 - - [05/Sep/2011:09:49:47 +0700] "GET /ubuntu/dists/natty/main/i18n/Index HTTP/1.0" 404 168 "-" "Debian APT-HTTP/1.3 (0.8.13.2ubuntu2)"
118.98.212.109 - - [05/Sep/2011:09:49:47 +0700] "GET /ubuntu/dists/natty/multiverse/i18n/Index HTTP/1.0" 404 168 "-" "Debian APT-HTTP/1.3 (0.8.13.2ubuntu2)"
118.98.212.109 - - [05/Sep/2011:09:49:47 +0700] "GET /ubuntu/dists/natty/restricted/i18n/Index HTTP/1.0" 404 168 "-" "Debian APT-HTTP/1.3 (0.8.13.2ubuntu2)"
118.98.212.109 - - [05/Sep/2011:09:49:47 +0700] "GET /ubuntu/dists/natty/universe/i18n/Index HTTP/1.0" 404 168 "-" "Debian APT-HTTP/1.3 (0.8.13.2ubuntu2)"
118.98.212.109 - - [05/Sep/2011:09:49:47 +0700] "GET /ubuntu/dists/natty-updates/main/binary-amd64/Packages.bz2 HTTP/1.0" 304 0 "-" "Debian APT-HTTP/1.3 (0.8.13.2ubuntu2)"
118.98.212.109 - - [05/Sep/2011:09:49:47 +0700] "GET /ubuntu/dists/natty-updates/restricted/binary-amd64/Packages.bz2 HTTP/1.0" 304 0 "-" "Debian APT-HTTP/1.3 (0.8.13.2ubuntu2)"
118.98.212.109 - - [05/Sep/2011:09:49:47 +0700] "GET /ubuntu/dists/natty-updates/universe/binary-amd64/Packages.bz2 HTTP/1.0" 304 0 "-" "Debian APT-HTTP/1.3 (0.8.13.2ubuntu2)"
118.98.212.109 - - [05/Sep/2011:09:49:47 +0700] "GET /ubuntu/dists/natty-updates/multiverse/binary-amd64/Packages.bz2 HTTP/1.0" 304 0 "-" "Debian APT-HTTP/1.3 (0.8.13.2ubuntu2)"
118.98.212.109 - - [05/Sep/2011:09:49:47 +0700] "GET /ubuntu/dists/natty-updates/main/i18n/Index HTTP/1.0" 404 168 "-" "Debian APT-HTTP/1.3 (0.8.13.2ubuntu2)"
118.98.212.109 - - [05/Sep/2011:09:49:47 +0700] "GET /ubuntu/dists/natty-updates/multiverse/i18n/Index HTTP/1.0" 404 168 "-" "Debian APT-HTTP/1.3 (0.8.13.2ubuntu2)"
118.98.212.109 - - [05/Sep/2011:09:49:47 +0700] "GET /ubuntu/dists/natty-updates/restricted/i18n/Index HTTP/1.0" 404 168 "-" "Debian APT-HTTP/1.3 (0.8.13.2ubuntu2)"
118.98.212.109 - - [05/Sep/2011:09:49:47 +0700] "GET /ubuntu/dists/natty-updates/universe/i18n/Index HTTP/1.0" 404 168 "-" "Debian APT-HTTP/1.3 (0.8.13.2ubuntu2)"
118.98.212.109 - - [05/Sep/2011:09:49:47 +0700] "GET /ubuntu/dists/natty-security/main/binary-amd64/Packages.bz2 HTTP/1.0" 304 0 "-" "Debian APT-HTTP/1.3 (0.8.13.2ubuntu2)"
118.98.212.109 - - [05/Sep/2011:09:49:47 +0700] "GET /ubuntu/dists/natty-security/restricted/binary-amd64/Packages.bz2 HTTP/1.0" 304 0 "-" "Debian APT-HTTP/1.3 (0.8.13.2ubuntu2)"
125.162.37.75 - - [05/Sep/2011:09:49:47 +0700] "GET /iso/ubuntu-repository/10.10/ubuntu-10.10-repository-i386-3_contrib.iso HTTP/1.0" 206 415878 "http://kambing.ui.ac.id/iso/ubuntu-repository/10.10/" "Mozilla/4.0 (compatible; MSIE 8.0; Windows NT 6.0)"
118.98.212.109 - - [05/Sep/2011:09:49:47 +0700] "GET /ubuntu/dists/natty-security/universe/binary-amd64/Packages.bz2 HTTP/1.0" 304 0 "-" "Debian APT-HTTP/1.3 (0.8.13.2ubuntu2)"
180.76.5.169 - - [05/Sep/2011:09:49:47 +0700] "GET /mozilla/addons/11243/skipscreen-0.4.4.0a-fx.xpi HTTP/1.1" 200 54822 "-" "Mozilla/5.0 (compatible; Baiduspider/2.0; +http://www.baidu.com/search/spider.html)"
118.98.212.109 - - [05/Sep/2011:09:49:47 +0700] "GET /ubuntu/dists/natty-security/multiverse/binary-amd64/Packages.bz2 HTTP/1.0" 304 0 "-" "Debian APT-HTTP/1.3 (0.8.13.2ubuntu2)"
118.96.64.99 - - [05/Sep/2011:09:49:47 +0700] "GET /ubuntu/pool/main/x/xulrunner-1.9.2/xulrunner-1.9.2_1.9.2.21+build1+nobinonly-0ubuntu0.10.04.1_i386.deb HTTP/1.1" 206 7453596 "-" "Ubuntu APT-HTTP/1.3 (0.7.25.3ubuntu9.6)"
66.249.69.154 - - [05/Sep/2011:09:49:47 +0700] "GET /kernel.org/linux/kernel/people/lenb/acpi/patches/test/2.6.15/ HTTP/1.1" 200 982 "-" "Mozilla/5.0 (compatible; Googlebot/2.1; +http://www.google.com/bot.html)"
118.98.212.109 - - [05/Sep/2011:09:49:47 +0700] "GET /ubuntu/dists/natty-security/main/i18n/Index HTTP/1.0" 404 168 "-" "Debian APT-HTTP/1.3 (0.8.13.2ubuntu2)"
118.98.212.109 - - [05/Sep/2011:09:49:47 +0700] "GET /ubuntu/dists/natty-security/multiverse/i18n/Index HTTP/1.0" 404 168 "-" "Debian APT-HTTP/1.3 (0.8.13.2ubuntu2)"
118.98.212.109 - - [05/Sep/2011:09:49:47 +0700] "GET /ubuntu/dists/natty-security/restricted/i18n/Index HTTP/1.0" 404 168 "-" "Debian APT-HTTP/1.3 (0.8.13.2ubuntu2)"
118.98.212.109 - - [05/Sep/2011:09:49:47 +0700] "GET /ubuntu/dists/natty-security/universe/i18n/Index HTTP/1.0" 404 168 "-" "Debian APT-HTTP/1.3 (0.8.13.2ubuntu2)"
118.98.212.109 - - [05/Sep/2011:09:49:47 +0700] "GET /ubuntu/dists/natty-backports/main/binary-amd64/Packages.bz2 HTTP/1.0" 304 0 "-" "Debian APT-HTTP/1.3 (0.8.13.2ubuntu2)"
118.98.212.109 - - [05/Sep/2011:09:49:47 +0700] "GET /ubuntu/dists/natty-backports/restricted/binary-amd64/Packages.bz2 HTTP/1.0" 304 0 "-" "Debian APT-HTTP/1.3 (0.8.13.2ubuntu2)"
118.98.212.109 - - [05/Sep/2011:09:49:47 +0700] "GET /ubuntu/dists/natty-backports/universe/binary-amd64/Packages.bz2 HTTP/1.0" 304 0 "-" "Debian APT-HTTP/1.3 (0.8.13.2ubuntu2)"
118.98.212.109 - - [05/Sep/2011:09:49:47 +0700] "GET /ubuntu/dists/natty-backports/multiverse/binary-amd64/Packages.bz2 HTTP/1.0" 304 0 "-" "Debian APT-HTTP/1.3 (0.8.13.2ubuntu2)"
118.98.212.109 - - [05/Sep/2011:09:49:48 +0700] "GET /ubuntu/dists/natty-backports/main/i18n/Index HTTP/1.0" 404 168 "-" "Debian APT-HTTP/1.3 (0.8.13.2ubuntu2)"
118.98.212.109 - - [05/Sep/2011:09:49:48 +0700] "GET /ubuntu/dists/natty-backports/multiverse/i18n/Index HTTP/1.0" 404 168 "-" "Debian APT-HTTP/1.3 (0.8.13.2ubuntu2)"
118.98.212.109 - - [05/Sep/2011:09:49:48 +0700] "GET /ubuntu/dists/natty-backports/restricted/i18n/Index HTTP/1.0" 404 168 "-" "Debian APT-HTTP/1.3 (0.8.13.2ubuntu2)"
66.249.69.154 - - [05/Sep/2011:09:49:48 +0700] "GET /gnu/gcc/gcc-3.4.0/gcc-ada-3.4.0.tar.gz.sig HTTP/1.1" 200 65 "-" "Mozilla/5.0 (compatible; Googlebot/2.1; +http://www.google.com/bot.html)"
118.98.212.109 - - [05/Sep/2011:09:49:48 +0700] "GET /ubuntu/dists/natty-backports/universe/i18n/Index HTTP/1.0" 404 168 "-" "Debian APT-HTTP/1.3 (0.8.13.2ubuntu2)"
118.98.212.109 - - [05/Sep/2011:09:49:48 +0700] "GET /ubuntu/dists/natty/main/i18n/Translation-en.bz2 HTTP/1.0" 404 168 "-" "Debian APT-HTTP/1.3 (0.8.13.2ubuntu2)"
118.98.212.109 - - [05/Sep/2011:09:49:48 +0700] "GET /ubuntu/dists/natty/main/i18n/Translation-id.bz2 HTTP/1.0" 304 0 "-" "Debian APT-HTTP/1.3 (0.8.13.2ubuntu2)"
118.98.212.109 - - [05/Sep/2011:09:49:48 +0700] "GET /ubuntu/dists/natty-proposed/main/binary-amd64/Packages.bz2 HTTP/1.0" 304 0 "-" "Debian APT-HTTP/1.3 (0.8.13.2ubuntu2)"
118.98.212.109 - - [05/Sep/2011:09:49:48 +0700] "GET /ubuntu/dists/natty-proposed/restricted/binary-amd64/Packages.bz2 HTTP/1.0" 304 0 "-" "Debian APT-HTTP/1.3 (0.8.13.2ubuntu2)"
118.98.212.109 - - [05/Sep/2011:09:49:48 +0700] "GET /ubuntu/dists/natty-proposed/universe/binary-amd64/Packages.bz2 HTTP/1.0" 304 0 "-" "Debian APT-HTTP/1.3 (0.8.13.2ubuntu2)"
118.98.212.109 - - [05/Sep/2011:09:49:48 +0700] "GET /ubuntu/dists/natty-proposed/multiverse/binary-amd64/Packages.bz2 HTTP/1.0" 304 0 "-" "Debian APT-HTTP/1.3 (0.8.13.2ubuntu2)"
118.98.212.109 - - [05/Sep/2011:09:49:48 +0700] "GET /ubuntu/dists/natty-proposed/main/i18n/Index HTTP/1.0" 404 168 "-" "Debian APT-HTTP/1.3 (0.8.13.2ubuntu2)"
118.98.212.109 - - [05/Sep/2011:09:49:48 +0700] "GET /ubuntu/dists/natty-proposed/multiverse/i18n/Index HTTP/1.0" 404 168 "-" "Debian APT-HTTP/1.3 (0.8.13.2ubuntu2)"
118.98.212.109 - - [05/Sep/2011:09:49:48 +0700] "GET /ubuntu/dists/natty-proposed/restricted/i18n/Index HTTP/1.0" 404 168 "-" "Debian APT-HTTP/1.3 (0.8.13.2ubuntu2)"
118.98.212.109 - - [05/Sep/2011:09:49:48 +0700] "GET /ubuntu/dists/natty-proposed/universe/i18n/Index HTTP/1.0" 404 168 "-" "Debian APT-HTTP/1.3 (0.8.13.2ubuntu2)"
118.98.212.109 - - [05/Sep/2011:09:49:48 +0700] "GET /ubuntu/dists/natty/multiverse/i18n/Translation-en.bz2 HTTP/1.0" 404 168 "-" "Debian APT-HTTP/1.3 (0.8.13.2ubuntu2)"
118.98.212.109 - - [05/Sep/2011:09:49:48 +0700] "GET /ubuntu/dists/natty/multiverse/i18n/Translation-id.bz2 HTTP/1.0" 304 0 "-" "Debian APT-HTTP/1.3 (0.8.13.2ubuntu2)"
118.98.212.109 - - [05/Sep/2011:09:49:48 +0700] "GET /ubuntu/dists/natty/restricted/i18n/Translation-en.bz2 HTTP/1.0" 404 168 "-" "Debian APT-HTTP/1.3 (0.8.13.2ubuntu2)"
118.98.212.109 - - [05/Sep/2011:09:49:48 +0700] "GET /ubuntu/dists/natty/restricted/i18n/Translation-id.bz2 HTTP/1.0" 304 0 "-" "Debian APT-HTTP/1.3 (0.8.13.2ubuntu2)"
118.98.212.109 - - [05/Sep/2011:09:49:48 +0700] "GET /ubuntu/dists/natty/universe/i18n/Translation-en.bz2 HTTP/1.0" 404 168 "-" "Debian APT-HTTP/1.3 (0.8.13.2ubuntu2)"
118.98.212.109 - - [05/Sep/2011:09:49:48 +0700] "GET /ubuntu/dists/natty/universe/i18n/Translation-id.bz2 HTTP/1.0" 304 0 "-" "Debian APT-HTTP/1.3 (0.8.13.2ubuntu2)"
