202.153.232.82 - - [05/Sep/2011:09:47:06 +0700] "GET /ubuntu/dists/lucid-backports/Release HTTP/1.1" 304 0 "-" "Ubuntu APT-HTTP/1.3 (0.7.25.3ubuntu9.1)"
202.153.232.82 - - [05/Sep/2011:09:47:06 +0700] "GET /ubuntu/dists/lucid-proposed/Release HTTP/1.1" 304 0 "-" "Ubuntu APT-HTTP/1.3 (0.7.25.3ubuntu9.1)"
202.153.232.82 - - [05/Sep/2011:09:47:06 +0700] "GET /ubuntu/dists/lucid/main/binary-i386/Packages.bz2 HTTP/1.1" 304 0 "-" "Ubuntu APT-HTTP/1.3 (0.7.25.3ubuntu9.1)"
202.153.232.82 - - [05/Sep/2011:09:47:06 +0700] "GET /ubuntu/dists/lucid/restricted/binary-i386/Packages.bz2 HTTP/1.1" 304 0 "-" "Ubuntu APT-HTTP/1.3 (0.7.25.3ubuntu9.1)"
202.153.232.82 - - [05/Sep/2011:09:47:06 +0700] "GET /ubuntu/dists/lucid/universe/binary-i386/Packages.bz2 HTTP/1.1" 304 0 "-" "Ubuntu APT-HTTP/1.3 (0.7.25.3ubuntu9.1)"
202.153.232.82 - - [05/Sep/2011:09:47:06 +0700] "GET /ubuntu/dists/lucid/multiverse/binary-i386/Packages.bz2 HTTP/1.1" 304 0 "-" "Ubuntu APT-HTTP/1.3 (0.7.25.3ubuntu9.1)"
202.153.232.82 - - [05/Sep/2011:09:47:06 +0700] "GET /ubuntu/dists/lucid-updates/main/binary-i386/Packages.bz2 HTTP/1.1" 304 0 "-" "Ubuntu APT-HTTP/1.3 (0.7.25.3ubuntu9.1)"
202.153.232.82 - - [05/Sep/2011:09:47:06 +0700] "GET /ubuntu/dists/lucid-updates/restricted/binary-i386/Packages.bz2 HTTP/1.1" 304 0 "-" "Ubuntu APT-HTTP/1.3 (0.7.25.3ubuntu9.1)"
202.153.232.82 - - [05/Sep/2011:09:47:06 +0700] "GET /ubuntu/dists/lucid-updates/universe/binary-i386/Packages.bz2 HTTP/1.1" 304 0 "-" "Ubuntu APT-HTTP/1.3 (0.7.25.3ubuntu9.1)"
202.153.232.82 - - [05/Sep/2011:09:47:06 +0700] "GET /ubuntu/dists/lucid-updates/multiverse/binary-i386/Packages.bz2 HTTP/1.1" 304 0 "-" "Ubuntu APT-HTTP/1.3 (0.7.25.3ubuntu9.1)"
114.79.51.93 - - [05/Sep/2011:09:47:06 +0700] "GET /ubuntu/pool/main/e/evolution-data-server/evolution-data-server-common_2.30.3-2ubuntu2.1_all.deb HTTP/1.0" 206 9941 "-" "Axel 2.4 (Linux)"
202.153.232.82 - - [05/Sep/2011:09:47:06 +0700] "GET /ubuntu/dists/lucid-security/main/binary-i386/Packages.bz2 HTTP/1.1" 304 0 "-" "Ubuntu APT-HTTP/1.3 (0.7.25.3ubuntu9.1)"
202.153.232.82 - - [05/Sep/2011:09:47:06 +0700] "GET /ubuntu/dists/lucid-security/restricted/binary-i386/Packages.bz2 HTTP/1.1" 304 0 "-" "Ubuntu APT-HTTP/1.3 (0.7.25.3ubuntu9.1)"
202.153.232.82 - - [05/Sep/2011:09:47:06 +0700] "GET /ubuntu/dists/lucid-security/universe/binary-i386/Packages.bz2 HTTP/1.1" 304 0 "-" "Ubuntu APT-HTTP/1.3 (0.7.25.3ubuntu9.1)"
202.153.232.82 - - [05/Sep/2011:09:47:06 +0700] "GET /ubuntu/dists/lucid-security/multiverse/binary-i386/Packages.bz2 HTTP/1.1" 304 0 "-" "Ubuntu APT-HTTP/1.3 (0.7.25.3ubuntu9.1)"
202.153.232.82 - - [05/Sep/2011:09:47:06 +0700] "GET /ubuntu/dists/lucid-backports/main/binary-i386/Packages.bz2 HTTP/1.1" 304 0 "-" "Ubuntu APT-HTTP/1.3 (0.7.25.3ubuntu9.1)"
202.153.232.82 - - [05/Sep/2011:09:47:06 +0700] "GET /ubuntu/dists/lucid-backports/restricted/binary-i386/Packages.bz2 HTTP/1.1" 304 0 "-" "Ubuntu APT-HTTP/1.3 (0.7.25.3ubuntu9.1)"
220.248.0.145 - - [05/Sep/2011:09:47:06 +0700] "GET /eclipse/eclipse/updates/3.6/R-3.6-201006080911/plugins/org.eclipse.osgi.util_3.2.100.v20100503.jar.pack.gz HTTP/1.1" 200 16317 "-" "Jakarta Commons-HttpClient/3.1"
202.153.232.82 - - [05/Sep/2011:09:47:06 +0700] "GET /ubuntu/dists/lucid-backports/universe/binary-i386/Packages.bz2 HTTP/1.1" 304 0 "-" "Ubuntu APT-HTTP/1.3 (0.7.25.3ubuntu9.1)"
202.153.232.82 - - [05/Sep/2011:09:47:06 +0700] "GET /ubuntu/dists/lucid-backports/multiverse/binary-i386/Packages.bz2 HTTP/1.1" 304 0 "-" "Ubuntu APT-HTTP/1.3 (0.7.25.3ubuntu9.1)"
202.153.232.82 - - [05/Sep/2011:09:47:06 +0700] "GET /ubuntu/dists/lucid-proposed/main/binary-i386/Packages.bz2 HTTP/1.1" 304 0 "-" "Ubuntu APT-HTTP/1.3 (0.7.25.3ubuntu9.1)"
202.153.232.82 - - [05/Sep/2011:09:47:06 +0700] "GET /ubuntu/dists/lucid-proposed/restricted/binary-i386/Packages.bz2 HTTP/1.1" 304 0 "-" "Ubuntu APT-HTTP/1.3 (0.7.25.3ubuntu9.1)"
202.153.232.82 - - [05/Sep/2011:09:47:06 +0700] "GET /ubuntu/dists/lucid-proposed/universe/binary-i386/Packages.bz2 HTTP/1.1" 304 0 "-" "Ubuntu APT-HTTP/1.3 (0.7.25.3ubuntu9.1)"
202.153.232.82 - - [05/Sep/2011:09:47:06 +0700] "GET /ubuntu/dists/lucid-proposed/multiverse/binary-i386/Packages.bz2 HTTP/1.1" 304 0 "-" "Ubuntu APT-HTTP/1.3 (0.7.25.3ubuntu9.1)"
202.184.138.2 - - [05/Sep/2011:09:47:07 +0700] "GET /bebas/v06/Kuliah/SistemOperasi/BUKU/SistemOperasi-4.X-2/img/c746-f04-nas2a1.gif HTTP/1.1" 200 8777 "http://kambing.ui.ac.id/bebas/v06/Kuliah/SistemOperasi/BUKU/SistemOperasi-4.X-2/ch19s04.html" "Mozilla/5.0 (Windows NT 5.1; rv:2.0.1) Gecko/20100101 Firefox/4.0.1"
202.184.138.2 - - [05/Sep/2011:09:47:07 +0700] "GET /bebas/v06/Kuliah/SistemOperasi/BUKU/SistemOperasi-4.X-2/img/c746-f05-san2a1.gif HTTP/1.1" 200 65078 "http://kambing.ui.ac.id/bebas/v06/Kuliah/SistemOperasi/BUKU/SistemOperasi-4.X-2/ch19s04.html" "Mozilla/5.0 (Windows NT 5.1; rv:2.0.1) Gecko/20100101 Firefox/4.0.1"
180.246.242.241 - - [05/Sep/2011:09:47:07 +0700] "GET /ubuntu/pool/main/f/firefox/firefox-gnome-support_3.6.21+build1+nobinonly-0ubuntu0.10.10.1_i386.deb HTTP/1.1" 200 84092 "-" "Debian APT-HTTP/1.3 (0.8.3ubuntu7)"
123.116.123.218 - - [05/Sep/2011:09:47:08 +0700] "GET /apache/struts/binaries/struts-2.0.14-all.zip HTTP/1.1" 206 310776 "http://kambing.ui.ac.id/apache/struts/binaries/" "Mozilla/4.0 (compatible; MSIE 6.0; Windows NT 5.1; SV1; .NET CLR 1.1.4322; .NET CLR 2.0.50727)"
180.246.242.241 - - [05/Sep/2011:09:47:09 +0700] "GET /ubuntu/pool/main/f/firefox/firefox-branding_3.6.21+build1+nobinonly-0ubuntu0.10.10.1_i386.deb HTTP/1.1" 200 211226 "-" "Debian APT-HTTP/1.3 (0.8.3ubuntu7)"
220.248.0.145 - - [05/Sep/2011:09:47:09 +0700] "GET /eclipse/eclipse/updates/3.6/R-3.6-201006080911/plugins/org.mortbay.jetty.util_6.1.23.v201004211559.jar HTTP/1.1" 200 192843 "-" "Jakarta Commons-HttpClient/3.1"
111.0.237.143 - - [05/Sep/2011:09:47:09 +0700] "GET /iso/ubuntu/releases/11.04/ubuntu-11.04-desktop-i386.iso HTTP/1.1" 206 32768 "http://library.binus.ac.id/Collections/ethesis_detail.aspx?ethesisid=2010-1-00262-IF" "Mozilla/4.0 (compatible; MSIE 6.0; Windows NT 5.1; SV1; .NET CLR 1.1.4322; .NET CLR 2.0.50727)"
220.248.0.145 - - [05/Sep/2011:09:47:09 +0700] "GET /eclipse/eclipse/updates/3.6/R-3.6-201006080911/plugins/org.eclipse.equinox.simpleconfigurator.manipulator_2.0.0.v20100503.jar.pack.gz HTTP/1.1" 200 12895 "-" "Jakarta Commons-HttpClient/3.1"
202.64.109.131 - - [05/Sep/2011:09:47:09 +0700] "GET /eclipse/eclipse/updates/3.6/R-3.6.2-201102101200/plugins/org.eclipse.ui_3.6.2.M20110203-1100.jar.pack.gz HTTP/1.1" 200 93726 "-" "Jakarta Commons-HttpClient/3.1"
114.79.51.93 - - [05/Sep/2011:09:47:09 +0700] "GET /ubuntu/pool/main/e/evolution-data-server/evolution-data-server-common_2.30.3-2ubuntu2.1_all.deb HTTP/1.0" 206 9941 "-" "Axel 2.4 (Linux)"
202.152.243.232 - - [05/Sep/2011:09:47:09 +0700] "GET /iso/ubuntu-ultimate/ultimate-edition-2.8-gamers-x86.iso HTTP/1.1" 206 534078 "http://kambing.ui.ac.id/iso/ubuntu-ultimate/" "Mozilla/5.0 (Windows NT 6.1; WOW64) AppleWebKit/535.1 (KHTML, like Gecko) Chrome/14.0.835.35 Safari/535.1"
118.96.64.99 - - [05/Sep/2011:09:47:11 +0700] "GET /ubuntu/pool/main/libs/libsndfile/libsndfile1_1.0.21-2ubuntu0.10.10.1_i386.deb HTTP/1.1" 200 237284 "-" "Debian APT-HTTP/1.3 (0.8.3ubuntu7)"
118.96.64.99 - - [05/Sep/2011:09:47:11 +0700] "GET /ubuntu/pool/main/libs/libsoup2.4/libsoup-gnome2.4-1_2.31.92-0ubuntu1.1_i386.deb HTTP/1.1" 200 11752 "-" "Debian APT-HTTP/1.3 (0.8.3ubuntu7)"
202.184.138.2 - - [05/Sep/2011:09:47:12 +0700] "GET /bebas/v06/Kuliah/SistemOperasi/BUKU/SistemOperasi-4.X-2/ch19s05.html HTTP/1.1" 200 1673 "http://kambing.ui.ac.id/bebas/v06/Kuliah/SistemOperasi/BUKU/SistemOperasi-4.X-2/ch19s04.html" "Mozilla/5.0 (Windows NT 5.1; rv:2.0.1) Gecko/20100101 Firefox/4.0.1"
180.246.114.234 - - [05/Sep/2011:09:47:12 +0700] "GET /bebas/v06/Kuliah/SistemOperasi/BUKU/SistemOperasi-4.X-1/ch20s06.html HTTP/1.1" 200 2547 "http://kambing.ui.ac.id/bebas/v06/Kuliah/SistemOperasi/BUKU/SistemOperasi-4.X-1/ch20s05.html" "Mozilla/5.0 (Windows; U; Windows NT 5.1; en-US; rv:1.9.2.13) Gecko/20101203 Firefox/3.6.13"
180.246.114.234 - - [05/Sep/2011:09:47:12 +0700] "GET /favicon.ico HTTP/1.1" 404 168 "-" "Mozilla/5.0 (Windows; U; Windows NT 5.1; en-US; rv:1.9.2.13) Gecko/20101203 Firefox/3.6.13"
118.98.19.218 - - [05/Sep/2011:09:47:13 +0700] "GET /centos/5/fasttrack/i386/repodata/repomd.xml HTTP/1.1" 200 1953 "-" "urlgrabber/3.1.0 yum/3.2.8"
118.98.19.218 - - [05/Sep/2011:09:47:13 +0700] "GET /centos/5/updates/i386/repodata/repomd.xml HTTP/1.1" 200 1953 "-" "urlgrabber/3.1.0 yum/3.2.8"
202.146.241.20 - - [05/Sep/2011:09:47:13 +0700] "GET /archlinux/core/os/x86_64/mpfr-3.0.1.p4-2-x86_64.pkg.tar.xz HTTP/1.1" 200 327564 "-" "aria2/1.12.1"
111.0.237.143 - - [05/Sep/2011:09:47:14 +0700] "GET /iso/ubuntu/releases/11.04/ubuntu-11.04-desktop-i386.iso HTTP/1.1" 206 310763 "http://library.binus.ac.id/Collections/ethesis_detail.aspx?ethesisid=2010-1-00262-IF" "Mozilla/4.0 (compatible; MSIE 6.0; Windows NT 5.1; SV1; .NET CLR 1.1.4322; .NET CLR 2.0.50727)"
114.79.51.93 - - [05/Sep/2011:09:47:14 +0700] "GET /ubuntu/pool/main/e/evolution-data-server/evolution-data-server-common_2.30.3-2ubuntu2.1_all.deb HTTP/1.0" 206 9934 "-" "Axel 2.4 (Linux)"
199.119.227.191 - - [05/Sep/2011:09:47:14 +0700] "-" 400 0 "-" "-"
180.246.114.234 - - [05/Sep/2011:09:47:15 +0700] "GET /favicon.ico HTTP/1.1" 404 168 "-" "Mozilla/5.0 (Windows; U; Windows NT 5.1; en-US; rv:1.9.2.13) Gecko/20101203 Firefox/3.6.13"
202.184.138.2 - - [05/Sep/2011:09:47:15 +0700] "GET /bebas/v06/Kuliah/SistemOperasi/BUKU/SistemOperasi-4.X-2/img/c746-f06-fcfs1abc.gif HTTP/1.1" 200 20439 "http://kambing.ui.ac.id/bebas/v06/Kuliah/SistemOperasi/BUKU/SistemOperasi-4.X-2/ch19s05.html" "Mozilla/5.0 (Windows NT 5.1; rv:2.0.1) Gecko/20100101 Firefox/4.0.1"
119.63.196.117 - - [05/Sep/2011:09:47:15 +0700] "GET /mozilla/addons/1171/dictionary_tooltip-0.7.2-fx+mz.xpi HTTP/1.1" 200 17998 "-" "Mozilla/5.0 (compatible; Baiduspider/2.0; +http://www.baidu.com/search/spider.html)"
114.79.16.73 - - [05/Sep/2011:09:47:18 +0700] "GET /eclipse/eclipse/downloads/drops/R-3.7-201106131736/eclipse-SDK-3.7-win32.zip HTTP/1.1" 206 302131 "http://www.eclipse.org/downloads/download.php?file=/eclipse/downloads/drops/R-3.7-201106131736/eclipse-SDK-3.7-win32.zip" "Mozilla/5.0 (compatible; MSIE 9.0; Windows NT 6.1; Trident/5.0)"
220.248.0.145 - - [05/Sep/2011:09:47:18 +0700] "GET /eclipse/eclipse/updates/3.6/R-3.6-201006080911/plugins/org.eclipse.equinox.http.servlet_1.1.0.v20100503.jar.pack.gz HTTP/1.1" 200 17491 "-" "Jakarta Commons-HttpClient/3.1"
202.184.138.2 - - [05/Sep/2011:09:47:19 +0700] "GET /bebas/v06/Kuliah/SistemOperasi/BUKU/SistemOperasi-4.X-2/ch19s06.html HTTP/1.1" 200 1860 "http://kambing.ui.ac.id/bebas/v06/Kuliah/SistemOperasi/BUKU/SistemOperasi-4.X-2/ch19s05.html" "Mozilla/5.0 (Windows NT 5.1; rv:2.0.1) Gecko/20100101 Firefox/4.0.1"
117.102.102.246 - - [05/Sep/2011:09:47:19 +0700] "GET /iso/ubuntu/releases/natty/ubuntu-11.04-desktop-i386.iso HTTP/1.0" 206 524876 "http://kambing.ui.ac.id/iso/ubuntu/releases/natty/" "Mozilla/4.0 (compatible; MSIE 6.0; Windows NT 5.0)"
114.79.51.93 - - [05/Sep/2011:09:47:20 +0700] "GET /ubuntu/pool/main/e/evolution-data-server/evolution-data-server-common_2.30.3-2ubuntu2.1_all.deb HTTP/1.0" 206 9941 "-" "Axel 2.4 (Linux)"
201.233.78.10 - - [05/Sep/2011:09:47:21 +0700] "-" 400 0 "-" "-"
120.166.99.76 - - [05/Sep/2011:09:47:21 +0700] "GET /openoffice/stable/3.3.0/OOo_3.3.0_Win_x86_install-wJRE_en-US.exe HTTP/1.1" 206 2830096 "http://download.openoffice.org/contribute.html?download=mirrorbrain&files/stable/3.3.0/OOo_3.3.0_Win_x86_install-wJRE_en-US.exe" "Mozilla/5.0 (Windows NT 5.1; rv:6.0.1) Gecko/20100101 Firefox/6.0.1"
66.249.69.50 - - [05/Sep/2011:09:47:21 +0700] "GET /bebas/v06/Kuliah/MTI-Keamanan-Sistem-Informasi/2004/71/71-p-KONTRAKTOR_SIPIL_JAYA.pdf HTTP/1.1" 200 380226 "-" "SAMSUNG-SGH-E250/1.0 Profile/MIDP-2.0 Configuration/CLDC-1.1 UP.Browser/6.2.3.3.c.1.101 (GUI) MMP/2.0 (compatible; Googlebot-Mobile/2.1; +http://www.google.com/bot.html)"
202.184.138.2 - - [05/Sep/2011:09:47:22 +0700] "GET /bebas/v06/Kuliah/SistemOperasi/BUKU/SistemOperasi-4.X-2/img/c746-f07-sstf1abc.gif HTTP/1.1" 200 19124 "http://kambing.ui.ac.id/bebas/v06/Kuliah/SistemOperasi/BUKU/SistemOperasi-4.X-2/ch19s06.html" "Mozilla/5.0 (Windows NT 5.1; rv:2.0.1) Gecko/20100101 Firefox/4.0.1"
67.225.161.84 - - [05/Sep/2011:09:47:22 +0700] "-" 400 0 "-" "-"
178.63.91.70 - - [05/Sep/2011:09:47:23 +0700] "GET /tdf/ HTTP/1.1" 200 1117 "-" "MirrorBrain Probe (see http://mirrorbrain.org/probe_info)"
67.225.191.73 - - [05/Sep/2011:09:47:23 +0700] "-" 400 0 "-" "-"
202.184.138.2 - - [05/Sep/2011:09:47:24 +0700] "GET /bebas/v06/Kuliah/SistemOperasi/BUKU/SistemOperasi-4.X-2/ch19s07.html HTTP/1.1" 200 2866 "http://kambing.ui.ac.id/bebas/v06/Kuliah/SistemOperasi/BUKU/SistemOperasi-4.X-2/ch19s06.html" "Mozilla/5.0 (Windows NT 5.1; rv:2.0.1) Gecko/20100101 Firefox/4.0.1"
202.152.1.147 - - [05/Sep/2011:09:47:24 +0700] "GET /bebas/v06/Kuliah/SistemOperasi/BUKU/SistemOperasi-4.X-1/ch08s08.html HTTP/1.1" 200 1507 "http://www.google.com/url?sa=t&source=web&cd=10&sqi=2&ved=0CGMQFjAJ&url=http%3A%2F%2Fkambing.ui.ac.id%2Fbebas%2Fv06%2FKuliah%2FSistemOperasi%2FBUKU%2FSistemOperasi-4.X-1%2Fch08s08.html&rct=j&q=framework%20adalah&ei=IThkTun7FInnrAeyu8GrCg&usg=AFQjCNHPBgmEuFzjDWpAc5fM4L6teISTRg&cad=rja" "Mozilla/5.0 (Windows NT 5.1; rv:6.0) Gecko/20100101 Firefox/6.0"
202.152.1.147 - - [05/Sep/2011:09:47:24 +0700] "GET /bebas/v06/Kuliah/SistemOperasi/BUKU/SistemOperasi-4.X-1/images/prev.gif HTTP/1.1" 200 1118 "http://kambing.ui.ac.id/bebas/v06/Kuliah/SistemOperasi/BUKU/SistemOperasi-4.X-1/ch08s08.html" "Mozilla/5.0 (Windows NT 5.1; rv:6.0) Gecko/20100101 Firefox/6.0"
202.152.1.147 - - [05/Sep/2011:09:47:24 +0700] "GET /bebas/v06/Kuliah/SistemOperasi/BUKU/SistemOperasi-4.X-1/images/up.gif HTTP/1.1" 200 1089 "http://kambing.ui.ac.id/bebas/v06/Kuliah/SistemOperasi/BUKU/SistemOperasi-4.X-1/ch08s08.html" "Mozilla/5.0 (Windows NT 5.1; rv:6.0) Gecko/20100101 Firefox/6.0"
120.166.99.76 - - [05/Sep/2011:09:47:24 +0700] "GET /openoffice/stable/3.3.0/OOo_3.3.0_Win_x86_install-wJRE_en-US.exe HTTP/1.1" 206 2812784 "http://download.openoffice.org/contribute.html?download=mirrorbrain&files/stable/3.3.0/OOo_3.3.0_Win_x86_install-wJRE_en-US.exe" "Mozilla/5.0 (Windows NT 5.1; rv:6.0.1) Gecko/20100101 Firefox/6.0.1"
112.215.33.149 - - [05/Sep/2011:09:47:25 +0700] "GET /fedora/updates/14/x86_64/repodata/dafa8b174a8327f406991aa1534f82c32e6e5e22009269c16bd0f303d7b9710c-other.sqlite.bz2 HTTP/1.1" 200 3719940 "-" "urlgrabber/3.9.1 yum/3.2.28"
202.152.1.147 - - [05/Sep/2011:09:47:25 +0700] "GET /bebas/v06/Kuliah/SistemOperasi/BUKU/SistemOperasi-4.X-1/ch08s09.html HTTP/1.1" 200 1590 "http://kambing.ui.ac.id/bebas/v06/Kuliah/SistemOperasi/BUKU/SistemOperasi-4.X-1/ch08s08.html" "Mozilla/5.0 (Windows NT 5.1; rv:6.0) Gecko/20100101 Firefox/6.0"
202.152.1.147 - - [05/Sep/2011:09:47:25 +0700] "GET /favicon.ico HTTP/1.1" 404 168 "-" "Mozilla/5.0 (Windows NT 5.1; rv:6.0) Gecko/20100101 Firefox/6.0"
202.152.1.147 - - [05/Sep/2011:09:47:25 +0700] "GET /favicon.ico HTTP/1.1" 404 168 "-" "Mozilla/5.0 (Windows NT 5.1; rv:6.0) Gecko/20100101 Firefox/6.0"
202.184.138.2 - - [05/Sep/2011:09:47:25 +0700] "GET /bebas/v06/Kuliah/SistemOperasi/BUKU/SistemOperasi-4.X-2/img/c746-f09-cscan1abc.gif HTTP/1.1" 200 21473 "http://kambing.ui.ac.id/bebas/v06/Kuliah/SistemOperasi/BUKU/SistemOperasi-4.X-2/ch19s07.html" "Mozilla/5.0 (Windows NT 5.1; rv:2.0.1) Gecko/20100101 Firefox/4.0.1"
202.184.138.2 - - [05/Sep/2011:09:47:25 +0700] "GET /bebas/v06/Kuliah/SistemOperasi/BUKU/SistemOperasi-4.X-2/img/c746-f08-scan1abc.gif HTTP/1.1" 200 23827 "http://kambing.ui.ac.id/bebas/v06/Kuliah/SistemOperasi/BUKU/SistemOperasi-4.X-2/ch19s07.html" "Mozilla/5.0 (Windows NT 5.1; rv:2.0.1) Gecko/20100101 Firefox/4.0.1"
67.227.152.92 - - [05/Sep/2011:09:47:27 +0700] "-" 400 0 "-" "-"
67.227.164.212 - - [05/Sep/2011:09:47:27 +0700] "-" 400 0 "-" "-"
115.124.76.1 - - [05/Sep/2011:09:47:28 +0700] "GET /debian/dists/squeeze/Release.gpg HTTP/1.1" 304 0 "-" "Debian APT-HTTP/1.3 (0.8.10.3)"
115.124.76.1 - - [05/Sep/2011:09:47:28 +0700] "GET /debian-backports/dists/squeeze-backports/Release.gpg HTTP/1.1" 304 0 "-" "Debian APT-HTTP/1.3 (0.8.10.3)"
115.124.76.1 - - [05/Sep/2011:09:47:28 +0700] "GET /debian-backports/dists/squeeze-backports/Release.gpg HTTP/1.1" 304 0 "-" "Debian APT-HTTP/1.3 (0.8.10.3)"
115.124.76.1 - - [05/Sep/2011:09:47:28 +0700] "GET /debian/dists/squeeze-updates/Release.gpg HTTP/1.1" 304 0 "-" "Debian APT-HTTP/1.3 (0.8.10.3)"
67.227.192.147 - - [05/Sep/2011:09:47:28 +0700] "-" 400 0 "-" "-"
115.124.76.1 - - [05/Sep/2011:09:47:28 +0700] "GET /debian/dists/squeeze-updates/Release.gpg HTTP/1.1" 304 0 "-" "Debian APT-HTTP/1.3 (0.8.10.3)"
115.124.76.1 - - [05/Sep/2011:09:47:28 +0700] "GET /debian/dists/squeeze/Release HTTP/1.1" 304 0 "-" "Debian APT-HTTP/1.3 (0.8.10.3)"
115.124.76.1 - - [05/Sep/2011:09:47:28 +0700] "GET /debian/dists/squeeze/Release HTTP/1.1" 304 0 "-" "Debian APT-HTTP/1.3 (0.8.10.3)"
115.124.76.1 - - [05/Sep/2011:09:47:28 +0700] "GET /debian-backports/dists/squeeze-backports/Release HTTP/1.1" 304 0 "-" "Debian APT-HTTP/1.3 (0.8.10.3)"
115.124.76.1 - - [05/Sep/2011:09:47:28 +0700] "GET /debian/dists/squeeze-updates/Release HTTP/1.1" 304 0 "-" "Debian APT-HTTP/1.3 (0.8.10.3)"
115.124.76.1 - - [05/Sep/2011:09:47:28 +0700] "GET /debian/dists/squeeze/main/source/Sources.bz2 HTTP/1.1" 304 0 "-" "Debian APT-HTTP/1.3 (0.8.10.3)"
115.124.76.1 - - [05/Sep/2011:09:47:28 +0700] "GET /debian/dists/squeeze/non-free/source/Sources.bz2 HTTP/1.1" 304 0 "-" "Debian APT-HTTP/1.3 (0.8.10.3)"
115.124.76.1 - - [05/Sep/2011:09:47:28 +0700] "GET /debian/dists/squeeze/contrib/source/Sources.bz2 HTTP/1.1" 304 0 "-" "Debian APT-HTTP/1.3 (0.8.10.3)"
115.124.76.1 - - [05/Sep/2011:09:47:28 +0700] "GET /debian/dists/squeeze/main/binary-i386/Packages.bz2 HTTP/1.1" 304 0 "-" "Debian APT-HTTP/1.3 (0.8.10.3)"
115.124.76.1 - - [05/Sep/2011:09:47:28 +0700] "GET /debian/dists/squeeze/non-free/binary-i386/Packages.bz2 HTTP/1.1" 304 0 "-" "Debian APT-HTTP/1.3 (0.8.10.3)"
115.124.76.1 - - [05/Sep/2011:09:47:28 +0700] "GET /debian/dists/squeeze/contrib/binary-i386/Packages.bz2 HTTP/1.1" 304 0 "-" "Debian APT-HTTP/1.3 (0.8.10.3)"
115.124.76.1 - - [05/Sep/2011:09:47:28 +0700] "GET /debian-backports/dists/squeeze-backports/main/binary-i386/Packages.diff/Index HTTP/1.1" 200 6991 "-" "Debian APT-HTTP/1.3 (0.8.10.3)"
115.124.76.1 - - [05/Sep/2011:09:47:28 +0700] "GET /debian/dists/squeeze-updates/main/source/Sources.diff/Index HTTP/1.1" 304 0 "-" "Debian APT-HTTP/1.3 (0.8.10.3)"
115.124.76.1 - - [05/Sep/2011:09:47:28 +0700] "GET /debian/dists/squeeze-updates/main/binary-i386/Packages.diff/Index HTTP/1.1" 304 0 "-" "Debian APT-HTTP/1.3 (0.8.10.3)"
67.227.217.101 - - [05/Sep/2011:09:47:28 +0700] "-" 400 0 "-" "-"
115.124.76.1 - - [05/Sep/2011:09:47:28 +0700] "GET /debian/dists/squeeze-updates/main/binary-i386/Packages.bz2 HTTP/1.1" 304 0 "-" "Debian APT-HTTP/1.3 (0.8.10.3)"
50.28.2.127 - - [05/Sep/2011:09:47:29 +0700] "-" 400 0 "-" "-"
180.246.114.234 - - [05/Sep/2011:09:47:29 +0700] "GET /bebas/v06/Kuliah/SistemOperasi/BUKU/SistemOperasi-4.X-1/img/c420-f03-Monitor_JVM.gif HTTP/1.1" 200 13840 "http://kambing.ui.ac.id/bebas/v06/Kuliah/SistemOperasi/BUKU/SistemOperasi-4.X-1/ch20s06.html" "Mozilla/5.0 (Windows; U; Windows NT 5.1; en-US; rv:1.9.2.13) Gecko/20101203 Firefox/3.6.13"
180.246.114.234 - - [05/Sep/2011:09:47:29 +0700] "GET /bebas/v06/Kuliah/SistemOperasi/BUKU/SistemOperasi-4.X-1/images/up.gif HTTP/1.1" 200 1089 "http://kambing.ui.ac.id/bebas/v06/Kuliah/SistemOperasi/BUKU/SistemOperasi-4.X-1/ch20s06.html" "Mozilla/5.0 (Windows; U; Windows NT 5.1; en-US; rv:1.9.2.13) Gecko/20101203 Firefox/3.6.13"
180.246.114.234 - - [05/Sep/2011:09:47:29 +0700] "GET /bebas/v06/Kuliah/SistemOperasi/BUKU/SistemOperasi-4.X-1/images/home.gif HTTP/1.1" 200 321 "http://kambing.ui.ac.id/bebas/v06/Kuliah/SistemOperasi/BUKU/SistemOperasi-4.X-1/ch20s06.html" "Mozilla/5.0 (Windows; U; Windows NT 5.1; en-US; rv:1.9.2.13) Gecko/20101203 Firefox/3.6.13"
202.184.138.2 - - [05/Sep/2011:09:47:29 +0700] "GET /bebas/v06/Kuliah/SistemOperasi/BUKU/SistemOperasi-4.X-2/ch19s08.html HTTP/1.1" 200 2031 "http://kambing.ui.ac.id/bebas/v06/Kuliah/SistemOperasi/BUKU/SistemOperasi-4.X-2/ch19s07.html" "Mozilla/5.0 (Windows NT 5.1; rv:2.0.1) Gecko/20100101 Firefox/4.0.1"
180.246.114.234 - - [05/Sep/2011:09:47:29 +0700] "GET /bebas/v06/Kuliah/SistemOperasi/BUKU/SistemOperasi-4.X-1/ch20s07.html HTTP/1.1" 200 1235 "http://kambing.ui.ac.id/bebas/v06/Kuliah/SistemOperasi/BUKU/SistemOperasi-4.X-1/ch20s06.html" "Mozilla/5.0 (Windows; U; Windows NT 5.1; en-US; rv:1.9.2.13) Gecko/20101203 Firefox/3.6.13"
123.116.123.218 - - [05/Sep/2011:09:47:29 +0700] "GET /apache/struts/binaries/struts-2.0.14-all.zip HTTP/1.1" 206 310776 "http://kambing.ui.ac.id/apache/struts/binaries/" "Mozilla/4.0 (compatible; MSIE 6.0; Windows NT 5.1; SV1; .NET CLR 1.1.4322; .NET CLR 2.0.50727)"
50.28.2.155 - - [05/Sep/2011:09:47:29 +0700] "-" 400 0 "-" "-"
67.227.231.83 - - [05/Sep/2011:09:47:30 +0700] "-" 400 0 "-" "-"
67.227.222.140 - - [05/Sep/2011:09:47:30 +0700] "-" 400 0 "-" "-"
67.225.189.174 - - [05/Sep/2011:09:47:30 +0700] "-" 400 0 "-" "-"
67.225.188.184 - - [05/Sep/2011:09:47:30 +0700] "-" 400 0 "-" "-"
184.172.166.124 - - [05/Sep/2011:09:47:31 +0700] "-" 400 0 "-" "-"
67.195.111.184 - - [05/Sep/2011:09:47:32 +0700] "GET /iso/ubuntu-repository/8.04.1/ubuntu-8.04-repository-amd64-1_contrib.list HTTP/1.0" 200 357092 "-" "Mozilla/5.0 (compatible; Yahoo! Slurp; http://help.yahoo.com/help/us/ysearch/slurp)"
173.243.114.162 - - [05/Sep/2011:09:47:32 +0700] "-" 400 0 "-" "-"
117.102.102.246 - - [05/Sep/2011:09:47:33 +0700] "GET /iso/ubuntu/releases/natty/ubuntu-11.04-desktop-i386.iso HTTP/1.0" 206 311576 "http://kambing.ui.ac.id/iso/ubuntu/releases/natty/" "Mozilla/4.0 (compatible; MSIE 6.0; Windows NT 5.0)"
202.137.8.2 - - [05/Sep/2011:09:47:33 +0700] "GET /ubuntu/dists/lucid-proposed/universe/binary-i386/Packages.bz2 HTTP/1.1" 304 0 "-" "Ubuntu APT-HTTP/1.3 (0.7.25.3ubuntu9.6)"
202.137.8.2 - - [05/Sep/2011:09:47:33 +0700] "GET /ubuntu/dists/lucid-proposed/multiverse/binary-i386/Packages.bz2 HTTP/1.1" 304 0 "-" "Ubuntu APT-HTTP/1.3 (0.7.25.3ubuntu9.6)"
72.52.205.139 - - [05/Sep/2011:09:47:35 +0700] "-" 400 0 "-" "-"
67.225.175.200 - - [05/Sep/2011:09:47:35 +0700] "-" 400 0 "-" "-"
67.227.162.82 - - [05/Sep/2011:09:47:35 +0700] "-" 400 0 "-" "-"
202.184.138.2 - - [05/Sep/2011:09:47:35 +0700] "GET /bebas/v06/Kuliah/SistemOperasi/BUKU/SistemOperasi-4.X-2/img/c746-f11-clook1abc.gif HTTP/1.1" 200 37720 "http://kambing.ui.ac.id/bebas/v06/Kuliah/SistemOperasi/BUKU/SistemOperasi-4.X-2/ch19s08.html" "Mozilla/5.0 (Windows NT 5.1; rv:2.0.1) Gecko/20100101 Firefox/4.0.1"
202.184.138.2 - - [05/Sep/2011:09:47:35 +0700] "GET /bebas/v06/Kuliah/SistemOperasi/BUKU/SistemOperasi-4.X-2/img/c746-f10-look1abc.gif HTTP/1.1" 200 23559 "http://kambing.ui.ac.id/bebas/v06/Kuliah/SistemOperasi/BUKU/SistemOperasi-4.X-2/ch19s08.html" "Mozilla/5.0 (Windows NT 5.1; rv:2.0.1) Gecko/20100101 Firefox/4.0.1"
118.96.136.197 - - [05/Sep/2011:09:47:35 +0700] "GET /debian/pool/main/o/openssl/openssl_0.9.8g-15+lenny11_i386.deb HTTP/1.1" 200 1035490 "-" "Debian APT-HTTP/1.3 (0.7.20.2)"
119.63.196.109 - - [05/Sep/2011:09:47:35 +0700] "GET /iso/ubuntu/releases/releases/jigit/maverick/ubuntu-10.10-alternate-i386.iso.torrent HTTP/1.1" 200 28058 "-" "Mozilla/5.0 (compatible; Baiduspider/2.0; +http://www.baidu.com/search/spider.html)"
66.249.69.154 - - [05/Sep/2011:09:47:36 +0700] "GET /opensuse/update/11.3-test/repodata/other.xml.gz HTTP/1.1" 200 16139173 "-" "SAMSUNG-SGH-E250/1.0 Profile/MIDP-2.0 Configuration/CLDC-1.1 UP.Browser/6.2.3.3.c.1.101 (GUI) MMP/2.0 (compatible; Googlebot-Mobile/2.1; +http://www.google.com/bot.html)"
120.136.17.25 - - [05/Sep/2011:09:47:36 +0700] "GET /fedora/updates/15/i386/repodata/9e128022fc9c47167c654a38cedf68e448a7e977fbccd35d4efb036377689e9d-filelists.sqlite.bz2 HTTP/1.1" 200 6312701 "-" "urlgrabber/3.9.1 yum/3.2.29"
67.195.37.108 - - [05/Sep/2011:09:47:36 +0700] "GET /bebas/v08/org/rfc-editor/internet-drafts/draft-ietf-bmwg-sip-bench-meth-03.xml HTTP/1.0" 200 7348 "-" "Mozilla/5.0 (compatible; Yahoo! Slurp; http://help.yahoo.com/help/us/ysearch/slurp)"
203.19.4.26 - - [05/Sep/2011:09:47:37 +0700] "GET /centos/5.5/addons/i386/repodata/repomd.xml HTTP/1.1" 404 168 "-" "urlgrabber/3.1.0 yum/3.2.22"
203.19.4.26 - - [05/Sep/2011:09:47:37 +0700] "GET /centos/5.5/centosplus/i386/repodata/repomd.xml HTTP/1.1" 404 168 "-" "urlgrabber/3.1.0 yum/3.2.22"
203.19.4.26 - - [05/Sep/2011:09:47:37 +0700] "GET /centos/5.5/extras/i386/repodata/repomd.xml HTTP/1.1" 404 168 "-" "urlgrabber/3.1.0 yum/3.2.22"
203.19.4.26 - - [05/Sep/2011:09:47:37 +0700] "GET /centos/5.5/fasttrack/i386/repodata/repomd.xml HTTP/1.1" 404 168 "-" "urlgrabber/3.1.0 yum/3.2.22"
59.92.107.185 - - [05/Sep/2011:09:47:37 +0700] "GET /fedora/updates/15/x86_64/repodata/eabfafd98c1b6ade5106c4328e75fd70f72733135427f58b9461aad467c33e27-other.sqlite.bz2 HTTP/1.1" 404 168 "-" "urlgrabber/3.9.1 yum/3.2.29"
66.249.68.142 - - [05/Sep/2011:09:47:38 +0700] "GET /bebas/v23/InfoLinux2007/InfoLINUX_06-2007/!Cover-LINUX_06-mini.pdf HTTP/1.1" 200 431693 "-" "DoCoMo/2.0 N905i(c100;TB;W24H16) (compatible; Googlebot-Mobile/2.1; +http://www.google.com/bot.html)"
50.28.3.139 - - [05/Sep/2011:09:47:38 +0700] "-" 400 0 "-" "-"
202.184.138.2 - - [05/Sep/2011:09:47:38 +0700] "GET /bebas/v06/Kuliah/SistemOperasi/BUKU/SistemOperasi-4.X-2/ch19s09.html HTTP/1.1" 200 1602 "http://kambing.ui.ac.id/bebas/v06/Kuliah/SistemOperasi/BUKU/SistemOperasi-4.X-2/ch19s08.html" "Mozilla/5.0 (Windows NT 5.1; rv:2.0.1) Gecko/20100101 Firefox/4.0.1"
202.184.138.2 - - [05/Sep/2011:09:47:38 +0700] "GET /bebas/v06/Kuliah/SistemOperasi/BUKU/SistemOperasi-4.X-2/ch19s10.html HTTP/1.1" 200 1733 "http://kambing.ui.ac.id/bebas/v06/Kuliah/SistemOperasi/BUKU/SistemOperasi-4.X-2/ch19s09.html" "Mozilla/5.0 (Windows NT 5.1; rv:2.0.1) Gecko/20100101 Firefox/4.0.1"
125.160.206.193 - - [05/Sep/2011:09:47:38 +0700] "GET /opensuse/distribution/11.1/ HTTP/1.1" 200 654 "http://kambing.ui.ac.id/opensuse/distribution/" "Mozilla/5.0 (X11; U; Linux i686; en-US; rv:1.9.1.9) Gecko/20100317 SUSE/3.5.9-0.1.1 Firefox/3.5.9"
66.249.137.10 - - [05/Sep/2011:09:47:39 +0700] "-" 400 0 "-" "-"
69.16.244.79 - - [05/Sep/2011:09:47:40 +0700] "-" 400 0 "-" "-"
203.24.50.8 - - [05/Sep/2011:09:47:40 +0700] "GET /debian/dists/squeeze/Release.gpg HTTP/1.1" 200 1672 "-" "Debian APT-HTTP/1.3 (0.8.10.3)"
203.24.50.8 - - [05/Sep/2011:09:47:40 +0700] "GET /debian/dists/squeeze/main/i18n/Translation-en.gz HTTP/1.1" 404 168 "-" "Debian APT-HTTP/1.3 (0.8.10.3)"
203.24.50.8 - - [05/Sep/2011:09:47:40 +0700] "GET /debian/dists/squeeze-updates/Release.gpg HTTP/1.1" 200 836 "-" "Debian APT-HTTP/1.3 (0.8.10.3)"
203.24.50.8 - - [05/Sep/2011:09:47:40 +0700] "GET /debian/dists/squeeze-updates/main/i18n/Translation-en.gz HTTP/1.1" 404 168 "-" "Debian APT-HTTP/1.3 (0.8.10.3)"
203.24.50.8 - - [05/Sep/2011:09:47:40 +0700] "GET /debian/dists/squeeze/Release HTTP/1.1" 304 0 "-" "Debian APT-HTTP/1.3 (0.8.10.3)"
203.24.50.8 - - [05/Sep/2011:09:47:40 +0700] "GET /debian/dists/squeeze-updates/Release HTTP/1.1" 206 1 "-" "Debian APT-HTTP/1.3 (0.8.10.3)"
203.24.50.8 - - [05/Sep/2011:09:47:40 +0700] "GET /debian/dists/squeeze/main/source/Sources.diff/Index HTTP/1.1" 404 168 "-" "Debian APT-HTTP/1.3 (0.8.10.3)"
203.24.50.8 - - [05/Sep/2011:09:47:40 +0700] "GET /debian/dists/squeeze/main/binary-i386/Packages.diff/Index HTTP/1.1" 404 168 "-" "Debian APT-HTTP/1.3 (0.8.10.3)"
120.136.17.25 - - [05/Sep/2011:09:47:40 +0700] "GET /fedora/updates/15/i386/repodata/0580b24d591907c7698a4bdb04aba5fad55d8b0f7780eb1d0988353ca3943b98-comps-f15.xml.gz HTTP/1.1" 200 435772 "-" "urlgrabber/3.9.1 yum/3.2.29"
203.24.50.8 - - [05/Sep/2011:09:47:40 +0700] "GET /debian/dists/squeeze-updates/main/source/Sources.diff/Index HTTP/1.1" 304 0 "-" "Debian APT-HTTP/1.3 (0.8.10.3)"
203.24.50.8 - - [05/Sep/2011:09:47:40 +0700] "GET /debian/dists/squeeze-updates/main/binary-i386/Packages.diff/Index HTTP/1.1" 304 0 "-" "Debian APT-HTTP/1.3 (0.8.10.3)"
203.24.50.8 - - [05/Sep/2011:09:47:40 +0700] "GET /debian/dists/squeeze/main/source/Sources.gz HTTP/1.1" 304 0 "-" "Debian APT-HTTP/1.3 (0.8.10.3)"
203.24.50.8 - - [05/Sep/2011:09:47:40 +0700] "GET /debian/dists/squeeze/main/binary-i386/Packages.gz HTTP/1.1" 304 0 "-" "Debian APT-HTTP/1.3 (0.8.10.3)"
203.24.50.8 - - [05/Sep/2011:09:47:40 +0700] "GET /debian/dists/squeeze-updates/main/binary-i386/Packages.gz HTTP/1.1" 304 0 "-" "Debian APT-HTTP/1.3 (0.8.10.3)"
202.146.241.20 - - [05/Sep/2011:09:47:40 +0700] "GET /archlinux/core/os/x86_64/libmpc-0.9-2-x86_64.pkg.tar.xz HTTP/1.1" 200 62808 "-" "aria2/1.12.1"
125.160.206.193 - - [05/Sep/2011:09:47:40 +0700] "GET /opensuse/distribution/11.1/repo/ HTTP/1.1" 200 677 "http://kambing.ui.ac.id/opensuse/distribution/11.1/" "Mozilla/5.0 (X11; U; Linux i686; en-US; rv:1.9.1.9) Gecko/20100317 SUSE/3.5.9-0.1.1 Firefox/3.5.9"
184.107.195.82 - - [05/Sep/2011:09:47:40 +0700] "-" 400 0 "-" "-"
72.52.244.75 - - [05/Sep/2011:09:47:41 +0700] "-" 400 0 "-" "-"
114.127.246.103 - - [05/Sep/2011:09:47:41 +0700] "GET /iso/ayuOS/ayuos-2009.0.tr-two.iso HTTP/1.1" 206 2494622 "http://kambing.ui.ac.id/iso/ayuOS/" "Mozilla/5.0 (Windows NT 5.1; rv:6.0) Gecko/20100101 Firefox/6.0"
66.249.68.142 - - [05/Sep/2011:09:47:41 +0700] "GET /slacky/slackware64-13.1/system/rarlinux/3.9.3/src/ HTTP/1.1" 200 755 "-" "DoCoMo/2.0 N905i(c100;TB;W24H16) (compatible; Googlebot-Mobile/2.1; +http://www.google.com/bot.html)"
67.195.37.108 - - [05/Sep/2011:09:47:42 +0700] "GET /gentoo-portage/x11-misc/slock/ HTTP/1.0" 200 745 "-" "Mozilla/5.0 (compatible; Yahoo! Slurp; http://help.yahoo.com/help/us/ysearch/slurp)"
69.167.164.129 - - [05/Sep/2011:09:47:42 +0700] "-" 400 0 "-" "-"
125.160.206.193 - - [05/Sep/2011:09:47:42 +0700] "GET /opensuse/distribution/11.1/repo/oss/ HTTP/1.1" 200 1284 "http://kambing.ui.ac.id/opensuse/distribution/11.1/repo/" "Mozilla/5.0 (X11; U; Linux i686; en-US; rv:1.9.1.9) Gecko/20100317 SUSE/3.5.9-0.1.1 Firefox/3.5.9"
115.124.76.1 - - [05/Sep/2011:09:47:42 +0700] "GET /debian-backports/pool/main/i/initramfs-tools/initramfs-tools_0.99%7ebpo60+1_all.deb HTTP/1.1" 200 89192 "-" "Debian APT-HTTP/1.3 (0.8.10.3)"
115.124.76.1 - - [05/Sep/2011:09:47:42 +0700] "GET /debian-backports/pool/main/l/linux-base/linux-base_3.3%7ebpo60+1_all.deb HTTP/1.1" 200 34022 "-" "Debian APT-HTTP/1.3 (0.8.10.3)"
114.127.246.103 - - [05/Sep/2011:09:47:43 +0700] "GET /iso/ayuOS/ayuos-2009.0.tr-two.iso HTTP/1.1" 206 1104542 "http://kambing.ui.ac.id/iso/ayuOS/" "Mozilla/5.0 (Windows NT 5.1; rv:6.0) Gecko/20100101 Firefox/6.0"
67.227.219.89 - - [05/Sep/2011:09:47:43 +0700] "-" 400 0 "-" "-"
202.184.138.2 - - [05/Sep/2011:09:47:43 +0700] "GET /bebas/v06/Kuliah/SistemOperasi/BUKU/SistemOperasi-4.X-2/ch20.html HTTP/1.1" 200 2109 "http://kambing.ui.ac.id/bebas/v06/Kuliah/SistemOperasi/BUKU/SistemOperasi-4.X-2/ch19s10.html" "Mozilla/5.0 (Windows NT 5.1; rv:2.0.1) Gecko/20100101 Firefox/4.0.1"
67.225.190.144 - - [05/Sep/2011:09:47:43 +0700] "-" 400 0 "-" "-"
114.127.246.103 - - [05/Sep/2011:09:47:44 +0700] "GET /iso/ayuOS/ayuos-2009.0.tr-two.iso HTTP/1.1" 206 2022574 "http://kambing.ui.ac.id/iso/ayuOS/" "Mozilla/5.0 (Windows NT 5.1; rv:6.0) Gecko/20100101 Firefox/6.0"
115.124.76.1 - - [05/Sep/2011:09:47:44 +0700] "GET /debian-backports/pool/main/l/linux-latest-2.6/linux-image-686-pae_2.6.39+35.1%7ebpo60+1_i386.deb HTTP/1.1" 200 4808 "-" "Debian APT-HTTP/1.3 (0.8.10.3)"
114.127.246.103 - - [05/Sep/2011:09:47:44 +0700] "GET /iso/ayuOS/ayuos-2009.0.tr-two.iso HTTP/1.1" 206 1589624 "http://kambing.ui.ac.id/iso/ayuOS/" "Mozilla/5.0 (Windows NT 5.1; rv:6.0) Gecko/20100101 Firefox/6.0"
202.184.138.2 - - [05/Sep/2011:09:47:44 +0700] "GET /bebas/v06/Kuliah/SistemOperasi/BUKU/SistemOperasi-4.X-2/ch20s02.html HTTP/1.1" 200 2102 "http://kambing.ui.ac.id/bebas/v06/Kuliah/SistemOperasi/BUKU/SistemOperasi-4.X-2/ch20.html" "Mozilla/5.0 (Windows NT 5.1; rv:2.0.1) Gecko/20100101 Firefox/4.0.1"
67.195.37.108 - - [05/Sep/2011:09:47:47 +0700] "GET /apache/harmony/ HTTP/1.0" 200 667 "-" "Mozilla/5.0 (compatible; Yahoo! Slurp; http://help.yahoo.com/help/us/ysearch/slurp)"
58.23.246.244 - - [05/Sep/2011:09:47:47 +0700] "GET /fedora/releases/15/Everything/i386/os/repodata/08902629e7fcf39e045da4400e3899da6c60a31ae666764273d89ffd3b3ea586-filelists.sqlite.bz2 HTTP/1.1" 404 168 "-" "urlgrabber/3.9.1 yum/3.2.29"
120.166.99.76 - - [05/Sep/2011:09:47:48 +0700] "GET /openoffice/stable/3.3.0/OOo_3.3.0_Win_x86_install-wJRE_en-US.exe HTTP/1.1" 206 2534328 "http://download.openoffice.org/contribute.html?download=mirrorbrain&files/stable/3.3.0/OOo_3.3.0_Win_x86_install-wJRE_en-US.exe" "Mozilla/5.0 (Windows NT 5.1; rv:6.0.1) Gecko/20100101 Firefox/6.0.1"
66.249.69.154 - - [05/Sep/2011:09:47:49 +0700] "GET /opensuse/update/11.3-test/repodata/primary.xml.gz HTTP/1.1" 200 2921654 "-" "SAMSUNG-SGH-E250/1.0 Profile/MIDP-2.0 Configuration/CLDC-1.1 UP.Browser/6.2.3.3.c.1.101 (GUI) MMP/2.0 (compatible; Googlebot-Mobile/2.1; +http://www.google.com/bot.html)"
202.184.138.2 - - [05/Sep/2011:09:47:49 +0700] "GET /bebas/v06/Kuliah/SistemOperasi/BUKU/SistemOperasi-4.X-2/img/c747-f01-4.gif HTTP/1.1" 200 21955 "http://kambing.ui.ac.id/bebas/v06/Kuliah/SistemOperasi/BUKU/SistemOperasi-4.X-2/ch20s02.html" "Mozilla/5.0 (Windows NT 5.1; rv:2.0.1) Gecko/20100101 Firefox/4.0.1"
72.52.229.110 - - [05/Sep/2011:09:47:50 +0700] "-" 400 0 "-" "-"
114.79.51.93 - - [05/Sep/2011:09:47:50 +0700] "GET /ubuntu/pool/main/e/evolution-data-server/evolution-data-server-common_2.30.3-2ubuntu2.1_all.deb HTTP/1.0" 206 762 "-" "Axel 2.4 (Linux)"
67.227.229.114 - - [05/Sep/2011:09:47:51 +0700] "-" 400 0 "-" "-"
125.160.206.193 - - [05/Sep/2011:09:47:51 +0700] "GET /opensuse/distribution/11.1/repo/oss/suse/ HTTP/1.1" 200 743 "http://kambing.ui.ac.id/opensuse/distribution/11.1/repo/oss/" "Mozilla/5.0 (X11; U; Linux i686; en-US; rv:1.9.1.9) Gecko/20100317 SUSE/3.5.9-0.1.1 Firefox/3.5.9"
114.79.51.93 - - [05/Sep/2011:09:47:51 +0700] "GET /ubuntu/pool/main/e/evolution-data-server/libedataserverui1.2-8_2.30.3-2ubuntu2.1_i386.deb HTTP/1.0" 206 88577 "-" "Axel 2.4 (Linux)"
186.198.88.123 - - [05/Sep/2011:09:47:51 +0700] "-" 400 0 "-" "-"
223.255.231.30 - - [05/Sep/2011:09:47:51 +0700] "GET /bebas/v12/artikel/pangan/IPB/Pembuatan%20keju.pdf HTTP/1.1" 200 135257 "http://www.google.co.id/url?sa=t&source=web&cd=4&ved=0CDEQFjAD&url=http%3A%2F%2Fkambing.ui.ac.id%2Fbebas%2Fv12%2Fartikel%2Fpangan%2FIPB%2FPembuatan%2520keju.pdf&rct=j&q=cara%20pembuatan%20keju&ei=fDBkTsKaGcXirAfV1YGmCg&usg=AFQjCNF-VcEjoTaTd4K4k2WIgjzIh9dbow&cad=rja" "Mozilla/5.0 (Windows; U; Windows NT 6.1; en-US; rv:1.9.2.8) Gecko/20100722 Firefox/3.6.8"
66.249.69.154 - - [05/Sep/2011:09:47:51 +0700] "GET /gnome/bindings/2.13/2.13.2/sources/MD5SUMS-for-bz2 HTTP/1.1" 200 1030 "-" "Mozilla/5.0 (compatible; Googlebot/2.1; +http://www.google.com/bot.html)"
114.79.51.93 - - [05/Sep/2011:09:47:51 +0700] "GET /ubuntu/pool/main/e/evolution-data-server/libedataserverui1.2-8_2.30.3-2ubuntu2.1_i386.deb HTTP/1.0" 200 88578 "-" "Axel 2.4 (Linux)"
125.160.254.62 - - [05/Sep/2011:09:47:52 +0700] "GET /ubuntu/dists/karmic/Release.gpg HTTP/1.1" 304 0 "-" "Ubuntu APT-HTTP/1.3 (0.7.23.1ubuntu2)"
125.160.254.62 - - [05/Sep/2011:09:47:52 +0700] "GET /ubuntu/dists/karmic-updates/Release.gpg HTTP/1.1" 304 0 "-" "Ubuntu APT-HTTP/1.3 (0.7.23.1ubuntu2)"
125.160.254.62 - - [05/Sep/2011:09:47:52 +0700] "GET /ubuntu/dists/karmic-security/Release.gpg HTTP/1.1" 304 0 "-" "Ubuntu APT-HTTP/1.3 (0.7.23.1ubuntu2)"
114.79.51.93 - - [05/Sep/2011:09:47:52 +0700] "GET /ubuntu/pool/main/e/evolution-data-server/libedataserverui1.2-8_2.30.3-2ubuntu2.1_i386.deb HTTP/1.0" 206 8858 "-" "Axel 2.4 (Linux)"
125.160.254.62 - - [05/Sep/2011:09:47:52 +0700] "GET /ubuntu/dists/karmic/Release HTTP/1.1" 304 0 "-" "Ubuntu APT-HTTP/1.3 (0.7.23.1ubuntu2)"
125.160.254.62 - - [05/Sep/2011:09:47:52 +0700] "GET /ubuntu/dists/karmic-updates/Release HTTP/1.1" 304 0 "-" "Ubuntu APT-HTTP/1.3 (0.7.23.1ubuntu2)"
125.160.254.62 - - [05/Sep/2011:09:47:52 +0700] "GET /ubuntu/dists/karmic-security/Release HTTP/1.1" 304 0 "-" "Ubuntu APT-HTTP/1.3 (0.7.23.1ubuntu2)"
114.79.51.93 - - [05/Sep/2011:09:47:52 +0700] "GET /ubuntu/pool/main/e/evolution-data-server/libedataserverui1.2-8_2.30.3-2ubuntu2.1_i386.deb HTTP/1.0" 206 8858 "-" "Axel 2.4 (Linux)"
125.160.206.193 - - [05/Sep/2011:09:47:52 +0700] "GET /opensuse/distribution/11.1/repo/oss/suse/repodata/ HTTP/1.1" 200 754 "http://kambing.ui.ac.id/opensuse/distribution/11.1/repo/oss/suse/" "Mozilla/5.0 (X11; U; Linux i686; en-US; rv:1.9.1.9) Gecko/20100317 SUSE/3.5.9-0.1.1 Firefox/3.5.9"
114.79.51.93 - - [05/Sep/2011:09:47:52 +0700] "GET /ubuntu/pool/main/e/evolution-data-server/libedataserverui1.2-8_2.30.3-2ubuntu2.1_i386.deb HTTP/1.0" 206 8858 "-" "Axel 2.4 (Linux)"
125.160.254.62 - - [05/Sep/2011:09:47:52 +0700] "GET /ubuntu/dists/karmic/main/binary-i386/Packages.bz2 HTTP/1.1" 304 0 "-" "Ubuntu APT-HTTP/1.3 (0.7.23.1ubuntu2)"
125.160.254.62 - - [05/Sep/2011:09:47:52 +0700] "GET /ubuntu/dists/karmic/restricted/binary-i386/Packages.bz2 HTTP/1.1" 304 0 "-" "Ubuntu APT-HTTP/1.3 (0.7.23.1ubuntu2)"
125.160.254.62 - - [05/Sep/2011:09:47:52 +0700] "GET /ubuntu/dists/karmic/universe/binary-i386/Packages.bz2 HTTP/1.1" 304 0 "-" "Ubuntu APT-HTTP/1.3 (0.7.23.1ubuntu2)"
125.160.254.62 - - [05/Sep/2011:09:47:52 +0700] "GET /ubuntu/dists/karmic/multiverse/binary-i386/Packages.bz2 HTTP/1.1" 304 0 "-" "Ubuntu APT-HTTP/1.3 (0.7.23.1ubuntu2)"
125.160.254.62 - - [05/Sep/2011:09:47:52 +0700] "GET /ubuntu/dists/karmic/main/source/Sources.bz2 HTTP/1.1" 304 0 "-" "Ubuntu APT-HTTP/1.3 (0.7.23.1ubuntu2)"
125.160.254.62 - - [05/Sep/2011:09:47:52 +0700] "GET /ubuntu/dists/karmic/restricted/source/Sources.bz2 HTTP/1.1" 304 0 "-" "Ubuntu APT-HTTP/1.3 (0.7.23.1ubuntu2)"
202.184.138.2 - - [05/Sep/2011:09:47:52 +0700] "GET /bebas/v06/Kuliah/SistemOperasi/BUKU/SistemOperasi-4.X-2/ch20s03.html HTTP/1.1" 200 2593 "http://kambing.ui.ac.id/bebas/v06/Kuliah/SistemOperasi/BUKU/SistemOperasi-4.X-2/ch20s02.html" "Mozilla/5.0 (Windows NT 5.1; rv:2.0.1) Gecko/20100101 Firefox/4.0.1"
125.160.254.62 - - [05/Sep/2011:09:47:52 +0700] "GET /ubuntu/dists/karmic/universe/source/Sources.bz2 HTTP/1.1" 304 0 "-" "Ubuntu APT-HTTP/1.3 (0.7.23.1ubuntu2)"
125.160.254.62 - - [05/Sep/2011:09:47:52 +0700] "GET /ubuntu/dists/karmic/multiverse/source/Sources.bz2 HTTP/1.1" 304 0 "-" "Ubuntu APT-HTTP/1.3 (0.7.23.1ubuntu2)"
125.160.254.62 - - [05/Sep/2011:09:47:52 +0700] "GET /ubuntu/dists/karmic-updates/main/binary-i386/Packages.bz2 HTTP/1.1" 304 0 "-" "Ubuntu APT-HTTP/1.3 (0.7.23.1ubuntu2)"
125.160.254.62 - - [05/Sep/2011:09:47:52 +0700] "GET /ubuntu/dists/karmic-updates/restricted/binary-i386/Packages.bz2 HTTP/1.1" 304 0 "-" "Ubuntu APT-HTTP/1.3 (0.7.23.1ubuntu2)"
118.96.14.125 - - [05/Sep/2011:09:47:53 +0700] "GET /ubuntu/dists/jaunty-security/multiverse/binary-i386/Packages.gz HTTP/1.0" 404 168 "-" "Ubuntu APT-HTTP/1.3 (0.7.20.2ubuntu6)"
118.96.14.125 - - [05/Sep/2011:09:47:53 +0700] "GET /ubuntu/dists/jaunty-backports/main/binary-i386/Packages.gz HTTP/1.0" 404 168 "-" "Ubuntu APT-HTTP/1.3 (0.7.20.2ubuntu6)"
114.79.51.93 - - [05/Sep/2011:09:47:53 +0700] "GET /ubuntu/pool/main/e/evolution-data-server/libedataserverui1.2-8_2.30.3-2ubuntu2.1_i386.deb HTTP/1.0" 206 8858 "-" "Axel 2.4 (Linux)"
118.96.14.125 - - [05/Sep/2011:09:47:53 +0700] "GET /ubuntu/dists/jaunty-backports/main/binary-i386/Packages.gz HTTP/1.0" 404 168 "-" "Ubuntu APT-HTTP/1.3 (0.7.20.2ubuntu6)"
118.96.14.125 - - [05/Sep/2011:09:47:53 +0700] "GET /ubuntu/dists/jaunty-backports/restricted/binary-i386/Packages.gz HTTP/1.0" 404 168 "-" "Ubuntu APT-HTTP/1.3 (0.7.20.2ubuntu6)"
118.96.14.125 - - [05/Sep/2011:09:47:53 +0700] "GET /ubuntu/dists/jaunty-backports/universe/binary-i386/Packages.gz HTTP/1.0" 404 168 "-" "Ubuntu APT-HTTP/1.3 (0.7.20.2ubuntu6)"
125.160.254.62 - - [05/Sep/2011:09:47:53 +0700] "GET /ubuntu/dists/karmic-updates/universe/binary-i386/Packages.bz2 HTTP/1.1" 304 0 "-" "Ubuntu APT-HTTP/1.3 (0.7.23.1ubuntu2)"
125.160.254.62 - - [05/Sep/2011:09:47:53 +0700] "GET /ubuntu/dists/karmic-updates/multiverse/binary-i386/Packages.bz2 HTTP/1.1" 304 0 "-" "Ubuntu APT-HTTP/1.3 (0.7.23.1ubuntu2)"
125.160.254.62 - - [05/Sep/2011:09:47:53 +0700] "GET /ubuntu/dists/karmic-updates/main/source/Sources.bz2 HTTP/1.1" 304 0 "-" "Ubuntu APT-HTTP/1.3 (0.7.23.1ubuntu2)"
125.160.254.62 - - [05/Sep/2011:09:47:53 +0700] "GET /ubuntu/dists/karmic-updates/restricted/source/Sources.bz2 HTTP/1.1" 304 0 "-" "Ubuntu APT-HTTP/1.3 (0.7.23.1ubuntu2)"
125.160.254.62 - - [05/Sep/2011:09:47:53 +0700] "GET /ubuntu/dists/karmic-updates/universe/source/Sources.bz2 HTTP/1.1" 304 0 "-" "Ubuntu APT-HTTP/1.3 (0.7.23.1ubuntu2)"
125.160.254.62 - - [05/Sep/2011:09:47:53 +0700] "GET /ubuntu/dists/karmic-updates/multiverse/source/Sources.bz2 HTTP/1.1" 304 0 "-" "Ubuntu APT-HTTP/1.3 (0.7.23.1ubuntu2)"
125.160.254.62 - - [05/Sep/2011:09:47:53 +0700] "GET /ubuntu/dists/karmic-security/main/binary-i386/Packages.bz2 HTTP/1.1" 304 0 "-" "Ubuntu APT-HTTP/1.3 (0.7.23.1ubuntu2)"
125.160.254.62 - - [05/Sep/2011:09:47:53 +0700] "GET /ubuntu/dists/karmic-security/restricted/binary-i386/Packages.bz2 HTTP/1.1" 304 0 "-" "Ubuntu APT-HTTP/1.3 (0.7.23.1ubuntu2)"
125.160.254.62 - - [05/Sep/2011:09:47:53 +0700] "GET /ubuntu/dists/karmic-security/universe/binary-i386/Packages.bz2 HTTP/1.1" 304 0 "-" "Ubuntu APT-HTTP/1.3 (0.7.23.1ubuntu2)"
125.160.254.62 - - [05/Sep/2011:09:47:53 +0700] "GET /ubuntu/dists/karmic-security/multiverse/binary-i386/Packages.bz2 HTTP/1.1" 304 0 "-" "Ubuntu APT-HTTP/1.3 (0.7.23.1ubuntu2)"
118.96.14.125 - - [05/Sep/2011:09:47:53 +0700] "GET /ubuntu/dists/jaunty-backports/multiverse/binary-i386/Packages.gz HTTP/1.0" 404 168 "-" "Ubuntu APT-HTTP/1.3 (0.7.20.2ubuntu6)"
114.79.51.93 - - [05/Sep/2011:09:47:53 +0700] "GET /ubuntu/pool/main/e/evolution-data-server/libedataserverui1.2-8_2.30.3-2ubuntu2.1_i386.deb HTTP/1.0" 206 8858 "-" "Axel 2.4 (Linux)"
118.96.14.125 - - [05/Sep/2011:09:47:53 +0700] "GET /ubuntu/dists/jaunty-proposed/main/binary-i386/Packages.gz HTTP/1.0" 404 168 "-" "Ubuntu APT-HTTP/1.3 (0.7.20.2ubuntu6)"
118.96.14.125 - - [05/Sep/2011:09:47:53 +0700] "GET /ubuntu/dists/jaunty-proposed/restricted/binary-i386/Packages.gz HTTP/1.0" 404 168 "-" "Ubuntu APT-HTTP/1.3 (0.7.20.2ubuntu6)"
118.96.14.125 - - [05/Sep/2011:09:47:53 +0700] "GET /ubuntu/dists/jaunty-proposed/universe/binary-i386/Packages.gz HTTP/1.0" 404 168 "-" "Ubuntu APT-HTTP/1.3 (0.7.20.2ubuntu6)"
114.79.51.93 - - [05/Sep/2011:09:47:53 +0700] "GET /ubuntu/pool/main/e/evolution-data-server/libedataserverui1.2-8_2.30.3-2ubuntu2.1_i386.deb HTTP/1.0" 206 8858 "-" "Axel 2.4 (Linux)"
118.96.14.125 - - [05/Sep/2011:09:47:53 +0700] "GET /ubuntu/dists/jaunty-proposed/multiverse/binary-i386/Packages.gz HTTP/1.0" 404 168 "-" "Ubuntu APT-HTTP/1.3 (0.7.20.2ubuntu6)"
125.160.254.62 - - [05/Sep/2011:09:47:53 +0700] "GET /ubuntu/dists/karmic-security/main/source/Sources.bz2 HTTP/1.1" 304 0 "-" "Ubuntu APT-HTTP/1.3 (0.7.23.1ubuntu2)"
125.160.254.62 - - [05/Sep/2011:09:47:53 +0700] "GET /ubuntu/dists/karmic-security/restricted/source/Sources.bz2 HTTP/1.1" 304 0 "-" "Ubuntu APT-HTTP/1.3 (0.7.23.1ubuntu2)"
125.160.254.62 - - [05/Sep/2011:09:47:53 +0700] "GET /ubuntu/dists/karmic-security/universe/source/Sources.bz2 HTTP/1.1" 304 0 "-" "Ubuntu APT-HTTP/1.3 (0.7.23.1ubuntu2)"
125.160.254.62 - - [05/Sep/2011:09:47:53 +0700] "GET /ubuntu/dists/karmic-security/multiverse/source/Sources.bz2 HTTP/1.1" 304 0 "-" "Ubuntu APT-HTTP/1.3 (0.7.23.1ubuntu2)"
118.96.14.125 - - [05/Sep/2011:09:47:53 +0700] "GET /ubuntu/dists/jaunty/main/binary-i386/Packages HTTP/1.0" 404 168 "-" "Ubuntu APT-HTTP/1.3 (0.7.20.2ubuntu6)"
69.167.165.166 - - [05/Sep/2011:09:47:53 +0700] "-" 400 0 "-" "-"
118.96.14.125 - - [05/Sep/2011:09:47:53 +0700] "GET /ubuntu/dists/jaunty/restricted/binary-i386/Packages HTTP/1.0" 404 168 "-" "Ubuntu APT-HTTP/1.3 (0.7.20.2ubuntu6)"
114.79.51.93 - - [05/Sep/2011:09:47:53 +0700] "GET /ubuntu/pool/main/e/evolution-data-server/libedataserverui1.2-8_2.30.3-2ubuntu2.1_i386.deb HTTP/1.0" 206 8858 "-" "Axel 2.4 (Linux)"
118.96.14.125 - - [05/Sep/2011:09:47:53 +0700] "GET /ubuntu/dists/jaunty/universe/binary-i386/Packages HTTP/1.0" 404 168 "-" "Ubuntu APT-HTTP/1.3 (0.7.20.2ubuntu6)"
118.96.14.125 - - [05/Sep/2011:09:47:53 +0700] "GET /ubuntu/dists/jaunty/multiverse/binary-i386/Packages HTTP/1.0" 404 168 "-" "Ubuntu APT-HTTP/1.3 (0.7.20.2ubuntu6)"
118.96.14.125 - - [05/Sep/2011:09:47:53 +0700] "GET /ubuntu/dists/jaunty-updates/main/binary-i386/Packages HTTP/1.0" 404 168 "-" "Ubuntu APT-HTTP/1.3 (0.7.20.2ubuntu6)"
118.96.14.125 - - [05/Sep/2011:09:47:53 +0700] "GET /ubuntu/dists/jaunty-updates/restricted/binary-i386/Packages HTTP/1.0" 404 168 "-" "Ubuntu APT-HTTP/1.3 (0.7.20.2ubuntu6)"
118.96.14.125 - - [05/Sep/2011:09:47:53 +0700] "GET /ubuntu/dists/jaunty-updates/universe/binary-i386/Packages HTTP/1.0" 404 168 "-" "Ubuntu APT-HTTP/1.3 (0.7.20.2ubuntu6)"
118.96.14.125 - - [05/Sep/2011:09:47:53 +0700] "GET /ubuntu/dists/jaunty-updates/multiverse/binary-i386/Packages HTTP/1.0" 404 168 "-" "Ubuntu APT-HTTP/1.3 (0.7.20.2ubuntu6)"
114.79.51.93 - - [05/Sep/2011:09:47:53 +0700] "GET /ubuntu/pool/main/e/evolution-data-server/libedataserverui1.2-8_2.30.3-2ubuntu2.1_i386.deb HTTP/1.0" 206 8857 "-" "Axel 2.4 (Linux)"
118.96.14.125 - - [05/Sep/2011:09:47:53 +0700] "GET /ubuntu/dists/jaunty-security/main/binary-i386/Packages HTTP/1.0" 404 168 "-" "Ubuntu APT-HTTP/1.3 (0.7.20.2ubuntu6)"
118.96.14.125 - - [05/Sep/2011:09:47:53 +0700] "GET /ubuntu/dists/jaunty-security/restricted/binary-i386/Packages HTTP/1.0" 404 168 "-" "Ubuntu APT-HTTP/1.3 (0.7.20.2ubuntu6)"
192.9.173.38 - - [05/Sep/2011:09:47:54 +0700] "GET /openoffice/ HTTP/1.1" 200 1618 "-" "MirrorBrain Probe (see http://mirrorbrain.org/probe_info)"
114.79.51.93 - - [05/Sep/2011:09:47:54 +0700] "GET /ubuntu/pool/main/e/evolution-data-server/libedataserverui1.2-8_2.30.3-2ubuntu2.1_i386.deb HTTP/1.0" 206 8858 "-" "Axel 2.4 (Linux)"
114.79.51.93 - - [05/Sep/2011:09:47:55 +0700] "GET /ubuntu/pool/main/g/gnome-menus/libgnome-menu2_2.30.4-0ubuntu1_i386.deb HTTP/1.0" 206 58515 "-" "Axel 2.4 (Linux)"
202.184.138.2 - - [05/Sep/2011:09:47:55 +0700] "GET /bebas/v06/Kuliah/SistemOperasi/BUKU/SistemOperasi-4.X-2/ch20s04.html HTTP/1.1" 200 1554 "http://kambing.ui.ac.id/bebas/v06/Kuliah/SistemOperasi/BUKU/SistemOperasi-4.X-2/ch20s03.html" "Mozilla/5.0 (Windows NT 5.1; rv:2.0.1) Gecko/20100101 Firefox/4.0.1"
50.28.3.53 - - [05/Sep/2011:09:47:55 +0700] "-" 400 0 "-" "-"
114.79.51.93 - - [05/Sep/2011:09:47:56 +0700] "GET /ubuntu/pool/main/g/gnome-menus/libgnome-menu2_2.30.4-0ubuntu1_i386.deb HTTP/1.0" 200 58516 "-" "Axel 2.4 (Linux)"
66.249.69.154 - - [05/Sep/2011:09:47:56 +0700] "GET /gnome/bindings/2.29/2.29.91/sources/mono/ HTTP/1.1" 200 701 "-" "Mozilla/5.0 (compatible; Googlebot/2.1; +http://www.google.com/bot.html)"
114.79.51.93 - - [05/Sep/2011:09:47:56 +0700] "GET /ubuntu/pool/main/g/gnome-menus/libgnome-menu2_2.30.4-0ubuntu1_i386.deb HTTP/1.0" 206 5852 "-" "Axel 2.4 (Linux)"
114.79.51.93 - - [05/Sep/2011:09:47:56 +0700] "GET /ubuntu/pool/main/g/gnome-menus/libgnome-menu2_2.30.4-0ubuntu1_i386.deb HTTP/1.0" 206 5852 "-" "Axel 2.4 (Linux)"
117.102.102.246 - - [05/Sep/2011:09:47:56 +0700] "GET /iso/ubuntu/releases/natty/ubuntu-11.04-desktop-i386.iso HTTP/1.0" 206 524876 "http://kambing.ui.ac.id/iso/ubuntu/releases/natty/" "Mozilla/4.0 (compatible; MSIE 6.0; Windows NT 5.0)"
174.122.102.33 - - [05/Sep/2011:09:47:57 +0700] "-" 400 0 "-" "-"
114.79.51.93 - - [05/Sep/2011:09:47:57 +0700] "GET /ubuntu/pool/main/g/gnome-menus/libgnome-menu2_2.30.4-0ubuntu1_i386.deb HTTP/1.0" 206 5852 "-" "Axel 2.4 (Linux)"
223.255.231.30 - - [05/Sep/2011:09:47:57 +0700] "GET /bebas/v12/artikel/pangan/IPB/Pembuatan%20keju.pdf HTTP/1.1" 206 27031 "-" "Mozilla/5.0 (Windows; U; Windows NT 6.1; en-US; rv:1.9.2.8) Gecko/20100722 Firefox/3.6.8"
114.79.51.93 - - [05/Sep/2011:09:47:57 +0700] "GET /ubuntu/pool/main/g/gnome-menus/libgnome-menu2_2.30.4-0ubuntu1_i386.deb HTTP/1.0" 206 5852 "-" "Axel 2.4 (Linux)"
67.225.190.100 - - [05/Sep/2011:09:47:57 +0700] "-" 400 0 "-" "-"
114.79.51.93 - - [05/Sep/2011:09:47:57 +0700] "GET /ubuntu/pool/main/g/gnome-menus/libgnome-menu2_2.30.4-0ubuntu1_i386.deb HTTP/1.0" 206 5852 "-" "Axel 2.4 (Linux)"
114.79.51.93 - - [05/Sep/2011:09:47:57 +0700] "GET /ubuntu/pool/main/g/gnome-menus/libgnome-menu2_2.30.4-0ubuntu1_i386.deb HTTP/1.0" 206 5852 "-" "Axel 2.4 (Linux)"
114.79.51.93 - - [05/Sep/2011:09:47:57 +0700] "GET /ubuntu/pool/main/g/gnome-menus/libgnome-menu2_2.30.4-0ubuntu1_i386.deb HTTP/1.0" 206 5852 "-" "Axel 2.4 (Linux)"
83.133.126.38 - - [05/Sep/2011:09:47:58 +0700] "GET /openoffice/ HTTP/1.1" 200 1618 "-" "MirrorBrain Probe (see http://mirrorbrain.org/probe_info)"
114.79.51.93 - - [05/Sep/2011:09:47:58 +0700] "GET /ubuntu/pool/main/g/gnome-menus/libgnome-menu2_2.30.4-0ubuntu1_i386.deb HTTP/1.0" 206 5852 "-" "Axel 2.4 (Linux)"
114.79.51.93 - - [05/Sep/2011:09:47:58 +0700] "GET /ubuntu/pool/main/g/gnome-menus/libgnome-menu2_2.30.4-0ubuntu1_i386.deb HTTP/1.0" 206 5849 "-" "Axel 2.4 (Linux)"
114.79.51.93 - - [05/Sep/2011:09:47:58 +0700] "GET /ubuntu/pool/main/g/gnome-panel/gnome-panel-data_2.30.2-1ubuntu3_all.deb HTTP/1.0" 206 311131 "-" "Axel 2.4 (Linux)"
117.102.102.246 - - [05/Sep/2011:09:47:58 +0700] "GET /iso/ubuntu/releases/natty/ubuntu-11.04-desktop-i386.iso HTTP/1.0" 206 522176 "http://kambing.ui.ac.id/iso/ubuntu/releases/natty/" "Mozilla/4.0 (compatible; MSIE 6.0; Windows NT 5.0)"
117.102.107.3 - - [05/Sep/2011:09:47:59 +0700] "GET /centos/5.6/extras/i386/repodata/repomd.xml HTTP/1.1" 200 2146 "-" "urlgrabber/3.1.0 yum/3.2.22"
117.102.107.3 - - [05/Sep/2011:09:47:59 +0700] "GET /centos/5.6/fasttrack/i386/repodata/repomd.xml HTTP/1.1" 200 1953 "-" "urlgrabber/3.1.0 yum/3.2.22"
