118.98.212.109 - - [05/Sep/2011:09:49:48 +0700] "GET /ubuntu/dists/natty-updates/main/i18n/Translation-en.bz2 HTTP/1.0" 404 168 "-" "Debian APT-HTTP/1.3 (0.8.13.2ubuntu2)"
118.98.212.109 - - [05/Sep/2011:09:49:48 +0700] "GET /ubuntu/dists/natty-updates/main/i18n/Translation-id.bz2 HTTP/1.0" 404 168 "-" "Debian APT-HTTP/1.3 (0.8.13.2ubuntu2)"
118.98.212.109 - - [05/Sep/2011:09:49:49 +0700] "GET /ubuntu/dists/natty-updates/multiverse/i18n/Translation-en.bz2 HTTP/1.0" 404 168 "-" "Debian APT-HTTP/1.3 (0.8.13.2ubuntu2)"
118.98.212.109 - - [05/Sep/2011:09:49:49 +0700] "GET /ubuntu/dists/natty-updates/multiverse/i18n/Translation-id.bz2 HTTP/1.0" 404 168 "-" "Debian APT-HTTP/1.3 (0.8.13.2ubuntu2)"
66.249.69.154 - - [05/Sep/2011:09:49:49 +0700] "GET /gnu/mc/old/mc-4.5.51.tar.gz.sig HTTP/1.1" 200 65 "-" "Mozilla/5.0 (compatible; Googlebot/2.1; +http://www.google.com/bot.html)"
118.98.212.109 - - [05/Sep/2011:09:49:49 +0700] "GET /ubuntu/dists/natty-updates/restricted/i18n/Translation-en.bz2 HTTP/1.0" 404 168 "-" "Debian APT-HTTP/1.3 (0.8.13.2ubuntu2)"
118.98.212.109 - - [05/Sep/2011:09:49:49 +0700] "GET /ubuntu/dists/natty-updates/restricted/i18n/Translation-id.bz2 HTTP/1.0" 404 168 "-" "Debian APT-HTTP/1.3 (0.8.13.2ubuntu2)"
118.98.212.109 - - [05/Sep/2011:09:49:49 +0700] "GET /ubuntu/dists/natty-updates/universe/i18n/Translation-en.bz2 HTTP/1.0" 404 168 "-" "Debian APT-HTTP/1.3 (0.8.13.2ubuntu2)"
118.98.212.109 - - [05/Sep/2011:09:49:49 +0700] "GET /ubuntu/dists/natty-updates/universe/i18n/Translation-id.bz2 HTTP/1.0" 404 168 "-" "Debian APT-HTTP/1.3 (0.8.13.2ubuntu2)"
118.98.212.109 - - [05/Sep/2011:09:49:49 +0700] "GET /ubuntu/dists/natty-security/main/i18n/Translation-en.bz2 HTTP/1.0" 404 168 "-" "Debian APT-HTTP/1.3 (0.8.13.2ubuntu2)"
118.98.212.109 - - [05/Sep/2011:09:49:49 +0700] "GET /ubuntu/dists/natty-security/main/i18n/Translation-id.bz2 HTTP/1.0" 404 168 "-" "Debian APT-HTTP/1.3 (0.8.13.2ubuntu2)"
118.98.212.109 - - [05/Sep/2011:09:49:49 +0700] "GET /ubuntu/dists/natty-security/multiverse/i18n/Translation-en.bz2 HTTP/1.0" 404 168 "-" "Debian APT-HTTP/1.3 (0.8.13.2ubuntu2)"
118.98.212.109 - - [05/Sep/2011:09:49:49 +0700] "GET /ubuntu/dists/natty-security/multiverse/i18n/Translation-id.bz2 HTTP/1.0" 404 168 "-" "Debian APT-HTTP/1.3 (0.8.13.2ubuntu2)"
118.98.212.109 - - [05/Sep/2011:09:49:49 +0700] "GET /ubuntu/dists/natty-security/restricted/i18n/Translation-en.bz2 HTTP/1.0" 404 168 "-" "Debian APT-HTTP/1.3 (0.8.13.2ubuntu2)"
118.98.212.109 - - [05/Sep/2011:09:49:49 +0700] "GET /ubuntu/dists/natty-security/restricted/i18n/Translation-id.bz2 HTTP/1.0" 404 168 "-" "Debian APT-HTTP/1.3 (0.8.13.2ubuntu2)"
118.98.212.109 - - [05/Sep/2011:09:49:49 +0700] "GET /ubuntu/dists/natty-security/universe/i18n/Translation-en.bz2 HTTP/1.0" 404 168 "-" "Debian APT-HTTP/1.3 (0.8.13.2ubuntu2)"
66.249.69.154 - - [05/Sep/2011:09:49:49 +0700] "GET /gnu/gcc/gcc-4.0.0/gcc-fortran-4.0.0.tar.bz2.sig HTTP/1.1" 200 65 "-" "Mozilla/5.0 (compatible; Googlebot/2.1; +http://www.google.com/bot.html)"
119.63.196.121 - - [05/Sep/2011:09:49:49 +0700] "GET /mozilla/addons/12617/ HTTP/1.1" 200 676 "-" "Mozilla/5.0 (compatible; Baiduspider/2.0; +http://www.baidu.com/search/spider.html)"
118.98.212.109 - - [05/Sep/2011:09:49:49 +0700] "GET /ubuntu/dists/natty-security/universe/i18n/Translation-id.bz2 HTTP/1.0" 404 168 "-" "Debian APT-HTTP/1.3 (0.8.13.2ubuntu2)"
118.98.212.109 - - [05/Sep/2011:09:49:49 +0700] "GET /ubuntu/dists/natty-backports/main/i18n/Translation-en.bz2 HTTP/1.0" 404 168 "-" "Debian APT-HTTP/1.3 (0.8.13.2ubuntu2)"
118.98.212.109 - - [05/Sep/2011:09:49:49 +0700] "GET /ubuntu/dists/natty-backports/main/i18n/Translation-id.bz2 HTTP/1.0" 404 168 "-" "Debian APT-HTTP/1.3 (0.8.13.2ubuntu2)"
118.98.212.109 - - [05/Sep/2011:09:49:49 +0700] "GET /ubuntu/dists/natty-backports/multiverse/i18n/Translation-en.bz2 HTTP/1.0" 404 168 "-" "Debian APT-HTTP/1.3 (0.8.13.2ubuntu2)"
118.98.212.109 - - [05/Sep/2011:09:49:49 +0700] "GET /ubuntu/dists/natty-backports/multiverse/i18n/Translation-id.bz2 HTTP/1.0" 404 168 "-" "Debian APT-HTTP/1.3 (0.8.13.2ubuntu2)"
118.98.212.109 - - [05/Sep/2011:09:49:49 +0700] "GET /ubuntu/dists/natty-backports/restricted/i18n/Translation-en.bz2 HTTP/1.0" 404 168 "-" "Debian APT-HTTP/1.3 (0.8.13.2ubuntu2)"
118.98.212.109 - - [05/Sep/2011:09:49:49 +0700] "GET /ubuntu/dists/natty-backports/restricted/i18n/Translation-id.bz2 HTTP/1.0" 404 168 "-" "Debian APT-HTTP/1.3 (0.8.13.2ubuntu2)"
118.98.212.109 - - [05/Sep/2011:09:49:49 +0700] "GET /ubuntu/dists/natty-backports/universe/i18n/Translation-en.bz2 HTTP/1.0" 404 168 "-" "Debian APT-HTTP/1.3 (0.8.13.2ubuntu2)"
118.98.212.109 - - [05/Sep/2011:09:49:49 +0700] "GET /ubuntu/dists/natty-backports/universe/i18n/Translation-id.bz2 HTTP/1.0" 404 168 "-" "Debian APT-HTTP/1.3 (0.8.13.2ubuntu2)"
118.98.212.109 - - [05/Sep/2011:09:49:49 +0700] "GET /ubuntu/dists/natty/main/i18n/Translation-en.xz HTTP/1.0" 404 168 "-" "Debian APT-HTTP/1.3 (0.8.13.2ubuntu2)"
118.98.212.109 - - [05/Sep/2011:09:49:49 +0700] "GET /ubuntu/dists/natty-proposed/main/i18n/Translation-en.bz2 HTTP/1.0" 404 168 "-" "Debian APT-HTTP/1.3 (0.8.13.2ubuntu2)"
118.98.212.109 - - [05/Sep/2011:09:49:49 +0700] "GET /ubuntu/dists/natty-proposed/main/i18n/Translation-id.bz2 HTTP/1.0" 404 168 "-" "Debian APT-HTTP/1.3 (0.8.13.2ubuntu2)"
118.98.212.109 - - [05/Sep/2011:09:49:50 +0700] "GET /ubuntu/dists/natty-proposed/multiverse/i18n/Translation-en.bz2 HTTP/1.0" 404 168 "-" "Debian APT-HTTP/1.3 (0.8.13.2ubuntu2)"
66.249.69.50 - - [05/Sep/2011:09:49:50 +0700] "GET /bebas/v06/Kuliah/SistemOperasi/2003/22/produk/dummy/5berkas/5Aberkas.sgml HTTP/1.1" 200 347 "-" "Mozilla/5.0 (compatible; Googlebot/2.1; +http://www.google.com/bot.html)"
118.98.212.109 - - [05/Sep/2011:09:49:50 +0700] "GET /ubuntu/dists/natty-proposed/multiverse/i18n/Translation-id.bz2 HTTP/1.0" 404 168 "-" "Debian APT-HTTP/1.3 (0.8.13.2ubuntu2)"
118.98.212.109 - - [05/Sep/2011:09:49:50 +0700] "GET /ubuntu/dists/natty-proposed/restricted/i18n/Translation-en.bz2 HTTP/1.0" 404 168 "-" "Debian APT-HTTP/1.3 (0.8.13.2ubuntu2)"
118.98.212.109 - - [05/Sep/2011:09:49:50 +0700] "GET /ubuntu/dists/natty-proposed/restricted/i18n/Translation-id.bz2 HTTP/1.0" 404 168 "-" "Debian APT-HTTP/1.3 (0.8.13.2ubuntu2)"
118.98.212.109 - - [05/Sep/2011:09:49:50 +0700] "GET /ubuntu/dists/natty-proposed/universe/i18n/Translation-en.bz2 HTTP/1.0" 404 168 "-" "Debian APT-HTTP/1.3 (0.8.13.2ubuntu2)"
118.98.212.109 - - [05/Sep/2011:09:49:50 +0700] "GET /ubuntu/dists/natty-proposed/universe/i18n/Translation-id.bz2 HTTP/1.0" 404 168 "-" "Debian APT-HTTP/1.3 (0.8.13.2ubuntu2)"
118.98.212.109 - - [05/Sep/2011:09:49:50 +0700] "GET /ubuntu/dists/natty/multiverse/i18n/Translation-en.xz HTTP/1.0" 404 168 "-" "Debian APT-HTTP/1.3 (0.8.13.2ubuntu2)"
66.249.69.154 - - [05/Sep/2011:09:49:50 +0700] "GET /linux/people/arnd/patches/2.6.18-arnd1/ HTTP/1.1" 200 770 "-" "Mozilla/5.0 (compatible; Googlebot/2.1; +http://www.google.com/bot.html)"
118.98.212.109 - - [05/Sep/2011:09:49:50 +0700] "GET /ubuntu/dists/natty/restricted/i18n/Translation-en.xz HTTP/1.0" 404 168 "-" "Debian APT-HTTP/1.3 (0.8.13.2ubuntu2)"
118.98.212.109 - - [05/Sep/2011:09:49:50 +0700] "GET /ubuntu/dists/natty/universe/i18n/Translation-en.xz HTTP/1.0" 404 168 "-" "Debian APT-HTTP/1.3 (0.8.13.2ubuntu2)"
118.98.212.109 - - [05/Sep/2011:09:49:50 +0700] "GET /ubuntu/dists/natty-updates/main/i18n/Translation-en.xz HTTP/1.0" 404 168 "-" "Debian APT-HTTP/1.3 (0.8.13.2ubuntu2)"
118.98.212.109 - - [05/Sep/2011:09:49:50 +0700] "GET /ubuntu/dists/natty-updates/main/i18n/Translation-id.xz HTTP/1.0" 404 168 "-" "Debian APT-HTTP/1.3 (0.8.13.2ubuntu2)"
118.98.212.109 - - [05/Sep/2011:09:49:50 +0700] "GET /ubuntu/dists/natty-updates/multiverse/i18n/Translation-en.xz HTTP/1.0" 404 168 "-" "Debian APT-HTTP/1.3 (0.8.13.2ubuntu2)"
118.98.212.109 - - [05/Sep/2011:09:49:50 +0700] "GET /ubuntu/dists/natty-updates/multiverse/i18n/Translation-id.xz HTTP/1.0" 404 168 "-" "Debian APT-HTTP/1.3 (0.8.13.2ubuntu2)"
114.79.51.93 - - [05/Sep/2011:09:49:50 +0700] "GET /ubuntu/pool/main/g/gnome-control-center/capplets-data_2.32.0-0ubuntu2_all.deb HTTP/1.0" 206 618 "-" "Axel 2.4 (Linux)"
118.98.212.109 - - [05/Sep/2011:09:49:50 +0700] "GET /ubuntu/dists/natty-updates/restricted/i18n/Translation-en.xz HTTP/1.0" 404 168 "-" "Debian APT-HTTP/1.3 (0.8.13.2ubuntu2)"
66.249.69.154 - - [05/Sep/2011:09:49:50 +0700] "GET /gnu/gcc/gcc-3.3.5/gcc-java-3.3.5.tar.bz2.sig HTTP/1.1" 200 65 "-" "Mozilla/5.0 (compatible; Googlebot/2.1; +http://www.google.com/bot.html)"
118.98.212.109 - - [05/Sep/2011:09:49:50 +0700] "GET /ubuntu/dists/natty-updates/restricted/i18n/Translation-id.xz HTTP/1.0" 404 168 "-" "Debian APT-HTTP/1.3 (0.8.13.2ubuntu2)"
174.121.3.145 - - [05/Sep/2011:09:49:50 +0700] "-" 400 0 "-" "-"
118.98.212.109 - - [05/Sep/2011:09:49:50 +0700] "GET /ubuntu/dists/natty-updates/universe/i18n/Translation-en.xz HTTP/1.0" 404 168 "-" "Debian APT-HTTP/1.3 (0.8.13.2ubuntu2)"
118.98.212.109 - - [05/Sep/2011:09:49:50 +0700] "GET /ubuntu/dists/natty-updates/universe/i18n/Translation-id.xz HTTP/1.0" 404 168 "-" "Debian APT-HTTP/1.3 (0.8.13.2ubuntu2)"
118.98.212.109 - - [05/Sep/2011:09:49:51 +0700] "GET /ubuntu/dists/natty-security/main/i18n/Translation-en.xz HTTP/1.0" 404 168 "-" "Debian APT-HTTP/1.3 (0.8.13.2ubuntu2)"
118.98.212.109 - - [05/Sep/2011:09:49:51 +0700] "GET /ubuntu/dists/natty-security/main/i18n/Translation-id.xz HTTP/1.0" 404 168 "-" "Debian APT-HTTP/1.3 (0.8.13.2ubuntu2)"
118.98.212.109 - - [05/Sep/2011:09:49:51 +0700] "GET /ubuntu/dists/natty-security/multiverse/i18n/Translation-en.xz HTTP/1.0" 404 168 "-" "Debian APT-HTTP/1.3 (0.8.13.2ubuntu2)"
118.98.212.109 - - [05/Sep/2011:09:49:51 +0700] "GET /ubuntu/dists/natty-security/multiverse/i18n/Translation-id.xz HTTP/1.0" 404 168 "-" "Debian APT-HTTP/1.3 (0.8.13.2ubuntu2)"
118.98.212.109 - - [05/Sep/2011:09:49:51 +0700] "GET /ubuntu/dists/natty-security/restricted/i18n/Translation-en.xz HTTP/1.0" 404 168 "-" "Debian APT-HTTP/1.3 (0.8.13.2ubuntu2)"
118.98.212.109 - - [05/Sep/2011:09:49:51 +0700] "GET /ubuntu/dists/natty-security/restricted/i18n/Translation-id.xz HTTP/1.0" 404 168 "-" "Debian APT-HTTP/1.3 (0.8.13.2ubuntu2)"
118.98.212.109 - - [05/Sep/2011:09:49:51 +0700] "GET /ubuntu/dists/natty-security/universe/i18n/Translation-en.xz HTTP/1.0" 404 168 "-" "Debian APT-HTTP/1.3 (0.8.13.2ubuntu2)"
118.98.212.109 - - [05/Sep/2011:09:49:51 +0700] "GET /ubuntu/dists/natty-security/universe/i18n/Translation-id.xz HTTP/1.0" 404 168 "-" "Debian APT-HTTP/1.3 (0.8.13.2ubuntu2)"
118.98.212.109 - - [05/Sep/2011:09:49:51 +0700] "GET /ubuntu/dists/natty-backports/main/i18n/Translation-en.xz HTTP/1.0" 404 168 "-" "Debian APT-HTTP/1.3 (0.8.13.2ubuntu2)"
118.98.212.109 - - [05/Sep/2011:09:49:51 +0700] "GET /ubuntu/dists/natty-backports/main/i18n/Translation-id.xz HTTP/1.0" 404 168 "-" "Debian APT-HTTP/1.3 (0.8.13.2ubuntu2)"
66.249.69.154 - - [05/Sep/2011:09:49:51 +0700] "GET /linux/people/akpm/patches/2.6/2.6.16-rc5/2.6.16-rc5-mm2/broken-out/ HTTP/1.1" 200 35184 "-" "Mozilla/5.0 (compatible; Googlebot/2.1; +http://www.google.com/bot.html)"
118.98.212.109 - - [05/Sep/2011:09:49:51 +0700] "GET /ubuntu/dists/natty-backports/multiverse/i18n/Translation-en.xz HTTP/1.0" 404 168 "-" "Debian APT-HTTP/1.3 (0.8.13.2ubuntu2)"
118.98.212.109 - - [05/Sep/2011:09:49:51 +0700] "GET /ubuntu/dists/natty-backports/multiverse/i18n/Translation-id.xz HTTP/1.0" 404 168 "-" "Debian APT-HTTP/1.3 (0.8.13.2ubuntu2)"
118.98.212.109 - - [05/Sep/2011:09:49:51 +0700] "GET /ubuntu/dists/natty-backports/restricted/i18n/Translation-en.xz HTTP/1.0" 404 168 "-" "Debian APT-HTTP/1.3 (0.8.13.2ubuntu2)"
118.98.212.109 - - [05/Sep/2011:09:49:51 +0700] "GET /ubuntu/dists/natty-backports/restricted/i18n/Translation-id.xz HTTP/1.0" 404 168 "-" "Debian APT-HTTP/1.3 (0.8.13.2ubuntu2)"
118.98.212.109 - - [05/Sep/2011:09:49:51 +0700] "GET /ubuntu/dists/natty-backports/universe/i18n/Translation-en.xz HTTP/1.0" 404 168 "-" "Debian APT-HTTP/1.3 (0.8.13.2ubuntu2)"
66.249.69.154 - - [05/Sep/2011:09:49:51 +0700] "GET /gnu/gcc/gcc-3.4.0/gcc-g++-3.4.0.tar.gz.sig HTTP/1.1" 200 65 "-" "Mozilla/5.0 (compatible; Googlebot/2.1; +http://www.google.com/bot.html)"
118.98.212.109 - - [05/Sep/2011:09:49:51 +0700] "GET /ubuntu/dists/natty-backports/universe/i18n/Translation-id.xz HTTP/1.0" 404 168 "-" "Debian APT-HTTP/1.3 (0.8.13.2ubuntu2)"
118.98.212.109 - - [05/Sep/2011:09:49:51 +0700] "GET /ubuntu/dists/natty/main/i18n/Translation-en.gz HTTP/1.0" 404 168 "-" "Debian APT-HTTP/1.3 (0.8.13.2ubuntu2)"
118.98.212.109 - - [05/Sep/2011:09:49:51 +0700] "GET /ubuntu/dists/natty-proposed/main/i18n/Translation-en.xz HTTP/1.0" 404 168 "-" "Debian APT-HTTP/1.3 (0.8.13.2ubuntu2)"
118.98.212.109 - - [05/Sep/2011:09:49:52 +0700] "GET /ubuntu/dists/natty-proposed/main/i18n/Translation-id.xz HTTP/1.0" 404 168 "-" "Debian APT-HTTP/1.3 (0.8.13.2ubuntu2)"
118.98.212.109 - - [05/Sep/2011:09:49:52 +0700] "GET /ubuntu/dists/natty-proposed/multiverse/i18n/Translation-en.xz HTTP/1.0" 404 168 "-" "Debian APT-HTTP/1.3 (0.8.13.2ubuntu2)"
118.98.212.109 - - [05/Sep/2011:09:49:52 +0700] "GET /ubuntu/dists/natty-proposed/multiverse/i18n/Translation-id.xz HTTP/1.0" 404 168 "-" "Debian APT-HTTP/1.3 (0.8.13.2ubuntu2)"
118.98.212.109 - - [05/Sep/2011:09:49:52 +0700] "GET /ubuntu/dists/natty-proposed/restricted/i18n/Translation-en.xz HTTP/1.0" 404 168 "-" "Debian APT-HTTP/1.3 (0.8.13.2ubuntu2)"
118.98.212.109 - - [05/Sep/2011:09:49:52 +0700] "GET /ubuntu/dists/natty-proposed/restricted/i18n/Translation-id.xz HTTP/1.0" 404 168 "-" "Debian APT-HTTP/1.3 (0.8.13.2ubuntu2)"
118.98.212.109 - - [05/Sep/2011:09:49:52 +0700] "GET /ubuntu/dists/natty-proposed/universe/i18n/Translation-en.xz HTTP/1.0" 404 168 "-" "Debian APT-HTTP/1.3 (0.8.13.2ubuntu2)"
114.79.51.93 - - [05/Sep/2011:09:49:52 +0700] "GET /ubuntu/pool/main/g/gnome-control-center/capplets-data_2.32.0-0ubuntu2_all.deb HTTP/1.0" 206 619 "-" "Axel 2.4 (Linux)"
72.52.186.151 - - [05/Sep/2011:09:49:52 +0700] "-" 400 0 "-" "-"
118.98.212.109 - - [05/Sep/2011:09:49:52 +0700] "GET /ubuntu/dists/natty-proposed/universe/i18n/Translation-id.xz HTTP/1.0" 404 168 "-" "Debian APT-HTTP/1.3 (0.8.13.2ubuntu2)"
118.98.212.109 - - [05/Sep/2011:09:49:52 +0700] "GET /ubuntu/dists/natty/multiverse/i18n/Translation-en.gz HTTP/1.0" 404 168 "-" "Debian APT-HTTP/1.3 (0.8.13.2ubuntu2)"
174.133.98.232 - - [05/Sep/2011:09:49:52 +0700] "-" 400 0 "-" "-"
114.79.51.93 - - [05/Sep/2011:09:49:52 +0700] "-" 400 0 "-" "-"
118.98.212.109 - - [05/Sep/2011:09:49:52 +0700] "GET /ubuntu/dists/natty/restricted/i18n/Translation-en.gz HTTP/1.0" 404 168 "-" "Debian APT-HTTP/1.3 (0.8.13.2ubuntu2)"
118.98.212.109 - - [05/Sep/2011:09:49:52 +0700] "GET /ubuntu/dists/natty/universe/i18n/Translation-en.gz HTTP/1.0" 404 168 "-" "Debian APT-HTTP/1.3 (0.8.13.2ubuntu2)"
114.79.51.93 - - [05/Sep/2011:09:49:53 +0700] "GET /ubuntu/pool/main/g/gnome-settings-daemon/gnome-settings-daemon_2.32.0-0ubuntu3.1_i386.deb HTTP/1.0" 206 285961 "-" "Axel 2.4 (Linux)"
118.98.212.109 - - [05/Sep/2011:09:49:53 +0700] "GET /ubuntu/dists/natty-updates/main/i18n/Translation-en.gz HTTP/1.0" 404 168 "-" "Debian APT-HTTP/1.3 (0.8.13.2ubuntu2)"
118.98.212.109 - - [05/Sep/2011:09:49:53 +0700] "GET /ubuntu/dists/natty-updates/main/i18n/Translation-id.gz HTTP/1.0" 404 168 "-" "Debian APT-HTTP/1.3 (0.8.13.2ubuntu2)"
118.98.212.109 - - [05/Sep/2011:09:49:53 +0700] "GET /ubuntu/dists/natty-updates/multiverse/i18n/Translation-en.gz HTTP/1.0" 404 168 "-" "Debian APT-HTTP/1.3 (0.8.13.2ubuntu2)"
66.249.69.154 - - [05/Sep/2011:09:49:53 +0700] "GET /cygwin/release-legacy/brltty/md5.sum HTTP/1.1" 200 273 "-" "Mozilla/5.0 (compatible; Googlebot/2.1; +http://www.google.com/bot.html)"
118.98.212.109 - - [05/Sep/2011:09:49:53 +0700] "GET /ubuntu/dists/natty-updates/multiverse/i18n/Translation-id.gz HTTP/1.0" 404 168 "-" "Debian APT-HTTP/1.3 (0.8.13.2ubuntu2)"
114.79.51.93 - - [05/Sep/2011:09:49:53 +0700] "GET /ubuntu/pool/main/g/gnome-settings-daemon/gnome-settings-daemon_2.32.0-0ubuntu3.1_i386.deb HTTP/1.0" 206 28597 "-" "Axel 2.4 (Linux)"
114.79.51.93 - - [05/Sep/2011:09:49:53 +0700] "GET /ubuntu/pool/main/g/gnome-settings-daemon/gnome-settings-daemon_2.32.0-0ubuntu3.1_i386.deb HTTP/1.0" 200 285962 "-" "Axel 2.4 (Linux)"
118.98.212.109 - - [05/Sep/2011:09:49:53 +0700] "GET /ubuntu/dists/natty-updates/restricted/i18n/Translation-en.gz HTTP/1.0" 404 168 "-" "Debian APT-HTTP/1.3 (0.8.13.2ubuntu2)"
118.98.212.109 - - [05/Sep/2011:09:49:53 +0700] "GET /ubuntu/dists/natty-updates/restricted/i18n/Translation-id.gz HTTP/1.0" 404 168 "-" "Debian APT-HTTP/1.3 (0.8.13.2ubuntu2)"
66.249.69.154 - - [05/Sep/2011:09:49:53 +0700] "GET /linux/people/arnd/patches/2.6.19-rc5-arnd1/ HTTP/1.1" 200 776 "-" "Mozilla/5.0 (compatible; Googlebot/2.1; +http://www.google.com/bot.html)"
114.79.51.93 - - [05/Sep/2011:09:49:53 +0700] "GET /ubuntu/pool/main/g/gnome-settings-daemon/gnome-settings-daemon_2.32.0-0ubuntu3.1_i386.deb HTTP/1.0" 206 28597 "-" "Axel 2.4 (Linux)"
118.98.212.109 - - [05/Sep/2011:09:49:53 +0700] "GET /ubuntu/dists/natty-updates/universe/i18n/Translation-en.gz HTTP/1.0" 404 168 "-" "Debian APT-HTTP/1.3 (0.8.13.2ubuntu2)"
118.98.212.109 - - [05/Sep/2011:09:49:53 +0700] "GET /ubuntu/dists/natty-updates/universe/i18n/Translation-id.gz HTTP/1.0" 404 168 "-" "Debian APT-HTTP/1.3 (0.8.13.2ubuntu2)"
118.98.212.109 - - [05/Sep/2011:09:49:53 +0700] "GET /ubuntu/dists/natty-security/main/i18n/Translation-en.gz HTTP/1.0" 404 168 "-" "Debian APT-HTTP/1.3 (0.8.13.2ubuntu2)"
118.98.212.109 - - [05/Sep/2011:09:49:54 +0700] "GET /ubuntu/dists/natty-security/main/i18n/Translation-id.gz HTTP/1.0" 404 168 "-" "Debian APT-HTTP/1.3 (0.8.13.2ubuntu2)"
66.249.69.154 - - [05/Sep/2011:09:49:54 +0700] "GET /cran/src/contrib/Archive/adaptivetau HTTP/1.1" 500 383 "-" "Mozilla/5.0 (compatible; Googlebot/2.1; +http://www.google.com/bot.html)"
118.98.212.109 - - [05/Sep/2011:09:49:54 +0700] "GET /ubuntu/dists/natty-security/multiverse/i18n/Translation-en.gz HTTP/1.0" 404 168 "-" "Debian APT-HTTP/1.3 (0.8.13.2ubuntu2)"
118.98.212.109 - - [05/Sep/2011:09:49:54 +0700] "GET /ubuntu/dists/natty-security/multiverse/i18n/Translation-id.gz HTTP/1.0" 404 168 "-" "Debian APT-HTTP/1.3 (0.8.13.2ubuntu2)"
118.98.212.109 - - [05/Sep/2011:09:49:54 +0700] "GET /ubuntu/dists/natty-security/restricted/i18n/Translation-en.gz HTTP/1.0" 404 168 "-" "Debian APT-HTTP/1.3 (0.8.13.2ubuntu2)"
118.98.212.109 - - [05/Sep/2011:09:49:54 +0700] "GET /ubuntu/dists/natty-security/restricted/i18n/Translation-id.gz HTTP/1.0" 404 168 "-" "Debian APT-HTTP/1.3 (0.8.13.2ubuntu2)"
118.98.212.109 - - [05/Sep/2011:09:49:54 +0700] "GET /ubuntu/dists/natty-security/universe/i18n/Translation-en.gz HTTP/1.0" 404 168 "-" "Debian APT-HTTP/1.3 (0.8.13.2ubuntu2)"
66.249.68.142 - - [05/Sep/2011:09:49:54 +0700] "GET /slacky/slackware-13.37/scientific/cspice/n0064/cspice-n0064-i686-3sl.txz.asc HTTP/1.1" 200 198 "-" "DoCoMo/2.0 N905i(c100;TB;W24H16) (compatible; Googlebot-Mobile/2.1; +http://www.google.com/bot.html)"
118.98.212.109 - - [05/Sep/2011:09:49:54 +0700] "GET /ubuntu/dists/natty-security/universe/i18n/Translation-id.gz HTTP/1.0" 404 168 "-" "Debian APT-HTTP/1.3 (0.8.13.2ubuntu2)"
118.98.212.109 - - [05/Sep/2011:09:49:54 +0700] "GET /ubuntu/dists/natty-backports/main/i18n/Translation-en.gz HTTP/1.0" 404 168 "-" "Debian APT-HTTP/1.3 (0.8.13.2ubuntu2)"
202.78.195.187 - - [05/Sep/2011:09:49:54 +0700] "GET /centos/5/addons/i386/repodata/repomd.xml HTTP/1.1" 200 951 "-" "urlgrabber/3.1.0 yum/3.2.22"
202.78.195.187 - - [05/Sep/2011:09:49:54 +0700] "GET /centos/5/os/i386/repodata/repomd.xml HTTP/1.1" 200 1140 "-" "urlgrabber/3.1.0 yum/3.2.22"
118.98.212.109 - - [05/Sep/2011:09:49:55 +0700] "GET /ubuntu/dists/natty-backports/main/i18n/Translation-id.gz HTTP/1.0" 404 168 "-" "Debian APT-HTTP/1.3 (0.8.13.2ubuntu2)"
117.102.102.246 - - [05/Sep/2011:09:49:55 +0700] "GET /iso/ubuntu/releases/natty/ubuntu-11.04-desktop-i386.iso HTTP/1.0" 206 311576 "http://kambing.ui.ac.id/iso/ubuntu/releases/natty/" "Mozilla/4.0 (compatible; MSIE 6.0; Windows NT 5.0)"
118.98.212.109 - - [05/Sep/2011:09:49:55 +0700] "GET /ubuntu/dists/natty-backports/multiverse/i18n/Translation-en.gz HTTP/1.0" 404 168 "-" "Debian APT-HTTP/1.3 (0.8.13.2ubuntu2)"
118.98.212.109 - - [05/Sep/2011:09:49:55 +0700] "GET /ubuntu/dists/natty-backports/multiverse/i18n/Translation-id.gz HTTP/1.0" 404 168 "-" "Debian APT-HTTP/1.3 (0.8.13.2ubuntu2)"
118.98.212.109 - - [05/Sep/2011:09:49:55 +0700] "GET /ubuntu/dists/natty-backports/restricted/i18n/Translation-en.gz HTTP/1.0" 404 168 "-" "Debian APT-HTTP/1.3 (0.8.13.2ubuntu2)"
118.98.212.109 - - [05/Sep/2011:09:49:55 +0700] "GET /ubuntu/dists/natty-backports/restricted/i18n/Translation-id.gz HTTP/1.0" 404 168 "-" "Debian APT-HTTP/1.3 (0.8.13.2ubuntu2)"
118.98.212.109 - - [05/Sep/2011:09:49:55 +0700] "GET /ubuntu/dists/natty-backports/universe/i18n/Translation-en.gz HTTP/1.0" 404 168 "-" "Debian APT-HTTP/1.3 (0.8.13.2ubuntu2)"
118.98.212.109 - - [05/Sep/2011:09:49:55 +0700] "GET /ubuntu/dists/natty-backports/universe/i18n/Translation-id.gz HTTP/1.0" 404 168 "-" "Debian APT-HTTP/1.3 (0.8.13.2ubuntu2)"
118.98.212.109 - - [05/Sep/2011:09:49:55 +0700] "GET /ubuntu/dists/natty/main/i18n/Translation-en HTTP/1.0" 404 168 "-" "Debian APT-HTTP/1.3 (0.8.13.2ubuntu2)"
118.98.212.109 - - [05/Sep/2011:09:49:55 +0700] "GET /ubuntu/dists/natty-proposed/main/i18n/Translation-en.gz HTTP/1.0" 404 168 "-" "Debian APT-HTTP/1.3 (0.8.13.2ubuntu2)"
118.98.212.109 - - [05/Sep/2011:09:49:55 +0700] "GET /ubuntu/dists/natty-proposed/main/i18n/Translation-id.gz HTTP/1.0" 404 168 "-" "Debian APT-HTTP/1.3 (0.8.13.2ubuntu2)"
118.98.212.109 - - [05/Sep/2011:09:49:55 +0700] "GET /ubuntu/dists/natty-proposed/multiverse/i18n/Translation-en.gz HTTP/1.0" 404 168 "-" "Debian APT-HTTP/1.3 (0.8.13.2ubuntu2)"
118.98.212.109 - - [05/Sep/2011:09:49:55 +0700] "GET /ubuntu/dists/natty-proposed/multiverse/i18n/Translation-id.gz HTTP/1.0" 404 168 "-" "Debian APT-HTTP/1.3 (0.8.13.2ubuntu2)"
118.98.212.109 - - [05/Sep/2011:09:49:55 +0700] "GET /ubuntu/dists/natty-proposed/restricted/i18n/Translation-en.gz HTTP/1.0" 404 168 "-" "Debian APT-HTTP/1.3 (0.8.13.2ubuntu2)"
118.98.212.109 - - [05/Sep/2011:09:49:55 +0700] "GET /ubuntu/dists/natty-proposed/restricted/i18n/Translation-id.gz HTTP/1.0" 404 168 "-" "Debian APT-HTTP/1.3 (0.8.13.2ubuntu2)"
118.98.212.109 - - [05/Sep/2011:09:49:55 +0700] "GET /ubuntu/dists/natty-proposed/universe/i18n/Translation-en.gz HTTP/1.0" 404 168 "-" "Debian APT-HTTP/1.3 (0.8.13.2ubuntu2)"
118.98.212.109 - - [05/Sep/2011:09:49:56 +0700] "GET /ubuntu/dists/natty-proposed/universe/i18n/Translation-id.gz HTTP/1.0" 404 168 "-" "Debian APT-HTTP/1.3 (0.8.13.2ubuntu2)"
202.78.195.187 - - [05/Sep/2011:09:49:56 +0700] "GET /centos/5/extras/i386/repodata/repomd.xml HTTP/1.1" 200 2146 "-" "urlgrabber/3.1.0 yum/3.2.22"
192.9.173.38 - - [05/Sep/2011:09:49:56 +0700] "GET /openoffice/ HTTP/1.1" 200 1618 "-" "MirrorBrain Probe (see http://mirrorbrain.org/probe_info)"
118.98.212.109 - - [05/Sep/2011:09:49:56 +0700] "GET /ubuntu/dists/natty/multiverse/i18n/Translation-en HTTP/1.0" 404 168 "-" "Debian APT-HTTP/1.3 (0.8.13.2ubuntu2)"
118.98.212.109 - - [05/Sep/2011:09:49:56 +0700] "GET /ubuntu/dists/natty/restricted/i18n/Translation-en HTTP/1.0" 404 168 "-" "Debian APT-HTTP/1.3 (0.8.13.2ubuntu2)"
118.98.212.109 - - [05/Sep/2011:09:49:56 +0700] "GET /ubuntu/dists/natty/universe/i18n/Translation-en HTTP/1.0" 404 168 "-" "Debian APT-HTTP/1.3 (0.8.13.2ubuntu2)"
118.98.212.109 - - [05/Sep/2011:09:49:56 +0700] "GET /ubuntu/dists/natty-updates/main/i18n/Translation-en HTTP/1.0" 404 168 "-" "Debian APT-HTTP/1.3 (0.8.13.2ubuntu2)"
118.98.212.109 - - [05/Sep/2011:09:49:56 +0700] "GET /ubuntu/dists/natty-updates/main/i18n/Translation-id HTTP/1.0" 404 168 "-" "Debian APT-HTTP/1.3 (0.8.13.2ubuntu2)"
118.98.212.109 - - [05/Sep/2011:09:49:56 +0700] "GET /ubuntu/dists/natty-updates/multiverse/i18n/Translation-en HTTP/1.0" 404 168 "-" "Debian APT-HTTP/1.3 (0.8.13.2ubuntu2)"
118.98.212.109 - - [05/Sep/2011:09:49:56 +0700] "GET /ubuntu/dists/natty-updates/multiverse/i18n/Translation-id HTTP/1.0" 404 168 "-" "Debian APT-HTTP/1.3 (0.8.13.2ubuntu2)"
59.92.107.185 - - [05/Sep/2011:09:49:56 +0700] "GET /fedora/updates/15/x86_64/repodata/eabfafd98c1b6ade5106c4328e75fd70f72733135427f58b9461aad467c33e27-other.sqlite.bz2 HTTP/1.1" 404 168 "-" "urlgrabber/3.9.1 yum/3.2.29"
118.98.212.109 - - [05/Sep/2011:09:49:56 +0700] "GET /ubuntu/dists/natty-updates/restricted/i18n/Translation-en HTTP/1.0" 404 168 "-" "Debian APT-HTTP/1.3 (0.8.13.2ubuntu2)"
118.98.212.109 - - [05/Sep/2011:09:49:56 +0700] "GET /ubuntu/dists/natty-updates/restricted/i18n/Translation-id HTTP/1.0" 404 168 "-" "Debian APT-HTTP/1.3 (0.8.13.2ubuntu2)"
118.98.212.109 - - [05/Sep/2011:09:49:56 +0700] "GET /ubuntu/dists/natty-updates/universe/i18n/Translation-en HTTP/1.0" 404 168 "-" "Debian APT-HTTP/1.3 (0.8.13.2ubuntu2)"
118.98.212.109 - - [05/Sep/2011:09:49:56 +0700] "GET /ubuntu/dists/natty-updates/universe/i18n/Translation-id HTTP/1.0" 404 168 "-" "Debian APT-HTTP/1.3 (0.8.13.2ubuntu2)"
118.98.212.109 - - [05/Sep/2011:09:49:56 +0700] "GET /ubuntu/dists/natty-security/main/i18n/Translation-en HTTP/1.0" 404 168 "-" "Debian APT-HTTP/1.3 (0.8.13.2ubuntu2)"
118.98.212.109 - - [05/Sep/2011:09:49:56 +0700] "GET /ubuntu/dists/natty-security/main/i18n/Translation-id HTTP/1.0" 404 168 "-" "Debian APT-HTTP/1.3 (0.8.13.2ubuntu2)"
118.98.212.109 - - [05/Sep/2011:09:49:56 +0700] "GET /ubuntu/dists/natty-security/multiverse/i18n/Translation-en HTTP/1.0" 404 168 "-" "Debian APT-HTTP/1.3 (0.8.13.2ubuntu2)"
118.98.212.109 - - [05/Sep/2011:09:49:56 +0700] "GET /ubuntu/dists/natty-security/multiverse/i18n/Translation-id HTTP/1.0" 404 168 "-" "Debian APT-HTTP/1.3 (0.8.13.2ubuntu2)"
118.98.212.109 - - [05/Sep/2011:09:49:56 +0700] "GET /ubuntu/dists/natty-security/restricted/i18n/Translation-en HTTP/1.0" 404 168 "-" "Debian APT-HTTP/1.3 (0.8.13.2ubuntu2)"
118.98.212.109 - - [05/Sep/2011:09:49:56 +0700] "GET /ubuntu/dists/natty-security/restricted/i18n/Translation-id HTTP/1.0" 404 168 "-" "Debian APT-HTTP/1.3 (0.8.13.2ubuntu2)"
118.98.212.109 - - [05/Sep/2011:09:49:56 +0700] "GET /ubuntu/dists/natty-security/universe/i18n/Translation-en HTTP/1.0" 404 168 "-" "Debian APT-HTTP/1.3 (0.8.13.2ubuntu2)"
118.98.212.109 - - [05/Sep/2011:09:49:56 +0700] "GET /ubuntu/dists/natty-security/universe/i18n/Translation-id HTTP/1.0" 404 168 "-" "Debian APT-HTTP/1.3 (0.8.13.2ubuntu2)"
118.98.212.109 - - [05/Sep/2011:09:49:56 +0700] "GET /ubuntu/dists/natty-backports/main/i18n/Translation-en HTTP/1.0" 404 168 "-" "Debian APT-HTTP/1.3 (0.8.13.2ubuntu2)"
118.98.212.109 - - [05/Sep/2011:09:49:56 +0700] "GET /ubuntu/dists/natty-backports/main/i18n/Translation-id HTTP/1.0" 404 168 "-" "Debian APT-HTTP/1.3 (0.8.13.2ubuntu2)"
118.98.212.109 - - [05/Sep/2011:09:49:56 +0700] "GET /ubuntu/dists/natty-backports/multiverse/i18n/Translation-en HTTP/1.0" 404 168 "-" "Debian APT-HTTP/1.3 (0.8.13.2ubuntu2)"
118.98.212.109 - - [05/Sep/2011:09:49:56 +0700] "GET /ubuntu/dists/natty-backports/multiverse/i18n/Translation-id HTTP/1.0" 404 168 "-" "Debian APT-HTTP/1.3 (0.8.13.2ubuntu2)"
118.98.212.109 - - [05/Sep/2011:09:49:56 +0700] "GET /ubuntu/dists/natty-backports/restricted/i18n/Translation-en HTTP/1.0" 404 168 "-" "Debian APT-HTTP/1.3 (0.8.13.2ubuntu2)"
118.98.212.109 - - [05/Sep/2011:09:49:56 +0700] "GET /ubuntu/dists/natty-backports/restricted/i18n/Translation-id HTTP/1.0" 404 168 "-" "Debian APT-HTTP/1.3 (0.8.13.2ubuntu2)"
118.98.212.109 - - [05/Sep/2011:09:49:56 +0700] "GET /ubuntu/dists/natty-backports/universe/i18n/Translation-en HTTP/1.0" 404 168 "-" "Debian APT-HTTP/1.3 (0.8.13.2ubuntu2)"
118.98.212.109 - - [05/Sep/2011:09:49:56 +0700] "GET /ubuntu/dists/natty-backports/universe/i18n/Translation-id HTTP/1.0" 404 168 "-" "Debian APT-HTTP/1.3 (0.8.13.2ubuntu2)"
118.98.212.109 - - [05/Sep/2011:09:49:56 +0700] "GET /ubuntu/dists/natty-proposed/main/i18n/Translation-en HTTP/1.0" 404 168 "-" "Debian APT-HTTP/1.3 (0.8.13.2ubuntu2)"
118.98.212.109 - - [05/Sep/2011:09:49:56 +0700] "GET /ubuntu/dists/natty-proposed/main/i18n/Translation-id HTTP/1.0" 404 168 "-" "Debian APT-HTTP/1.3 (0.8.13.2ubuntu2)"
118.98.212.109 - - [05/Sep/2011:09:49:56 +0700] "GET /ubuntu/dists/natty-proposed/multiverse/i18n/Translation-en HTTP/1.0" 404 168 "-" "Debian APT-HTTP/1.3 (0.8.13.2ubuntu2)"
118.98.212.109 - - [05/Sep/2011:09:49:56 +0700] "GET /ubuntu/dists/natty-proposed/multiverse/i18n/Translation-id HTTP/1.0" 404 168 "-" "Debian APT-HTTP/1.3 (0.8.13.2ubuntu2)"
118.98.212.109 - - [05/Sep/2011:09:49:56 +0700] "GET /ubuntu/dists/natty-proposed/restricted/i18n/Translation-en HTTP/1.0" 404 168 "-" "Debian APT-HTTP/1.3 (0.8.13.2ubuntu2)"
118.98.212.109 - - [05/Sep/2011:09:49:56 +0700] "GET /ubuntu/dists/natty-proposed/restricted/i18n/Translation-id HTTP/1.0" 404 168 "-" "Debian APT-HTTP/1.3 (0.8.13.2ubuntu2)"
118.98.212.109 - - [05/Sep/2011:09:49:56 +0700] "GET /ubuntu/dists/natty-proposed/universe/i18n/Translation-en HTTP/1.0" 404 168 "-" "Debian APT-HTTP/1.3 (0.8.13.2ubuntu2)"
114.79.51.93 - - [05/Sep/2011:09:49:56 +0700] "GET /ubuntu/pool/main/g/gnome-settings-daemon/gnome-settings-daemon_2.32.0-0ubuntu3.1_i386.deb HTTP/1.0" 206 28597 "-" "Axel 2.4 (Linux)"
118.98.212.109 - - [05/Sep/2011:09:49:56 +0700] "GET /ubuntu/dists/natty-proposed/universe/i18n/Translation-id HTTP/1.0" 404 168 "-" "Debian APT-HTTP/1.3 (0.8.13.2ubuntu2)"
114.79.51.93 - - [05/Sep/2011:09:49:57 +0700] "GET /ubuntu/pool/main/g/gnome-settings-daemon/gnome-settings-daemon_2.32.0-0ubuntu3.1_i386.deb HTTP/1.0" 206 28597 "-" "Axel 2.4 (Linux)"
202.78.195.187 - - [05/Sep/2011:09:49:57 +0700] "GET /centos/5/updates/i386/repodata/repomd.xml HTTP/1.1" 200 1953 "-" "urlgrabber/3.1.0 yum/3.2.22"
203.93.238.253 - - [05/Sep/2011:09:49:57 +0700] "GET /fedora/updates/15/i386/repodata/43409056aa4f8ad8683915ba55bbde30948e98da521c0078c013fbac013cb938-prestodelta.xml.gz HTTP/1.1" 404 168 "-" "urlgrabber/3.9.1 yum/3.2.29"
83.133.126.38 - - [05/Sep/2011:09:49:58 +0700] "GET /openoffice/ HTTP/1.1" 200 1618 "-" "MirrorBrain Probe (see http://mirrorbrain.org/probe_info)"
111.0.237.143 - - [05/Sep/2011:09:49:58 +0700] "GET /iso/ubuntu/releases/11.04/ubuntu-11.04-desktop-i386.iso HTTP/1.1" 206 310763 "http://library.binus.ac.id/Collections/ethesis_detail.aspx?ethesisid=2010-1-00262-IF" "Mozilla/4.0 (compatible; MSIE 6.0; Windows NT 5.1; SV1; .NET CLR 1.1.4322; .NET CLR 2.0.50727)"
219.127.235.65 - - [05/Sep/2011:09:50:00 +0700] "GET /eclipse/eclipse/updates/3.6/R-3.6.2-201102101200/plugins/org.eclipse.pde.core_3.6.2.v20110210_r362.jar.pack.gz HTTP/1.1" 200 380165 "-" "Java/1.7.0"
183.91.78.250 - - [05/Sep/2011:09:50:00 +0700] "GET /pub/mandriva/2010.2/ HTTP/1.0" 200 1796 "http://www.google.co.id/search?hl=id&client=firefox-a&hs=uDQ&rls=org.mozilla%3Aen-US%3Aofficial&q=mandriva+2010.2+gnome&oq=mandriva+2010.2+gnome&aq=f&aqi=g1&aql=&gs_sm=e&gs_upl=7427l7748l0l9040l2l2l0l0l0l0l107l184l1.1l2l0" "Mozilla/5.0 (X11; U; Linux i686; en-US; rv:1.9.2.3) Gecko/20100403 Fedora/3.6.3-4.fc13 Firefox/3.6.3"
183.91.78.250 - - [05/Sep/2011:09:50:01 +0700] "GET /favicon.ico HTTP/1.0" 404 168 "-" "Mozilla/5.0 (X11; U; Linux i686; en-US; rv:1.9.2.3) Gecko/20100403 Fedora/3.6.3-4.fc13 Firefox/3.6.3"
203.130.231.175 - - [05/Sep/2011:09:50:01 +0700] "GET /bebas/v06/Kuliah/SistemOperasi/BUKU/SistemOperasi-4.X-1/ch17s06.html HTTP/1.1" 200 1364 "" "Mozilla/4.0 (compatible; MSIE 999.1; Unknown)"
114.79.51.93 - - [05/Sep/2011:09:50:03 +0700] "GET /ubuntu/pool/main/g/gnome-settings-daemon/gnome-settings-daemon_2.32.0-0ubuntu3.1_i386.deb HTTP/1.0" 206 28597 "-" "Axel 2.4 (Linux)"
114.79.51.93 - - [05/Sep/2011:09:50:03 +0700] "GET /ubuntu/pool/main/g/gnome-settings-daemon/gnome-settings-daemon_2.32.0-0ubuntu3.1_i386.deb HTTP/1.0" 206 28597 "-" "Axel 2.4 (Linux)"
202.146.241.20 - - [05/Sep/2011:09:50:03 +0700] "GET /archlinux/core/os/x86_64/ppl-0.11.2-2-x86_64.pkg.tar.xz HTTP/1.1" 200 2768036 "-" "aria2/1.12.1"
110.5.98.82 - - [05/Sep/2011:09:50:03 +0700] "GET /blankon/pool/main/g/gnome-sharp2/libart2.0-cil_2.24.2-0ubuntu1_all.deb HTTP/1.1" 200 20800 "-" "Debian APT-HTTP/1.3 (0.8.13.2ubuntu4.1)"
180.245.239.233 - - [05/Sep/2011:09:50:04 +0700] "GET /ubuntu/dists/lucid/Release.gpg HTTP/1.1" 304 0 "-" "Ubuntu APT-HTTP/1.3 (0.7.25.3ubuntu7)"
180.245.239.233 - - [05/Sep/2011:09:50:04 +0700] "GET /ubuntu/dists/lucid/Release HTTP/1.1" 304 0 "-" "Ubuntu APT-HTTP/1.3 (0.7.25.3ubuntu7)"
180.245.239.233 - - [05/Sep/2011:09:50:04 +0700] "GET /ubuntu/dists/lucid/main/binary-i386/Packages.bz2 HTTP/1.1" 304 0 "-" "Ubuntu APT-HTTP/1.3 (0.7.25.3ubuntu7)"
180.245.239.233 - - [05/Sep/2011:09:50:04 +0700] "GET /ubuntu/dists/lucid/universe/binary-i386/Packages.bz2 HTTP/1.1" 304 0 "-" "Ubuntu APT-HTTP/1.3 (0.7.25.3ubuntu7)"
66.249.69.154 - - [05/Sep/2011:09:50:05 +0700] "GET /linux/people/arnd/patches/2.6.16-arnd5/ HTTP/1.1" 200 765 "-" "Mozilla/5.0 (compatible; Googlebot/2.1; +http://www.google.com/bot.html)"
66.249.69.154 - - [05/Sep/2011:09:50:06 +0700] "GET /kernel.org/linux/kernel/people/marcelo/linux-2.4/drivers/video/ HTTP/1.1" 200 2184 "-" "Mozilla/5.0 (compatible; Googlebot/2.1; +http://www.google.com/bot.html)"
115.91.228.218 - - [05/Sep/2011:09:50:07 +0700] "GET /eclipse/eclipse/updates/3.6/R-3.6.2-201102101200/plugins/org.eclipse.jdt.launching_3.5.200.v20110105_r362.jar.pack.gz HTTP/1.1" 200 101870 "-" "Jakarta Commons-HttpClient/3.1"
66.249.69.154 - - [05/Sep/2011:09:50:07 +0700] "GET /gnuftp/non-gnu/cvs/source/feature/ HTTP/1.1" 200 749 "-" "Mozilla/5.0 (compatible; Googlebot/2.1; +http://www.google.com/bot.html)"
66.249.69.154 - - [05/Sep/2011:09:50:08 +0700] "GET /linux/people/arnd/patches/2.6.20-rc1-arnd1/ HTTP/1.1" 200 771 "-" "Mozilla/5.0 (compatible; Googlebot/2.1; +http://www.google.com/bot.html)"
66.249.69.154 - - [05/Sep/2011:09:50:09 +0700] "GET /linux/people/arnd/patches/2.6.16-arnd4/ HTTP/1.1" 200 761 "-" "Mozilla/5.0 (compatible; Googlebot/2.1; +http://www.google.com/bot.html)"
220.248.0.145 - - [05/Sep/2011:09:50:09 +0700] "GET /eclipse/eclipse/updates/3.6/R-3.6-201006080911/plugins/org.apache.commons.codec.source_1.3.0.v20100518-1140.jar HTTP/1.1" 200 67444 "-" "Jakarta Commons-HttpClient/3.1"
66.249.69.154 - - [05/Sep/2011:09:50:09 +0700] "GET /iso/debian/project/build/4.0_r1/multi-arch HTTP/1.1" 404 168 "-" "Mozilla/5.0 (compatible; Googlebot/2.1; +http://www.google.com/bot.html)"
66.249.69.154 - - [05/Sep/2011:09:50:10 +0700] "GET /gnome/sources/java-libglom/cache.json HTTP/1.1" 200 602 "-" "Mozilla/5.0 (compatible; Googlebot/2.1; +http://www.google.com/bot.html)"
66.249.69.154 - - [05/Sep/2011:09:50:10 +0700] "GET /gnu/mit-scheme/testing.pkg/7.7.90/mit-scheme-7.7.90-ix86-gnu-linux.tar.gz.sig HTTP/1.1" 200 65 "-" "Mozilla/5.0 (compatible; Googlebot/2.1; +http://www.google.com/bot.html)"
66.249.69.154 - - [05/Sep/2011:09:50:11 +0700] "GET /linux/people/cort/linuxppc2.4_vs_v2.4.4-pre6.patch.bz2.sign HTTP/1.1" 200 248 "-" "Mozilla/5.0 (compatible; Googlebot/2.1; +http://www.google.com/bot.html)"
112.215.33.149 - - [05/Sep/2011:09:50:11 +0700] "GET /fedora/updates/14/x86_64/repodata/209cee84191eea794cf72cfd8c037ee52589269c76dea5c0598319f6d087933a-filelists.sqlite.bz2 HTTP/1.1" 200 3687821 "-" "urlgrabber/3.9.1 yum/3.2.28"
66.249.69.154 - - [05/Sep/2011:09:50:12 +0700] "GET /linux/people/marcelo/linux-2.4/net/atm/SCCS/s.common.h HTTP/1.1" 200 998 "-" "Mozilla/5.0 (compatible; Googlebot/2.1; +http://www.google.com/bot.html)"
66.249.69.154 - - [05/Sep/2011:09:50:12 +0700] "GET /linux/people/arnd/patches/2.6.21-rc3-arnd1/ HTTP/1.1" 200 774 "-" "Mozilla/5.0 (compatible; Googlebot/2.1; +http://www.google.com/bot.html)"
114.79.51.93 - - [05/Sep/2011:09:50:12 +0700] "GET /ubuntu/pool/main/g/gnome-settings-daemon/gnome-settings-daemon_2.32.0-0ubuntu3.1_i386.deb HTTP/1.0" 206 28597 "-" "Axel 2.4 (Linux)"
66.249.69.154 - - [05/Sep/2011:09:50:13 +0700] "GET /cran/src/contrib/Archive/TTR HTTP/1.1" 500 383 "-" "Mozilla/5.0 (compatible; Googlebot/2.1; +http://www.google.com/bot.html)"
114.79.51.93 - - [05/Sep/2011:09:50:14 +0700] "GET /ubuntu/pool/main/g/gnome-settings-daemon/gnome-settings-daemon_2.32.0-0ubuntu3.1_i386.deb HTTP/1.0" 206 28590 "-" "Axel 2.4 (Linux)"
110.139.83.236 - - [05/Sep/2011:09:50:15 +0700] "GET /centos/5/addons/i386/repodata/repomd.xml HTTP/1.1" 200 951 "-" "urlgrabber/3.1.0 yum/3.2.22"
118.96.14.22 - - [05/Sep/2011:09:50:16 +0700] "GET /blankon/dists/ombilin/Release.gpg HTTP/1.1" 304 0 "-" "Ubuntu APT-HTTP/1.3 (0.7.25.3ubuntu9)"
118.96.14.22 - - [05/Sep/2011:09:50:16 +0700] "GET /blankon/dists/ombilin-updates/Release.gpg HTTP/1.1" 200 198 "-" "Ubuntu APT-HTTP/1.3 (0.7.25.3ubuntu9)"
118.96.14.22 - - [05/Sep/2011:09:50:16 +0700] "GET /blankon/dists/ombilin-security/Release.gpg HTTP/1.1" 304 0 "-" "Ubuntu APT-HTTP/1.3 (0.7.25.3ubuntu9)"
118.96.14.22 - - [05/Sep/2011:09:50:16 +0700] "GET /blankon/dists/ombilin/Release HTTP/1.1" 304 0 "-" "Ubuntu APT-HTTP/1.3 (0.7.25.3ubuntu9)"
118.96.14.22 - - [05/Sep/2011:09:50:16 +0700] "GET /blankon/dists/ombilin-updates/Release HTTP/1.1" 200 19443 "-" "Ubuntu APT-HTTP/1.3 (0.7.25.3ubuntu9)"
118.96.14.22 - - [05/Sep/2011:09:50:16 +0700] "GET /blankon/dists/ombilin-security/Release HTTP/1.1" 304 0 "-" "Ubuntu APT-HTTP/1.3 (0.7.25.3ubuntu9)"
118.96.14.22 - - [05/Sep/2011:09:50:16 +0700] "GET /blankon/dists/ombilin/main/binary-i386/Packages.bz2 HTTP/1.1" 304 0 "-" "Ubuntu APT-HTTP/1.3 (0.7.25.3ubuntu9)"
118.96.14.22 - - [05/Sep/2011:09:50:16 +0700] "GET /blankon/dists/ombilin/restricted/binary-i386/Packages.bz2 HTTP/1.1" 304 0 "-" "Ubuntu APT-HTTP/1.3 (0.7.25.3ubuntu9)"
118.96.14.22 - - [05/Sep/2011:09:50:16 +0700] "GET /blankon/dists/ombilin/extras/binary-i386/Packages.bz2 HTTP/1.1" 304 0 "-" "Ubuntu APT-HTTP/1.3 (0.7.25.3ubuntu9)"
118.96.14.22 - - [05/Sep/2011:09:50:16 +0700] "GET /blankon/dists/ombilin/extras-restricted/binary-i386/Packages.bz2 HTTP/1.1" 304 0 "-" "Ubuntu APT-HTTP/1.3 (0.7.25.3ubuntu9)"
118.96.14.22 - - [05/Sep/2011:09:50:16 +0700] "GET /blankon/dists/ombilin/main/source/Sources.bz2 HTTP/1.1" 304 0 "-" "Ubuntu APT-HTTP/1.3 (0.7.25.3ubuntu9)"
118.96.14.22 - - [05/Sep/2011:09:50:16 +0700] "GET /blankon/dists/ombilin/restricted/source/Sources.bz2 HTTP/1.1" 304 0 "-" "Ubuntu APT-HTTP/1.3 (0.7.25.3ubuntu9)"
118.96.14.22 - - [05/Sep/2011:09:50:16 +0700] "GET /blankon/dists/ombilin/extras/source/Sources.bz2 HTTP/1.1" 304 0 "-" "Ubuntu APT-HTTP/1.3 (0.7.25.3ubuntu9)"
118.96.14.22 - - [05/Sep/2011:09:50:16 +0700] "GET /blankon/dists/ombilin/extras-restricted/source/Sources.bz2 HTTP/1.1" 304 0 "-" "Ubuntu APT-HTTP/1.3 (0.7.25.3ubuntu9)"
220.248.0.145 - - [05/Sep/2011:09:50:16 +0700] "GET /eclipse/eclipse/updates/3.6/R-3.6-201006080911/plugins/org.eclipse.equinox.http.servletbridge.source_1.0.200.v20100503.jar.pack.gz HTTP/1.1" 200 5390 "-" "Jakarta Commons-HttpClient/3.1"
110.139.83.236 - - [05/Sep/2011:09:50:16 +0700] "GET /centos/5/os/i386/repodata/repomd.xml HTTP/1.1" 200 1140 "-" "urlgrabber/3.1.0 yum/3.2.22"
110.139.83.236 - - [05/Sep/2011:09:50:17 +0700] "GET /centos/5/centosplus/i386/repodata/repomd.xml HTTP/1.1" 200 1953 "-" "urlgrabber/3.1.0 yum/3.2.22"
110.139.83.236 - - [05/Sep/2011:09:50:17 +0700] "GET /centos/5/contrib/i386/repodata/repomd.xml HTTP/1.1" 200 951 "-" "urlgrabber/3.1.0 yum/3.2.22"
66.249.69.154 - - [05/Sep/2011:09:50:17 +0700] "GET /slacky/slackware-13.0/office/matrex/ HTTP/1.1" 200 660 "-" "SAMSUNG-SGH-E250/1.0 Profile/MIDP-2.0 Configuration/CLDC-1.1 UP.Browser/6.2.3.3.c.1.101 (GUI) MMP/2.0 (compatible; Googlebot-Mobile/2.1; +http://www.google.com/bot.html)"
110.139.83.236 - - [05/Sep/2011:09:50:17 +0700] "GET /centos/5/extras/i386/repodata/repomd.xml HTTP/1.1" 200 2146 "-" "urlgrabber/3.1.0 yum/3.2.22"
216.59.21.56 - - [05/Sep/2011:09:50:19 +0700] "-" 400 0 "-" "-"
118.96.14.22 - - [05/Sep/2011:09:50:19 +0700] "GET /blankon/dists/ombilin-updates/main/binary-i386/Packages.bz2 HTTP/1.1" 200 1409144 "-" "Ubuntu APT-HTTP/1.3 (0.7.25.3ubuntu9)"
118.96.14.22 - - [05/Sep/2011:09:50:19 +0700] "GET /blankon/dists/ombilin-updates/restricted/binary-i386/Packages.bz2 HTTP/1.1" 304 0 "-" "Ubuntu APT-HTTP/1.3 (0.7.25.3ubuntu9)"
118.96.14.22 - - [05/Sep/2011:09:50:19 +0700] "GET /blankon/dists/ombilin-updates/extras/binary-i386/Packages.bz2 HTTP/1.1" 304 0 "-" "Ubuntu APT-HTTP/1.3 (0.7.25.3ubuntu9)"
118.96.14.22 - - [05/Sep/2011:09:50:20 +0700] "GET /blankon/dists/ombilin-updates/extras-restricted/binary-i386/Packages.bz2 HTTP/1.1" 200 179947 "-" "Ubuntu APT-HTTP/1.3 (0.7.25.3ubuntu9)"
202.152.243.232 - - [05/Sep/2011:09:50:20 +0700] "GET /iso/ubuntu-ultimate/ultimate-edition-2.8-gamers-x86.iso HTTP/1.1" 206 817317 "http://kambing.ui.ac.id/iso/ubuntu-ultimate/" "Mozilla/5.0 (Windows NT 6.1; WOW64) AppleWebKit/535.1 (KHTML, like Gecko) Chrome/14.0.835.35 Safari/535.1"
110.139.83.236 - - [05/Sep/2011:09:50:21 +0700] "GET /centos/5/updates/i386/repodata/repomd.xml HTTP/1.1" 200 1953 "-" "urlgrabber/3.1.0 yum/3.2.22"
178.63.91.70 - - [05/Sep/2011:09:50:21 +0700] "GET /tdf/ HTTP/1.1" 200 1117 "-" "MirrorBrain Probe (see http://mirrorbrain.org/probe_info)"
118.96.14.22 - - [05/Sep/2011:09:50:22 +0700] "GET /blankon/dists/ombilin-updates/main/source/Sources.bz2 HTTP/1.1" 200 678966 "-" "Ubuntu APT-HTTP/1.3 (0.7.25.3ubuntu9)"
118.96.14.22 - - [05/Sep/2011:09:50:22 +0700] "GET /blankon/dists/ombilin-updates/restricted/source/Sources.bz2 HTTP/1.1" 304 0 "-" "Ubuntu APT-HTTP/1.3 (0.7.25.3ubuntu9)"
118.96.14.22 - - [05/Sep/2011:09:50:22 +0700] "GET /blankon/dists/ombilin-updates/extras/source/Sources.bz2 HTTP/1.1" 304 0 "-" "Ubuntu APT-HTTP/1.3 (0.7.25.3ubuntu9)"
118.96.14.22 - - [05/Sep/2011:09:50:22 +0700] "GET /blankon/dists/ombilin-updates/extras-restricted/source/Sources.bz2 HTTP/1.1" 200 119335 "-" "Ubuntu APT-HTTP/1.3 (0.7.25.3ubuntu9)"
118.96.14.22 - - [05/Sep/2011:09:50:22 +0700] "GET /blankon/dists/ombilin-security/main/binary-i386/Packages.bz2 HTTP/1.1" 304 0 "-" "Ubuntu APT-HTTP/1.3 (0.7.25.3ubuntu9)"
118.96.14.22 - - [05/Sep/2011:09:50:22 +0700] "GET /blankon/dists/ombilin-security/restricted/binary-i386/Packages.bz2 HTTP/1.1" 304 0 "-" "Ubuntu APT-HTTP/1.3 (0.7.25.3ubuntu9)"
118.96.14.22 - - [05/Sep/2011:09:50:22 +0700] "GET /blankon/dists/ombilin-security/extras/binary-i386/Packages.bz2 HTTP/1.1" 304 0 "-" "Ubuntu APT-HTTP/1.3 (0.7.25.3ubuntu9)"
118.96.14.22 - - [05/Sep/2011:09:50:22 +0700] "GET /blankon/dists/ombilin-security/extras-restricted/binary-i386/Packages.bz2 HTTP/1.1" 304 0 "-" "Ubuntu APT-HTTP/1.3 (0.7.25.3ubuntu9)"
118.96.14.22 - - [05/Sep/2011:09:50:22 +0700] "GET /blankon/dists/ombilin-security/main/source/Sources.bz2 HTTP/1.1" 304 0 "-" "Ubuntu APT-HTTP/1.3 (0.7.25.3ubuntu9)"
118.96.14.22 - - [05/Sep/2011:09:50:22 +0700] "GET /blankon/dists/ombilin-security/restricted/source/Sources.bz2 HTTP/1.1" 304 0 "-" "Ubuntu APT-HTTP/1.3 (0.7.25.3ubuntu9)"
118.96.14.22 - - [05/Sep/2011:09:50:22 +0700] "GET /blankon/dists/ombilin-security/extras/source/Sources.bz2 HTTP/1.1" 304 0 "-" "Ubuntu APT-HTTP/1.3 (0.7.25.3ubuntu9)"
118.96.14.22 - - [05/Sep/2011:09:50:22 +0700] "GET /blankon/dists/ombilin-security/extras-restricted/source/Sources.bz2 HTTP/1.1" 304 0 "-" "Ubuntu APT-HTTP/1.3 (0.7.25.3ubuntu9)"
173.212.64.178 - - [05/Sep/2011:09:50:23 +0700] "jIL!$-\x01ByJ]M4HR\x15CU&ZS,b\x0B6:~P'.\x069o=c054`\x16\x13\x0F\x17\x050\x22]\x1Ala+" 400 172 "-" "-"
66.249.69.154 - - [05/Sep/2011:09:50:23 +0700] "GET /linux/people/compudj/patches/2.6/2.6.27-rc2/ HTTP/1.1" 200 719 "-" "Mozilla/5.0 (compatible; Googlebot/2.1; +http://www.google.com/bot.html)"
125.160.220.35 - - [05/Sep/2011:09:50:23 +0700] "GET /opensuse/distribution/11.3/repo/non-oss/content HTTP/1.1" 200 2537 "-" "ZYpp 7.9.6 (aria2 version 1.9.1)"
125.160.220.35 - - [05/Sep/2011:09:50:24 +0700] "GET /opensuse/distribution/11.3/repo/non-oss/media.1/media HTTP/1.1" 200 26 "-" "ZYpp 7.9.6 (aria2 version 1.9.1)"
125.160.220.35 - - [05/Sep/2011:09:50:24 +0700] "GET /opensuse/distribution/11.3/repo/oss/content HTTP/1.1" 200 19075 "-" "ZYpp 7.9.6 (aria2 version 1.9.1)"
66.249.69.154 - - [05/Sep/2011:09:50:24 +0700] "GET /linux/people/arnd/patches/2.6.22-rc4-arnd1/ HTTP/1.1" 200 774 "-" "Mozilla/5.0 (compatible; Googlebot/2.1; +http://www.google.com/bot.html)"
125.160.220.35 - - [05/Sep/2011:09:50:24 +0700] "GET /opensuse/distribution/11.3/repo/oss/media.1/media HTTP/1.1" 200 26 "-" "ZYpp 7.9.6 (aria2 version 1.9.1)"
113.20.138.122 - - [05/Sep/2011:09:50:24 +0700] "GET /ubuntu/dists/lucid/Release.gpg HTTP/1.0" 304 0 "-" "Ubuntu APT-HTTP/1.3 (0.7.25.3ubuntu7)"
113.20.138.122 - - [05/Sep/2011:09:50:24 +0700] "GET /ubuntu/dists/lucid-updates/Release.gpg HTTP/1.0" 304 0 "-" "Ubuntu APT-HTTP/1.3 (0.7.25.3ubuntu7)"
113.20.138.122 - - [05/Sep/2011:09:50:24 +0700] "GET /ubuntu/dists/lucid/Release HTTP/1.0" 304 0 "-" "Ubuntu APT-HTTP/1.3 (0.7.25.3ubuntu7)"
125.160.220.35 - - [05/Sep/2011:09:50:24 +0700] "GET /opensuse-packman/suse/11.3/repodata/repomd.xml HTTP/1.1" 200 951 "-" "ZYpp 7.9.6 (aria2 version 1.9.1)"
113.20.138.122 - - [05/Sep/2011:09:50:24 +0700] "GET /ubuntu/dists/lucid-updates/Release HTTP/1.0" 304 0 "-" "Ubuntu APT-HTTP/1.3 (0.7.25.3ubuntu7)"
113.20.138.122 - - [05/Sep/2011:09:50:24 +0700] "GET /ubuntu/dists/lucid/main/binary-i386/Packages.bz2 HTTP/1.0" 304 0 "-" "Ubuntu APT-HTTP/1.3 (0.7.25.3ubuntu7)"
113.20.138.122 - - [05/Sep/2011:09:50:24 +0700] "GET /ubuntu/dists/lucid/restricted/binary-i386/Packages.bz2 HTTP/1.0" 304 0 "-" "Ubuntu APT-HTTP/1.3 (0.7.25.3ubuntu7)"
113.20.138.122 - - [05/Sep/2011:09:50:24 +0700] "GET /ubuntu/dists/lucid/main/source/Sources.bz2 HTTP/1.0" 304 0 "-" "Ubuntu APT-HTTP/1.3 (0.7.25.3ubuntu7)"
113.20.138.122 - - [05/Sep/2011:09:50:24 +0700] "GET /ubuntu/dists/lucid/restricted/source/Sources.bz2 HTTP/1.0" 304 0 "-" "Ubuntu APT-HTTP/1.3 (0.7.25.3ubuntu7)"
113.20.138.122 - - [05/Sep/2011:09:50:24 +0700] "GET /ubuntu/dists/lucid/universe/binary-i386/Packages.bz2 HTTP/1.0" 304 0 "-" "Ubuntu APT-HTTP/1.3 (0.7.25.3ubuntu7)"
113.20.138.122 - - [05/Sep/2011:09:50:24 +0700] "GET /ubuntu/dists/lucid/universe/source/Sources.bz2 HTTP/1.0" 304 0 "-" "Ubuntu APT-HTTP/1.3 (0.7.25.3ubuntu7)"
125.160.220.35 - - [05/Sep/2011:09:50:24 +0700] "GET /opensuse/update/11.3/repodata/repomd.xml HTTP/1.1" 200 2430 "-" "ZYpp 7.9.6 (aria2 version 1.9.1)"
113.20.138.122 - - [05/Sep/2011:09:50:24 +0700] "GET /ubuntu/dists/lucid/multiverse/binary-i386/Packages.bz2 HTTP/1.0" 304 0 "-" "Ubuntu APT-HTTP/1.3 (0.7.25.3ubuntu7)"
113.20.138.122 - - [05/Sep/2011:09:50:24 +0700] "GET /ubuntu/dists/lucid/multiverse/source/Sources.bz2 HTTP/1.0" 304 0 "-" "Ubuntu APT-HTTP/1.3 (0.7.25.3ubuntu7)"
113.20.138.122 - - [05/Sep/2011:09:50:24 +0700] "GET /ubuntu/dists/lucid-updates/main/binary-i386/Packages.bz2 HTTP/1.0" 304 0 "-" "Ubuntu APT-HTTP/1.3 (0.7.25.3ubuntu7)"
118.97.82.241 - - [05/Sep/2011:09:50:24 +0700] "GET /ubuntu/dists/natty/InRelease HTTP/1.1" 404 168 "-" "Debian APT-HTTP/1.3 (0.8.13.2ubuntu4.1)"
118.97.82.241 - - [05/Sep/2011:09:50:24 +0700] "GET /ubuntu/dists/natty-updates/InRelease HTTP/1.1" 404 168 "-" "Debian APT-HTTP/1.3 (0.8.13.2ubuntu4.1)"
118.97.82.241 - - [05/Sep/2011:09:50:24 +0700] "GET /ubuntu/dists/natty-proposed/InRelease HTTP/1.1" 404 168 "-" "Debian APT-HTTP/1.3 (0.8.13.2ubuntu4.1)"
118.97.82.241 - - [05/Sep/2011:09:50:24 +0700] "GET /ubuntu/dists/natty-backports/InRelease HTTP/1.1" 404 168 "-" "Debian APT-HTTP/1.3 (0.8.13.2ubuntu4.1)"
118.97.82.241 - - [05/Sep/2011:09:50:24 +0700] "GET /ubuntu/dists/natty/Release.gpg HTTP/1.1" 304 0 "-" "Debian APT-HTTP/1.3 (0.8.13.2ubuntu4.1)"
118.97.82.241 - - [05/Sep/2011:09:50:24 +0700] "GET /ubuntu/dists/natty-updates/Release.gpg HTTP/1.1" 200 198 "-" "Debian APT-HTTP/1.3 (0.8.13.2ubuntu4.1)"
118.97.82.241 - - [05/Sep/2011:09:50:24 +0700] "GET /ubuntu/dists/natty-proposed/Release.gpg HTTP/1.1" 200 198 "-" "Debian APT-HTTP/1.3 (0.8.13.2ubuntu4.1)"
118.97.82.241 - - [05/Sep/2011:09:50:24 +0700] "GET /ubuntu/dists/natty-backports/Release.gpg HTTP/1.1" 304 0 "-" "Debian APT-HTTP/1.3 (0.8.13.2ubuntu4.1)"
118.97.82.241 - - [05/Sep/2011:09:50:24 +0700] "GET /ubuntu/dists/natty/Release HTTP/1.1" 304 0 "-" "Debian APT-HTTP/1.3 (0.8.13.2ubuntu4.1)"
118.97.82.241 - - [05/Sep/2011:09:50:24 +0700] "GET /ubuntu/dists/natty-updates/Release HTTP/1.1" 200 31355 "-" "Debian APT-HTTP/1.3 (0.8.13.2ubuntu4.1)"
118.97.82.241 - - [05/Sep/2011:09:50:24 +0700] "GET /ubuntu/dists/natty-proposed/Release HTTP/1.1" 200 30006 "-" "Debian APT-HTTP/1.3 (0.8.13.2ubuntu4.1)"
118.97.82.241 - - [05/Sep/2011:09:50:24 +0700] "GET /ubuntu/dists/natty-backports/Release HTTP/1.1" 304 0 "-" "Debian APT-HTTP/1.3 (0.8.13.2ubuntu4.1)"
118.97.82.241 - - [05/Sep/2011:09:50:24 +0700] "GET /ubuntu/dists/natty/main/binary-i386/Packages.bz2 HTTP/1.1" 304 0 "-" "Debian APT-HTTP/1.3 (0.8.13.2ubuntu4.1)"
118.97.82.241 - - [05/Sep/2011:09:50:24 +0700] "GET /ubuntu/dists/natty/restricted/binary-i386/Packages.bz2 HTTP/1.1" 304 0 "-" "Debian APT-HTTP/1.3 (0.8.13.2ubuntu4.1)"
118.97.82.241 - - [05/Sep/2011:09:50:24 +0700] "GET /ubuntu/dists/natty/universe/binary-i386/Packages.bz2 HTTP/1.1" 304 0 "-" "Debian APT-HTTP/1.3 (0.8.13.2ubuntu4.1)"
118.97.82.241 - - [05/Sep/2011:09:50:24 +0700] "GET /ubuntu/dists/natty/multiverse/binary-i386/Packages.bz2 HTTP/1.1" 304 0 "-" "Debian APT-HTTP/1.3 (0.8.13.2ubuntu4.1)"
118.97.82.241 - - [05/Sep/2011:09:50:24 +0700] "GET /ubuntu/dists/natty/main/i18n/Index HTTP/1.1" 404 168 "-" "Debian APT-HTTP/1.3 (0.8.13.2ubuntu4.1)"
118.97.82.241 - - [05/Sep/2011:09:50:24 +0700] "GET /ubuntu/dists/natty/multiverse/i18n/Index HTTP/1.1" 404 168 "-" "Debian APT-HTTP/1.3 (0.8.13.2ubuntu4.1)"
118.97.82.241 - - [05/Sep/2011:09:50:24 +0700] "GET /ubuntu/dists/natty/restricted/i18n/Index HTTP/1.1" 404 168 "-" "Debian APT-HTTP/1.3 (0.8.13.2ubuntu4.1)"
118.97.82.241 - - [05/Sep/2011:09:50:25 +0700] "GET /ubuntu/dists/natty/universe/i18n/Index HTTP/1.1" 404 168 "-" "Debian APT-HTTP/1.3 (0.8.13.2ubuntu4.1)"
