113.20.138.122 - - [05/Sep/2011:09:50:25 +0700] "GET /ubuntu/dists/lucid-updates/restricted/binary-i386/Packages.bz2 HTTP/1.0" 304 0 "-" "Ubuntu APT-HTTP/1.3 (0.7.25.3ubuntu7)"
113.20.138.122 - - [05/Sep/2011:09:50:25 +0700] "GET /ubuntu/dists/lucid-updates/main/source/Sources.bz2 HTTP/1.0" 304 0 "-" "Ubuntu APT-HTTP/1.3 (0.7.25.3ubuntu7)"
113.20.138.122 - - [05/Sep/2011:09:50:25 +0700] "GET /ubuntu/dists/lucid-updates/restricted/source/Sources.bz2 HTTP/1.0" 304 0 "-" "Ubuntu APT-HTTP/1.3 (0.7.25.3ubuntu7)"
113.20.138.122 - - [05/Sep/2011:09:50:25 +0700] "GET /ubuntu/dists/lucid-updates/universe/binary-i386/Packages.bz2 HTTP/1.0" 304 0 "-" "Ubuntu APT-HTTP/1.3 (0.7.25.3ubuntu7)"
113.20.138.122 - - [05/Sep/2011:09:50:25 +0700] "GET /ubuntu/dists/lucid-updates/universe/source/Sources.bz2 HTTP/1.0" 304 0 "-" "Ubuntu APT-HTTP/1.3 (0.7.25.3ubuntu7)"
118.97.82.241 - - [05/Sep/2011:09:50:25 +0700] "GET /ubuntu/dists/natty-updates/main/binary-i386/Packages.bz2 HTTP/1.1" 200 311898 "-" "Debian APT-HTTP/1.3 (0.8.13.2ubuntu4.1)"
118.97.82.241 - - [05/Sep/2011:09:50:25 +0700] "GET /ubuntu/dists/natty-updates/restricted/binary-i386/Packages.bz2 HTTP/1.1" 200 14 "-" "Debian APT-HTTP/1.3 (0.8.13.2ubuntu4.1)"
118.97.82.241 - - [05/Sep/2011:09:50:25 +0700] "GET /ubuntu/dists/natty-updates/universe/binary-i386/Packages.bz2 HTTP/1.1" 200 89706 "-" "Debian APT-HTTP/1.3 (0.8.13.2ubuntu4.1)"
118.97.82.241 - - [05/Sep/2011:09:50:25 +0700] "GET /ubuntu/dists/natty-updates/multiverse/binary-i386/Packages.bz2 HTTP/1.1" 200 4258 "-" "Debian APT-HTTP/1.3 (0.8.13.2ubuntu4.1)"
118.97.82.241 - - [05/Sep/2011:09:50:25 +0700] "GET /ubuntu/dists/natty-updates/main/i18n/Index HTTP/1.1" 404 168 "-" "Debian APT-HTTP/1.3 (0.8.13.2ubuntu4.1)"
118.97.82.241 - - [05/Sep/2011:09:50:25 +0700] "GET /ubuntu/dists/natty-updates/multiverse/i18n/Index HTTP/1.1" 404 168 "-" "Debian APT-HTTP/1.3 (0.8.13.2ubuntu4.1)"
118.97.82.241 - - [05/Sep/2011:09:50:25 +0700] "GET /ubuntu/dists/natty-updates/restricted/i18n/Index HTTP/1.1" 404 168 "-" "Debian APT-HTTP/1.3 (0.8.13.2ubuntu4.1)"
118.97.82.241 - - [05/Sep/2011:09:50:25 +0700] "GET /ubuntu/dists/natty-updates/universe/i18n/Index HTTP/1.1" 404 168 "-" "Debian APT-HTTP/1.3 (0.8.13.2ubuntu4.1)"
118.97.82.241 - - [05/Sep/2011:09:50:25 +0700] "GET /ubuntu/dists/natty-proposed/restricted/binary-i386/Packages.bz2 HTTP/1.1" 200 2904 "-" "Debian APT-HTTP/1.3 (0.8.13.2ubuntu4.1)"
113.20.138.122 - - [05/Sep/2011:09:50:25 +0700] "GET /ubuntu/dists/lucid-updates/multiverse/binary-i386/Packages.bz2 HTTP/1.0" 304 0 "-" "Ubuntu APT-HTTP/1.3 (0.7.25.3ubuntu7)"
113.20.138.122 - - [05/Sep/2011:09:50:25 +0700] "GET /ubuntu/dists/lucid-updates/multiverse/source/Sources.bz2 HTTP/1.0" 304 0 "-" "Ubuntu APT-HTTP/1.3 (0.7.25.3ubuntu7)"
66.249.69.154 - - [05/Sep/2011:09:50:25 +0700] "GET /linux/people/arnd/patches/2.6.23-rc4-arnd1/ HTTP/1.1" 200 778 "-" "Mozilla/5.0 (compatible; Googlebot/2.1; +http://www.google.com/bot.html)"
125.161.161.193 - - [05/Sep/2011:09:50:26 +0700] "GET /ubuntu/pool/universe/x/xmoto/xmoto-data_0.5.2-2_all.deb HTTP/1.0" 206 2560326 "-" "Debian APT-HTTP/1.3 (0.8.13.2ubuntu4.1)"
118.97.82.241 - - [05/Sep/2011:09:50:26 +0700] "GET /ubuntu/dists/natty-proposed/main/binary-i386/Packages.bz2 HTTP/1.1" 200 150350 "-" "Debian APT-HTTP/1.3 (0.8.13.2ubuntu4.1)"
118.97.82.241 - - [05/Sep/2011:09:50:26 +0700] "GET /ubuntu/dists/natty-proposed/multiverse/binary-i386/Packages.bz2 HTTP/1.1" 200 1285 "-" "Debian APT-HTTP/1.3 (0.8.13.2ubuntu4.1)"
118.97.82.241 - - [05/Sep/2011:09:50:26 +0700] "GET /ubuntu/dists/natty-proposed/universe/binary-i386/Packages.bz2 HTTP/1.1" 200 33885 "-" "Debian APT-HTTP/1.3 (0.8.13.2ubuntu4.1)"
66.249.69.154 - - [05/Sep/2011:09:50:26 +0700] "GET /linux/people/mcgrof/firmware/ar9170/ HTTP/1.1" 200 775 "-" "Mozilla/5.0 (compatible; Googlebot/2.1; +http://www.google.com/bot.html)"
118.97.82.241 - - [05/Sep/2011:09:50:26 +0700] "GET /ubuntu/dists/natty-proposed/main/i18n/Index HTTP/1.1" 404 168 "-" "Debian APT-HTTP/1.3 (0.8.13.2ubuntu4.1)"
118.97.82.241 - - [05/Sep/2011:09:50:26 +0700] "GET /ubuntu/dists/natty-proposed/multiverse/i18n/Index HTTP/1.1" 404 168 "-" "Debian APT-HTTP/1.3 (0.8.13.2ubuntu4.1)"
118.97.82.241 - - [05/Sep/2011:09:50:26 +0700] "GET /ubuntu/dists/natty-proposed/restricted/i18n/Index HTTP/1.1" 404 168 "-" "Debian APT-HTTP/1.3 (0.8.13.2ubuntu4.1)"
118.97.82.241 - - [05/Sep/2011:09:50:26 +0700] "GET /ubuntu/dists/natty-proposed/universe/i18n/Index HTTP/1.1" 404 168 "-" "Debian APT-HTTP/1.3 (0.8.13.2ubuntu4.1)"
118.97.82.241 - - [05/Sep/2011:09:50:26 +0700] "GET /ubuntu/dists/natty/main/i18n/Translation-en_US.bz2 HTTP/1.1" 404 168 "-" "Debian APT-HTTP/1.3 (0.8.13.2ubuntu4.1)"
118.97.82.241 - - [05/Sep/2011:09:50:26 +0700] "GET /ubuntu/dists/natty/main/i18n/Translation-en.bz2 HTTP/1.1" 404 168 "-" "Debian APT-HTTP/1.3 (0.8.13.2ubuntu4.1)"
118.97.82.241 - - [05/Sep/2011:09:50:26 +0700] "GET /ubuntu/dists/natty/multiverse/i18n/Translation-en_US.bz2 HTTP/1.1" 404 168 "-" "Debian APT-HTTP/1.3 (0.8.13.2ubuntu4.1)"
66.249.69.154 - - [05/Sep/2011:09:50:26 +0700] "GET /linux/people/wfg/writeback/dirty-throttling-v6/10HDD-RAID0-6G/ext4_wb-1000dd-1M-16p-5934M-20%25-2.6.38-rc6-dt6+-2011-02-25-01-54/vmstat-begin HTTP/1.1" 200 1694 "-" "Mozilla/5.0 (compatible; Googlebot/2.1; +http://www.google.com/bot.html)"
118.97.82.241 - - [05/Sep/2011:09:50:27 +0700] "GET /ubuntu/dists/natty/multiverse/i18n/Translation-en.bz2 HTTP/1.1" 404 168 "-" "Debian APT-HTTP/1.3 (0.8.13.2ubuntu4.1)"
118.97.82.241 - - [05/Sep/2011:09:50:27 +0700] "GET /ubuntu/dists/natty/restricted/i18n/Translation-en_US.bz2 HTTP/1.1" 404 168 "-" "Debian APT-HTTP/1.3 (0.8.13.2ubuntu4.1)"
118.97.82.241 - - [05/Sep/2011:09:50:27 +0700] "GET /ubuntu/dists/natty/restricted/i18n/Translation-en.bz2 HTTP/1.1" 404 168 "-" "Debian APT-HTTP/1.3 (0.8.13.2ubuntu4.1)"
118.97.82.241 - - [05/Sep/2011:09:50:27 +0700] "GET /ubuntu/dists/natty/universe/i18n/Translation-en_US.bz2 HTTP/1.1" 404 168 "-" "Debian APT-HTTP/1.3 (0.8.13.2ubuntu4.1)"
118.97.82.241 - - [05/Sep/2011:09:50:27 +0700] "GET /ubuntu/dists/natty/universe/i18n/Translation-en.bz2 HTTP/1.1" 404 168 "-" "Debian APT-HTTP/1.3 (0.8.13.2ubuntu4.1)"
118.97.82.241 - - [05/Sep/2011:09:50:27 +0700] "GET /ubuntu/dists/natty-backports/restricted/binary-i386/Packages.bz2 HTTP/1.1" 304 0 "-" "Debian APT-HTTP/1.3 (0.8.13.2ubuntu4.1)"
118.97.82.241 - - [05/Sep/2011:09:50:27 +0700] "GET /ubuntu/dists/natty-backports/main/binary-i386/Packages.bz2 HTTP/1.1" 304 0 "-" "Debian APT-HTTP/1.3 (0.8.13.2ubuntu4.1)"
118.97.82.241 - - [05/Sep/2011:09:50:27 +0700] "GET /ubuntu/dists/natty-backports/multiverse/binary-i386/Packages.bz2 HTTP/1.1" 304 0 "-" "Debian APT-HTTP/1.3 (0.8.13.2ubuntu4.1)"
118.97.82.241 - - [05/Sep/2011:09:50:27 +0700] "GET /ubuntu/dists/natty-backports/universe/binary-i386/Packages.bz2 HTTP/1.1" 304 0 "-" "Debian APT-HTTP/1.3 (0.8.13.2ubuntu4.1)"
118.97.82.241 - - [05/Sep/2011:09:50:27 +0700] "GET /ubuntu/dists/natty-backports/main/i18n/Index HTTP/1.1" 404 168 "-" "Debian APT-HTTP/1.3 (0.8.13.2ubuntu4.1)"
118.97.82.241 - - [05/Sep/2011:09:50:27 +0700] "GET /ubuntu/dists/natty-backports/multiverse/i18n/Index HTTP/1.1" 404 168 "-" "Debian APT-HTTP/1.3 (0.8.13.2ubuntu4.1)"
118.97.82.241 - - [05/Sep/2011:09:50:27 +0700] "GET /ubuntu/dists/natty-backports/restricted/i18n/Index HTTP/1.1" 404 168 "-" "Debian APT-HTTP/1.3 (0.8.13.2ubuntu4.1)"
118.97.82.241 - - [05/Sep/2011:09:50:27 +0700] "GET /ubuntu/dists/natty-backports/universe/i18n/Index HTTP/1.1" 404 168 "-" "Debian APT-HTTP/1.3 (0.8.13.2ubuntu4.1)"
118.97.82.241 - - [05/Sep/2011:09:50:27 +0700] "GET /ubuntu/dists/natty-updates/main/i18n/Translation-en_US.bz2 HTTP/1.1" 404 168 "-" "Debian APT-HTTP/1.3 (0.8.13.2ubuntu4.1)"
118.97.82.241 - - [05/Sep/2011:09:50:27 +0700] "GET /ubuntu/dists/natty-updates/main/i18n/Translation-en.bz2 HTTP/1.1" 404 168 "-" "Debian APT-HTTP/1.3 (0.8.13.2ubuntu4.1)"
118.97.82.241 - - [05/Sep/2011:09:50:27 +0700] "GET /ubuntu/dists/natty-updates/multiverse/i18n/Translation-en_US.bz2 HTTP/1.1" 404 168 "-" "Debian APT-HTTP/1.3 (0.8.13.2ubuntu4.1)"
118.97.82.241 - - [05/Sep/2011:09:50:27 +0700] "GET /ubuntu/dists/natty-updates/multiverse/i18n/Translation-en.bz2 HTTP/1.1" 404 168 "-" "Debian APT-HTTP/1.3 (0.8.13.2ubuntu4.1)"
118.97.82.241 - - [05/Sep/2011:09:50:27 +0700] "GET /ubuntu/dists/natty-updates/restricted/i18n/Translation-en_US.bz2 HTTP/1.1" 404 168 "-" "Debian APT-HTTP/1.3 (0.8.13.2ubuntu4.1)"
118.97.82.241 - - [05/Sep/2011:09:50:27 +0700] "GET /ubuntu/dists/natty-updates/restricted/i18n/Translation-en.bz2 HTTP/1.1" 404 168 "-" "Debian APT-HTTP/1.3 (0.8.13.2ubuntu4.1)"
118.97.82.241 - - [05/Sep/2011:09:50:27 +0700] "GET /ubuntu/dists/natty-updates/universe/i18n/Translation-en_US.bz2 HTTP/1.1" 404 168 "-" "Debian APT-HTTP/1.3 (0.8.13.2ubuntu4.1)"
118.97.82.241 - - [05/Sep/2011:09:50:27 +0700] "GET /ubuntu/dists/natty-updates/universe/i18n/Translation-en.bz2 HTTP/1.1" 404 168 "-" "Debian APT-HTTP/1.3 (0.8.13.2ubuntu4.1)"
118.97.82.241 - - [05/Sep/2011:09:50:27 +0700] "GET /ubuntu/dists/natty-proposed/main/i18n/Translation-en_US.bz2 HTTP/1.1" 404 168 "-" "Debian APT-HTTP/1.3 (0.8.13.2ubuntu4.1)"
118.97.82.241 - - [05/Sep/2011:09:50:27 +0700] "GET /ubuntu/dists/natty-proposed/main/i18n/Translation-en.bz2 HTTP/1.1" 404 168 "-" "Debian APT-HTTP/1.3 (0.8.13.2ubuntu4.1)"
118.97.82.241 - - [05/Sep/2011:09:50:27 +0700] "GET /ubuntu/dists/natty-proposed/multiverse/i18n/Translation-en_US.bz2 HTTP/1.1" 404 168 "-" "Debian APT-HTTP/1.3 (0.8.13.2ubuntu4.1)"
118.97.82.241 - - [05/Sep/2011:09:50:27 +0700] "GET /ubuntu/dists/natty-proposed/multiverse/i18n/Translation-en.bz2 HTTP/1.1" 404 168 "-" "Debian APT-HTTP/1.3 (0.8.13.2ubuntu4.1)"
118.97.82.241 - - [05/Sep/2011:09:50:27 +0700] "GET /ubuntu/dists/natty-proposed/restricted/i18n/Translation-en_US.bz2 HTTP/1.1" 404 168 "-" "Debian APT-HTTP/1.3 (0.8.13.2ubuntu4.1)"
118.97.82.241 - - [05/Sep/2011:09:50:27 +0700] "GET /ubuntu/dists/natty-proposed/restricted/i18n/Translation-en.bz2 HTTP/1.1" 404 168 "-" "Debian APT-HTTP/1.3 (0.8.13.2ubuntu4.1)"
118.97.82.241 - - [05/Sep/2011:09:50:27 +0700] "GET /ubuntu/dists/natty-proposed/universe/i18n/Translation-en_US.bz2 HTTP/1.1" 404 168 "-" "Debian APT-HTTP/1.3 (0.8.13.2ubuntu4.1)"
118.97.82.241 - - [05/Sep/2011:09:50:27 +0700] "GET /ubuntu/dists/natty-proposed/universe/i18n/Translation-en.bz2 HTTP/1.1" 404 168 "-" "Debian APT-HTTP/1.3 (0.8.13.2ubuntu4.1)"
66.249.69.154 - - [05/Sep/2011:09:50:27 +0700] "GET /gentoo-portage/dev-perl/POE/ChangeLog HTTP/1.1" 200 14212 "-" "Mozilla/5.0 (compatible; Googlebot/2.1; +http://www.google.com/bot.html)"
118.97.82.241 - - [05/Sep/2011:09:50:27 +0700] "GET /ubuntu/dists/natty/main/i18n/Translation-en_US.xz HTTP/1.1" 404 168 "-" "Debian APT-HTTP/1.3 (0.8.13.2ubuntu4.1)"
118.97.82.241 - - [05/Sep/2011:09:50:27 +0700] "GET /ubuntu/dists/natty/main/i18n/Translation-en.xz HTTP/1.1" 404 168 "-" "Debian APT-HTTP/1.3 (0.8.13.2ubuntu4.1)"
118.97.82.241 - - [05/Sep/2011:09:50:27 +0700] "GET /ubuntu/dists/natty/multiverse/i18n/Translation-en_US.xz HTTP/1.1" 404 168 "-" "Debian APT-HTTP/1.3 (0.8.13.2ubuntu4.1)"
118.97.82.241 - - [05/Sep/2011:09:50:27 +0700] "GET /ubuntu/dists/natty/multiverse/i18n/Translation-en.xz HTTP/1.1" 404 168 "-" "Debian APT-HTTP/1.3 (0.8.13.2ubuntu4.1)"
118.97.82.241 - - [05/Sep/2011:09:50:27 +0700] "GET /ubuntu/dists/natty/restricted/i18n/Translation-en_US.xz HTTP/1.1" 404 168 "-" "Debian APT-HTTP/1.3 (0.8.13.2ubuntu4.1)"
118.97.82.241 - - [05/Sep/2011:09:50:27 +0700] "GET /ubuntu/dists/natty/restricted/i18n/Translation-en.xz HTTP/1.1" 404 168 "-" "Debian APT-HTTP/1.3 (0.8.13.2ubuntu4.1)"
118.97.82.241 - - [05/Sep/2011:09:50:27 +0700] "GET /ubuntu/dists/natty/universe/i18n/Translation-en_US.xz HTTP/1.1" 404 168 "-" "Debian APT-HTTP/1.3 (0.8.13.2ubuntu4.1)"
118.97.82.241 - - [05/Sep/2011:09:50:27 +0700] "GET /ubuntu/dists/natty/universe/i18n/Translation-en.xz HTTP/1.1" 404 168 "-" "Debian APT-HTTP/1.3 (0.8.13.2ubuntu4.1)"
118.97.82.241 - - [05/Sep/2011:09:50:27 +0700] "GET /ubuntu/dists/natty-backports/main/i18n/Translation-en_US.bz2 HTTP/1.1" 404 168 "-" "Debian APT-HTTP/1.3 (0.8.13.2ubuntu4.1)"
118.97.82.241 - - [05/Sep/2011:09:50:27 +0700] "GET /ubuntu/dists/natty-backports/main/i18n/Translation-en.bz2 HTTP/1.1" 404 168 "-" "Debian APT-HTTP/1.3 (0.8.13.2ubuntu4.1)"
118.97.82.241 - - [05/Sep/2011:09:50:27 +0700] "GET /ubuntu/dists/natty-backports/multiverse/i18n/Translation-en_US.bz2 HTTP/1.1" 404 168 "-" "Debian APT-HTTP/1.3 (0.8.13.2ubuntu4.1)"
118.97.82.241 - - [05/Sep/2011:09:50:27 +0700] "GET /ubuntu/dists/natty-backports/multiverse/i18n/Translation-en.bz2 HTTP/1.1" 404 168 "-" "Debian APT-HTTP/1.3 (0.8.13.2ubuntu4.1)"
118.97.82.241 - - [05/Sep/2011:09:50:27 +0700] "GET /ubuntu/dists/natty-backports/restricted/i18n/Translation-en_US.bz2 HTTP/1.1" 404 168 "-" "Debian APT-HTTP/1.3 (0.8.13.2ubuntu4.1)"
118.97.82.241 - - [05/Sep/2011:09:50:27 +0700] "GET /ubuntu/dists/natty-backports/restricted/i18n/Translation-en.bz2 HTTP/1.1" 404 168 "-" "Debian APT-HTTP/1.3 (0.8.13.2ubuntu4.1)"
118.97.82.241 - - [05/Sep/2011:09:50:27 +0700] "GET /ubuntu/dists/natty-backports/universe/i18n/Translation-en_US.bz2 HTTP/1.1" 404 168 "-" "Debian APT-HTTP/1.3 (0.8.13.2ubuntu4.1)"
118.97.82.241 - - [05/Sep/2011:09:50:27 +0700] "GET /ubuntu/dists/natty-backports/universe/i18n/Translation-en.bz2 HTTP/1.1" 404 168 "-" "Debian APT-HTTP/1.3 (0.8.13.2ubuntu4.1)"
118.97.82.241 - - [05/Sep/2011:09:50:27 +0700] "GET /ubuntu/dists/natty-updates/main/i18n/Translation-en_US.xz HTTP/1.1" 404 168 "-" "Debian APT-HTTP/1.3 (0.8.13.2ubuntu4.1)"
118.97.82.241 - - [05/Sep/2011:09:50:27 +0700] "GET /ubuntu/dists/natty-updates/main/i18n/Translation-en.xz HTTP/1.1" 404 168 "-" "Debian APT-HTTP/1.3 (0.8.13.2ubuntu4.1)"
118.97.82.241 - - [05/Sep/2011:09:50:27 +0700] "GET /ubuntu/dists/natty-updates/multiverse/i18n/Translation-en_US.xz HTTP/1.1" 404 168 "-" "Debian APT-HTTP/1.3 (0.8.13.2ubuntu4.1)"
118.97.82.241 - - [05/Sep/2011:09:50:27 +0700] "GET /ubuntu/dists/natty-updates/multiverse/i18n/Translation-en.xz HTTP/1.1" 404 168 "-" "Debian APT-HTTP/1.3 (0.8.13.2ubuntu4.1)"
118.97.82.241 - - [05/Sep/2011:09:50:27 +0700] "GET /ubuntu/dists/natty-updates/restricted/i18n/Translation-en_US.xz HTTP/1.1" 404 168 "-" "Debian APT-HTTP/1.3 (0.8.13.2ubuntu4.1)"
118.97.82.241 - - [05/Sep/2011:09:50:27 +0700] "GET /ubuntu/dists/natty-updates/restricted/i18n/Translation-en.xz HTTP/1.1" 404 168 "-" "Debian APT-HTTP/1.3 (0.8.13.2ubuntu4.1)"
118.97.82.241 - - [05/Sep/2011:09:50:27 +0700] "GET /ubuntu/dists/natty-updates/universe/i18n/Translation-en_US.xz HTTP/1.1" 404 168 "-" "Debian APT-HTTP/1.3 (0.8.13.2ubuntu4.1)"
118.97.82.241 - - [05/Sep/2011:09:50:27 +0700] "GET /ubuntu/dists/natty-updates/universe/i18n/Translation-en.xz HTTP/1.1" 404 168 "-" "Debian APT-HTTP/1.3 (0.8.13.2ubuntu4.1)"
118.97.82.241 - - [05/Sep/2011:09:50:27 +0700] "GET /ubuntu/dists/natty-proposed/main/i18n/Translation-en_US.xz HTTP/1.1" 404 168 "-" "Debian APT-HTTP/1.3 (0.8.13.2ubuntu4.1)"
118.97.82.241 - - [05/Sep/2011:09:50:27 +0700] "GET /ubuntu/dists/natty-proposed/main/i18n/Translation-en.xz HTTP/1.1" 404 168 "-" "Debian APT-HTTP/1.3 (0.8.13.2ubuntu4.1)"
118.97.82.241 - - [05/Sep/2011:09:50:27 +0700] "GET /ubuntu/dists/natty-proposed/multiverse/i18n/Translation-en_US.xz HTTP/1.1" 404 168 "-" "Debian APT-HTTP/1.3 (0.8.13.2ubuntu4.1)"
118.97.82.241 - - [05/Sep/2011:09:50:27 +0700] "GET /ubuntu/dists/natty-proposed/multiverse/i18n/Translation-en.xz HTTP/1.1" 404 168 "-" "Debian APT-HTTP/1.3 (0.8.13.2ubuntu4.1)"
118.97.82.241 - - [05/Sep/2011:09:50:27 +0700] "GET /ubuntu/dists/natty-proposed/restricted/i18n/Translation-en_US.xz HTTP/1.1" 404 168 "-" "Debian APT-HTTP/1.3 (0.8.13.2ubuntu4.1)"
118.97.82.241 - - [05/Sep/2011:09:50:27 +0700] "GET /ubuntu/dists/natty-proposed/restricted/i18n/Translation-en.xz HTTP/1.1" 404 168 "-" "Debian APT-HTTP/1.3 (0.8.13.2ubuntu4.1)"
118.97.82.241 - - [05/Sep/2011:09:50:27 +0700] "GET /ubuntu/dists/natty-proposed/universe/i18n/Translation-en_US.xz HTTP/1.1" 404 168 "-" "Debian APT-HTTP/1.3 (0.8.13.2ubuntu4.1)"
118.97.82.241 - - [05/Sep/2011:09:50:27 +0700] "GET /ubuntu/dists/natty-proposed/universe/i18n/Translation-en.xz HTTP/1.1" 404 168 "-" "Debian APT-HTTP/1.3 (0.8.13.2ubuntu4.1)"
118.97.82.241 - - [05/Sep/2011:09:50:27 +0700] "GET /ubuntu/dists/natty/main/i18n/Translation-en_US.lzma HTTP/1.1" 404 168 "-" "Debian APT-HTTP/1.3 (0.8.13.2ubuntu4.1)"
118.97.82.241 - - [05/Sep/2011:09:50:27 +0700] "GET /ubuntu/dists/natty/main/i18n/Translation-en.lzma HTTP/1.1" 404 168 "-" "Debian APT-HTTP/1.3 (0.8.13.2ubuntu4.1)"
118.97.82.241 - - [05/Sep/2011:09:50:27 +0700] "GET /ubuntu/dists/natty/multiverse/i18n/Translation-en_US.lzma HTTP/1.1" 404 168 "-" "Debian APT-HTTP/1.3 (0.8.13.2ubuntu4.1)"
118.97.82.241 - - [05/Sep/2011:09:50:27 +0700] "GET /ubuntu/dists/natty/multiverse/i18n/Translation-en.lzma HTTP/1.1" 404 168 "-" "Debian APT-HTTP/1.3 (0.8.13.2ubuntu4.1)"
118.97.82.241 - - [05/Sep/2011:09:50:27 +0700] "GET /ubuntu/dists/natty/restricted/i18n/Translation-en_US.lzma HTTP/1.1" 404 168 "-" "Debian APT-HTTP/1.3 (0.8.13.2ubuntu4.1)"
118.97.82.241 - - [05/Sep/2011:09:50:27 +0700] "GET /ubuntu/dists/natty/restricted/i18n/Translation-en.lzma HTTP/1.1" 404 168 "-" "Debian APT-HTTP/1.3 (0.8.13.2ubuntu4.1)"
118.97.82.241 - - [05/Sep/2011:09:50:27 +0700] "GET /ubuntu/dists/natty/universe/i18n/Translation-en_US.lzma HTTP/1.1" 404 168 "-" "Debian APT-HTTP/1.3 (0.8.13.2ubuntu4.1)"
118.97.82.241 - - [05/Sep/2011:09:50:27 +0700] "GET /ubuntu/dists/natty/universe/i18n/Translation-en.lzma HTTP/1.1" 404 168 "-" "Debian APT-HTTP/1.3 (0.8.13.2ubuntu4.1)"
118.97.82.241 - - [05/Sep/2011:09:50:27 +0700] "GET /ubuntu/dists/natty-backports/main/i18n/Translation-en_US.xz HTTP/1.1" 404 168 "-" "Debian APT-HTTP/1.3 (0.8.13.2ubuntu4.1)"
118.97.82.241 - - [05/Sep/2011:09:50:27 +0700] "GET /ubuntu/dists/natty-backports/main/i18n/Translation-en.xz HTTP/1.1" 404 168 "-" "Debian APT-HTTP/1.3 (0.8.13.2ubuntu4.1)"
118.97.82.241 - - [05/Sep/2011:09:50:27 +0700] "GET /ubuntu/dists/natty-backports/multiverse/i18n/Translation-en_US.xz HTTP/1.1" 404 168 "-" "Debian APT-HTTP/1.3 (0.8.13.2ubuntu4.1)"
118.97.82.241 - - [05/Sep/2011:09:50:27 +0700] "GET /ubuntu/dists/natty-backports/multiverse/i18n/Translation-en.xz HTTP/1.1" 404 168 "-" "Debian APT-HTTP/1.3 (0.8.13.2ubuntu4.1)"
118.97.82.241 - - [05/Sep/2011:09:50:27 +0700] "GET /ubuntu/dists/natty-backports/restricted/i18n/Translation-en_US.xz HTTP/1.1" 404 168 "-" "Debian APT-HTTP/1.3 (0.8.13.2ubuntu4.1)"
118.97.82.241 - - [05/Sep/2011:09:50:27 +0700] "GET /ubuntu/dists/natty-backports/restricted/i18n/Translation-en.xz HTTP/1.1" 404 168 "-" "Debian APT-HTTP/1.3 (0.8.13.2ubuntu4.1)"
118.97.82.241 - - [05/Sep/2011:09:50:27 +0700] "GET /ubuntu/dists/natty-backports/universe/i18n/Translation-en_US.xz HTTP/1.1" 404 168 "-" "Debian APT-HTTP/1.3 (0.8.13.2ubuntu4.1)"
118.97.82.241 - - [05/Sep/2011:09:50:27 +0700] "GET /ubuntu/dists/natty-backports/universe/i18n/Translation-en.xz HTTP/1.1" 404 168 "-" "Debian APT-HTTP/1.3 (0.8.13.2ubuntu4.1)"
118.97.82.241 - - [05/Sep/2011:09:50:27 +0700] "GET /ubuntu/dists/natty-updates/main/i18n/Translation-en_US.lzma HTTP/1.1" 404 168 "-" "Debian APT-HTTP/1.3 (0.8.13.2ubuntu4.1)"
118.97.82.241 - - [05/Sep/2011:09:50:27 +0700] "GET /ubuntu/dists/natty-updates/main/i18n/Translation-en.lzma HTTP/1.1" 404 168 "-" "Debian APT-HTTP/1.3 (0.8.13.2ubuntu4.1)"
118.97.82.241 - - [05/Sep/2011:09:50:27 +0700] "GET /ubuntu/dists/natty-updates/multiverse/i18n/Translation-en_US.lzma HTTP/1.1" 404 168 "-" "Debian APT-HTTP/1.3 (0.8.13.2ubuntu4.1)"
118.97.82.241 - - [05/Sep/2011:09:50:27 +0700] "GET /ubuntu/dists/natty-updates/multiverse/i18n/Translation-en.lzma HTTP/1.1" 404 168 "-" "Debian APT-HTTP/1.3 (0.8.13.2ubuntu4.1)"
118.97.82.241 - - [05/Sep/2011:09:50:27 +0700] "GET /ubuntu/dists/natty-updates/restricted/i18n/Translation-en_US.lzma HTTP/1.1" 404 168 "-" "Debian APT-HTTP/1.3 (0.8.13.2ubuntu4.1)"
118.97.82.241 - - [05/Sep/2011:09:50:27 +0700] "GET /ubuntu/dists/natty-updates/restricted/i18n/Translation-en.lzma HTTP/1.1" 404 168 "-" "Debian APT-HTTP/1.3 (0.8.13.2ubuntu4.1)"
118.97.82.241 - - [05/Sep/2011:09:50:27 +0700] "GET /ubuntu/dists/natty-updates/universe/i18n/Translation-en_US.lzma HTTP/1.1" 404 168 "-" "Debian APT-HTTP/1.3 (0.8.13.2ubuntu4.1)"
118.97.82.241 - - [05/Sep/2011:09:50:27 +0700] "GET /ubuntu/dists/natty-updates/universe/i18n/Translation-en.lzma HTTP/1.1" 404 168 "-" "Debian APT-HTTP/1.3 (0.8.13.2ubuntu4.1)"
118.97.82.241 - - [05/Sep/2011:09:50:27 +0700] "GET /ubuntu/dists/natty-proposed/main/i18n/Translation-en_US.lzma HTTP/1.1" 404 168 "-" "Debian APT-HTTP/1.3 (0.8.13.2ubuntu4.1)"
118.97.82.241 - - [05/Sep/2011:09:50:27 +0700] "GET /ubuntu/dists/natty-proposed/main/i18n/Translation-en.lzma HTTP/1.1" 404 168 "-" "Debian APT-HTTP/1.3 (0.8.13.2ubuntu4.1)"
118.97.82.241 - - [05/Sep/2011:09:50:27 +0700] "GET /ubuntu/dists/natty-proposed/multiverse/i18n/Translation-en_US.lzma HTTP/1.1" 404 168 "-" "Debian APT-HTTP/1.3 (0.8.13.2ubuntu4.1)"
118.97.82.241 - - [05/Sep/2011:09:50:27 +0700] "GET /ubuntu/dists/natty-proposed/multiverse/i18n/Translation-en.lzma HTTP/1.1" 404 168 "-" "Debian APT-HTTP/1.3 (0.8.13.2ubuntu4.1)"
118.97.82.241 - - [05/Sep/2011:09:50:27 +0700] "GET /ubuntu/dists/natty-proposed/restricted/i18n/Translation-en_US.lzma HTTP/1.1" 404 168 "-" "Debian APT-HTTP/1.3 (0.8.13.2ubuntu4.1)"
118.97.82.241 - - [05/Sep/2011:09:50:27 +0700] "GET /ubuntu/dists/natty-proposed/restricted/i18n/Translation-en.lzma HTTP/1.1" 404 168 "-" "Debian APT-HTTP/1.3 (0.8.13.2ubuntu4.1)"
66.249.69.154 - - [05/Sep/2011:09:50:27 +0700] "GET /linux/people/mcgrof/releases/ath9k/ HTTP/1.1" 200 667 "-" "Mozilla/5.0 (compatible; Googlebot/2.1; +http://www.google.com/bot.html)"
118.97.82.241 - - [05/Sep/2011:09:50:28 +0700] "GET /ubuntu/dists/natty-proposed/universe/i18n/Translation-en_US.lzma HTTP/1.1" 404 168 "-" "Debian APT-HTTP/1.3 (0.8.13.2ubuntu4.1)"
118.97.82.241 - - [05/Sep/2011:09:50:28 +0700] "GET /ubuntu/dists/natty-proposed/universe/i18n/Translation-en.lzma HTTP/1.1" 404 168 "-" "Debian APT-HTTP/1.3 (0.8.13.2ubuntu4.1)"
118.97.82.241 - - [05/Sep/2011:09:50:28 +0700] "GET /ubuntu/dists/natty/main/i18n/Translation-en_US.gz HTTP/1.1" 404 168 "-" "Debian APT-HTTP/1.3 (0.8.13.2ubuntu4.1)"
118.97.82.241 - - [05/Sep/2011:09:50:28 +0700] "GET /ubuntu/dists/natty/main/i18n/Translation-en.gz HTTP/1.1" 404 168 "-" "Debian APT-HTTP/1.3 (0.8.13.2ubuntu4.1)"
118.97.82.241 - - [05/Sep/2011:09:50:28 +0700] "GET /ubuntu/dists/natty/multiverse/i18n/Translation-en_US.gz HTTP/1.1" 404 168 "-" "Debian APT-HTTP/1.3 (0.8.13.2ubuntu4.1)"
118.97.82.241 - - [05/Sep/2011:09:50:28 +0700] "GET /ubuntu/dists/natty/multiverse/i18n/Translation-en.gz HTTP/1.1" 404 168 "-" "Debian APT-HTTP/1.3 (0.8.13.2ubuntu4.1)"
118.97.82.241 - - [05/Sep/2011:09:50:28 +0700] "GET /ubuntu/dists/natty/restricted/i18n/Translation-en_US.gz HTTP/1.1" 404 168 "-" "Debian APT-HTTP/1.3 (0.8.13.2ubuntu4.1)"
118.97.82.241 - - [05/Sep/2011:09:50:28 +0700] "GET /ubuntu/dists/natty/restricted/i18n/Translation-en.gz HTTP/1.1" 404 168 "-" "Debian APT-HTTP/1.3 (0.8.13.2ubuntu4.1)"
118.97.82.241 - - [05/Sep/2011:09:50:28 +0700] "GET /ubuntu/dists/natty/universe/i18n/Translation-en_US.gz HTTP/1.1" 404 168 "-" "Debian APT-HTTP/1.3 (0.8.13.2ubuntu4.1)"
118.97.82.241 - - [05/Sep/2011:09:50:28 +0700] "GET /ubuntu/dists/natty/universe/i18n/Translation-en.gz HTTP/1.1" 404 168 "-" "Debian APT-HTTP/1.3 (0.8.13.2ubuntu4.1)"
118.97.82.241 - - [05/Sep/2011:09:50:28 +0700] "GET /ubuntu/dists/natty-backports/main/i18n/Translation-en_US.lzma HTTP/1.1" 404 168 "-" "Debian APT-HTTP/1.3 (0.8.13.2ubuntu4.1)"
118.97.82.241 - - [05/Sep/2011:09:50:28 +0700] "GET /ubuntu/dists/natty-backports/main/i18n/Translation-en.lzma HTTP/1.1" 404 168 "-" "Debian APT-HTTP/1.3 (0.8.13.2ubuntu4.1)"
118.97.82.241 - - [05/Sep/2011:09:50:28 +0700] "GET /ubuntu/dists/natty-backports/multiverse/i18n/Translation-en_US.lzma HTTP/1.1" 404 168 "-" "Debian APT-HTTP/1.3 (0.8.13.2ubuntu4.1)"
118.97.82.241 - - [05/Sep/2011:09:50:28 +0700] "GET /ubuntu/dists/natty-backports/multiverse/i18n/Translation-en.lzma HTTP/1.1" 404 168 "-" "Debian APT-HTTP/1.3 (0.8.13.2ubuntu4.1)"
118.97.82.241 - - [05/Sep/2011:09:50:28 +0700] "GET /ubuntu/dists/natty-backports/restricted/i18n/Translation-en_US.lzma HTTP/1.1" 404 168 "-" "Debian APT-HTTP/1.3 (0.8.13.2ubuntu4.1)"
118.97.82.241 - - [05/Sep/2011:09:50:28 +0700] "GET /ubuntu/dists/natty-backports/restricted/i18n/Translation-en.lzma HTTP/1.1" 404 168 "-" "Debian APT-HTTP/1.3 (0.8.13.2ubuntu4.1)"
118.97.82.241 - - [05/Sep/2011:09:50:28 +0700] "GET /ubuntu/dists/natty-backports/universe/i18n/Translation-en_US.lzma HTTP/1.1" 404 168 "-" "Debian APT-HTTP/1.3 (0.8.13.2ubuntu4.1)"
118.97.82.241 - - [05/Sep/2011:09:50:28 +0700] "GET /ubuntu/dists/natty-backports/universe/i18n/Translation-en.lzma HTTP/1.1" 404 168 "-" "Debian APT-HTTP/1.3 (0.8.13.2ubuntu4.1)"
118.97.82.241 - - [05/Sep/2011:09:50:28 +0700] "GET /ubuntu/dists/natty-updates/main/i18n/Translation-en_US.gz HTTP/1.1" 404 168 "-" "Debian APT-HTTP/1.3 (0.8.13.2ubuntu4.1)"
118.97.82.241 - - [05/Sep/2011:09:50:28 +0700] "GET /ubuntu/dists/natty-updates/main/i18n/Translation-en.gz HTTP/1.1" 404 168 "-" "Debian APT-HTTP/1.3 (0.8.13.2ubuntu4.1)"
118.97.82.241 - - [05/Sep/2011:09:50:28 +0700] "GET /ubuntu/dists/natty-updates/multiverse/i18n/Translation-en_US.gz HTTP/1.1" 404 168 "-" "Debian APT-HTTP/1.3 (0.8.13.2ubuntu4.1)"
118.97.82.241 - - [05/Sep/2011:09:50:28 +0700] "GET /ubuntu/dists/natty-updates/multiverse/i18n/Translation-en.gz HTTP/1.1" 404 168 "-" "Debian APT-HTTP/1.3 (0.8.13.2ubuntu4.1)"
118.97.82.241 - - [05/Sep/2011:09:50:28 +0700] "GET /ubuntu/dists/natty-updates/restricted/i18n/Translation-en_US.gz HTTP/1.1" 404 168 "-" "Debian APT-HTTP/1.3 (0.8.13.2ubuntu4.1)"
118.97.82.241 - - [05/Sep/2011:09:50:28 +0700] "GET /ubuntu/dists/natty-updates/restricted/i18n/Translation-en.gz HTTP/1.1" 404 168 "-" "Debian APT-HTTP/1.3 (0.8.13.2ubuntu4.1)"
118.97.82.241 - - [05/Sep/2011:09:50:28 +0700] "GET /ubuntu/dists/natty-updates/universe/i18n/Translation-en_US.gz HTTP/1.1" 404 168 "-" "Debian APT-HTTP/1.3 (0.8.13.2ubuntu4.1)"
118.97.82.241 - - [05/Sep/2011:09:50:28 +0700] "GET /ubuntu/dists/natty-updates/universe/i18n/Translation-en.gz HTTP/1.1" 404 168 "-" "Debian APT-HTTP/1.3 (0.8.13.2ubuntu4.1)"
118.97.82.241 - - [05/Sep/2011:09:50:28 +0700] "GET /ubuntu/dists/natty-proposed/main/i18n/Translation-en_US.gz HTTP/1.1" 404 168 "-" "Debian APT-HTTP/1.3 (0.8.13.2ubuntu4.1)"
118.97.82.241 - - [05/Sep/2011:09:50:28 +0700] "GET /ubuntu/dists/natty-proposed/main/i18n/Translation-en.gz HTTP/1.1" 404 168 "-" "Debian APT-HTTP/1.3 (0.8.13.2ubuntu4.1)"
118.97.82.241 - - [05/Sep/2011:09:50:28 +0700] "GET /ubuntu/dists/natty-proposed/multiverse/i18n/Translation-en_US.gz HTTP/1.1" 404 168 "-" "Debian APT-HTTP/1.3 (0.8.13.2ubuntu4.1)"
118.97.82.241 - - [05/Sep/2011:09:50:28 +0700] "GET /ubuntu/dists/natty-proposed/multiverse/i18n/Translation-en.gz HTTP/1.1" 404 168 "-" "Debian APT-HTTP/1.3 (0.8.13.2ubuntu4.1)"
118.97.82.241 - - [05/Sep/2011:09:50:28 +0700] "GET /ubuntu/dists/natty-proposed/restricted/i18n/Translation-en_US.gz HTTP/1.1" 404 168 "-" "Debian APT-HTTP/1.3 (0.8.13.2ubuntu4.1)"
118.97.82.241 - - [05/Sep/2011:09:50:28 +0700] "GET /ubuntu/dists/natty-proposed/restricted/i18n/Translation-en.gz HTTP/1.1" 404 168 "-" "Debian APT-HTTP/1.3 (0.8.13.2ubuntu4.1)"
118.97.82.241 - - [05/Sep/2011:09:50:28 +0700] "GET /ubuntu/dists/natty-proposed/universe/i18n/Translation-en_US.gz HTTP/1.1" 404 168 "-" "Debian APT-HTTP/1.3 (0.8.13.2ubuntu4.1)"
118.97.82.241 - - [05/Sep/2011:09:50:28 +0700] "GET /ubuntu/dists/natty-proposed/universe/i18n/Translation-en.gz HTTP/1.1" 404 168 "-" "Debian APT-HTTP/1.3 (0.8.13.2ubuntu4.1)"
118.97.82.241 - - [05/Sep/2011:09:50:28 +0700] "GET /ubuntu/dists/natty/main/i18n/Translation-en_US HTTP/1.1" 404 168 "-" "Debian APT-HTTP/1.3 (0.8.13.2ubuntu4.1)"
118.97.82.241 - - [05/Sep/2011:09:50:28 +0700] "GET /ubuntu/dists/natty/main/i18n/Translation-en HTTP/1.1" 404 168 "-" "Debian APT-HTTP/1.3 (0.8.13.2ubuntu4.1)"
118.97.82.241 - - [05/Sep/2011:09:50:28 +0700] "GET /ubuntu/dists/natty/multiverse/i18n/Translation-en_US HTTP/1.1" 404 168 "-" "Debian APT-HTTP/1.3 (0.8.13.2ubuntu4.1)"
118.97.82.241 - - [05/Sep/2011:09:50:28 +0700] "GET /ubuntu/dists/natty/multiverse/i18n/Translation-en HTTP/1.1" 404 168 "-" "Debian APT-HTTP/1.3 (0.8.13.2ubuntu4.1)"
118.97.82.241 - - [05/Sep/2011:09:50:28 +0700] "GET /ubuntu/dists/natty/restricted/i18n/Translation-en_US HTTP/1.1" 404 168 "-" "Debian APT-HTTP/1.3 (0.8.13.2ubuntu4.1)"
118.97.82.241 - - [05/Sep/2011:09:50:28 +0700] "GET /ubuntu/dists/natty/restricted/i18n/Translation-en HTTP/1.1" 404 168 "-" "Debian APT-HTTP/1.3 (0.8.13.2ubuntu4.1)"
118.97.82.241 - - [05/Sep/2011:09:50:28 +0700] "GET /ubuntu/dists/natty/universe/i18n/Translation-en_US HTTP/1.1" 404 168 "-" "Debian APT-HTTP/1.3 (0.8.13.2ubuntu4.1)"
118.97.82.241 - - [05/Sep/2011:09:50:28 +0700] "GET /ubuntu/dists/natty/universe/i18n/Translation-en HTTP/1.1" 404 168 "-" "Debian APT-HTTP/1.3 (0.8.13.2ubuntu4.1)"
118.97.82.241 - - [05/Sep/2011:09:50:28 +0700] "GET /ubuntu/dists/natty-backports/main/i18n/Translation-en_US.gz HTTP/1.1" 404 168 "-" "Debian APT-HTTP/1.3 (0.8.13.2ubuntu4.1)"
118.97.82.241 - - [05/Sep/2011:09:50:28 +0700] "GET /ubuntu/dists/natty-backports/main/i18n/Translation-en.gz HTTP/1.1" 404 168 "-" "Debian APT-HTTP/1.3 (0.8.13.2ubuntu4.1)"
118.97.82.241 - - [05/Sep/2011:09:50:28 +0700] "GET /ubuntu/dists/natty-backports/multiverse/i18n/Translation-en_US.gz HTTP/1.1" 404 168 "-" "Debian APT-HTTP/1.3 (0.8.13.2ubuntu4.1)"
118.97.82.241 - - [05/Sep/2011:09:50:28 +0700] "GET /ubuntu/dists/natty-backports/multiverse/i18n/Translation-en.gz HTTP/1.1" 404 168 "-" "Debian APT-HTTP/1.3 (0.8.13.2ubuntu4.1)"
118.97.82.241 - - [05/Sep/2011:09:50:28 +0700] "GET /ubuntu/dists/natty-backports/restricted/i18n/Translation-en_US.gz HTTP/1.1" 404 168 "-" "Debian APT-HTTP/1.3 (0.8.13.2ubuntu4.1)"
118.97.82.241 - - [05/Sep/2011:09:50:28 +0700] "GET /ubuntu/dists/natty-backports/restricted/i18n/Translation-en.gz HTTP/1.1" 404 168 "-" "Debian APT-HTTP/1.3 (0.8.13.2ubuntu4.1)"
118.97.82.241 - - [05/Sep/2011:09:50:28 +0700] "GET /ubuntu/dists/natty-backports/universe/i18n/Translation-en_US.gz HTTP/1.1" 404 168 "-" "Debian APT-HTTP/1.3 (0.8.13.2ubuntu4.1)"
118.97.82.241 - - [05/Sep/2011:09:50:28 +0700] "GET /ubuntu/dists/natty-backports/universe/i18n/Translation-en.gz HTTP/1.1" 404 168 "-" "Debian APT-HTTP/1.3 (0.8.13.2ubuntu4.1)"
118.97.82.241 - - [05/Sep/2011:09:50:28 +0700] "GET /ubuntu/dists/natty-updates/main/i18n/Translation-en_US HTTP/1.1" 404 168 "-" "Debian APT-HTTP/1.3 (0.8.13.2ubuntu4.1)"
118.97.82.241 - - [05/Sep/2011:09:50:28 +0700] "GET /ubuntu/dists/natty-updates/main/i18n/Translation-en HTTP/1.1" 404 168 "-" "Debian APT-HTTP/1.3 (0.8.13.2ubuntu4.1)"
118.97.82.241 - - [05/Sep/2011:09:50:28 +0700] "GET /ubuntu/dists/natty-updates/multiverse/i18n/Translation-en_US HTTP/1.1" 404 168 "-" "Debian APT-HTTP/1.3 (0.8.13.2ubuntu4.1)"
118.97.82.241 - - [05/Sep/2011:09:50:28 +0700] "GET /ubuntu/dists/natty-updates/multiverse/i18n/Translation-en HTTP/1.1" 404 168 "-" "Debian APT-HTTP/1.3 (0.8.13.2ubuntu4.1)"
118.97.82.241 - - [05/Sep/2011:09:50:28 +0700] "GET /ubuntu/dists/natty-updates/restricted/i18n/Translation-en_US HTTP/1.1" 404 168 "-" "Debian APT-HTTP/1.3 (0.8.13.2ubuntu4.1)"
118.97.82.241 - - [05/Sep/2011:09:50:28 +0700] "GET /ubuntu/dists/natty-updates/restricted/i18n/Translation-en HTTP/1.1" 404 168 "-" "Debian APT-HTTP/1.3 (0.8.13.2ubuntu4.1)"
118.97.82.241 - - [05/Sep/2011:09:50:28 +0700] "GET /ubuntu/dists/natty-updates/universe/i18n/Translation-en_US HTTP/1.1" 404 168 "-" "Debian APT-HTTP/1.3 (0.8.13.2ubuntu4.1)"
118.97.82.241 - - [05/Sep/2011:09:50:28 +0700] "GET /ubuntu/dists/natty-updates/universe/i18n/Translation-en HTTP/1.1" 404 168 "-" "Debian APT-HTTP/1.3 (0.8.13.2ubuntu4.1)"
118.97.82.241 - - [05/Sep/2011:09:50:28 +0700] "GET /ubuntu/dists/natty-proposed/main/i18n/Translation-en_US HTTP/1.1" 404 168 "-" "Debian APT-HTTP/1.3 (0.8.13.2ubuntu4.1)"
118.97.82.241 - - [05/Sep/2011:09:50:28 +0700] "GET /ubuntu/dists/natty-proposed/main/i18n/Translation-en HTTP/1.1" 404 168 "-" "Debian APT-HTTP/1.3 (0.8.13.2ubuntu4.1)"
118.97.82.241 - - [05/Sep/2011:09:50:28 +0700] "GET /ubuntu/dists/natty-proposed/multiverse/i18n/Translation-en_US HTTP/1.1" 404 168 "-" "Debian APT-HTTP/1.3 (0.8.13.2ubuntu4.1)"
118.97.82.241 - - [05/Sep/2011:09:50:28 +0700] "GET /ubuntu/dists/natty-proposed/multiverse/i18n/Translation-en HTTP/1.1" 404 168 "-" "Debian APT-HTTP/1.3 (0.8.13.2ubuntu4.1)"
118.97.82.241 - - [05/Sep/2011:09:50:28 +0700] "GET /ubuntu/dists/natty-proposed/restricted/i18n/Translation-en_US HTTP/1.1" 404 168 "-" "Debian APT-HTTP/1.3 (0.8.13.2ubuntu4.1)"
118.97.82.241 - - [05/Sep/2011:09:50:28 +0700] "GET /ubuntu/dists/natty-proposed/restricted/i18n/Translation-en HTTP/1.1" 404 168 "-" "Debian APT-HTTP/1.3 (0.8.13.2ubuntu4.1)"
118.97.82.241 - - [05/Sep/2011:09:50:28 +0700] "GET /ubuntu/dists/natty-proposed/universe/i18n/Translation-en_US HTTP/1.1" 404 168 "-" "Debian APT-HTTP/1.3 (0.8.13.2ubuntu4.1)"
118.97.82.241 - - [05/Sep/2011:09:50:28 +0700] "GET /ubuntu/dists/natty-proposed/universe/i18n/Translation-en HTTP/1.1" 404 168 "-" "Debian APT-HTTP/1.3 (0.8.13.2ubuntu4.1)"
118.97.82.241 - - [05/Sep/2011:09:50:28 +0700] "GET /ubuntu/dists/natty-backports/main/i18n/Translation-en_US HTTP/1.1" 404 168 "-" "Debian APT-HTTP/1.3 (0.8.13.2ubuntu4.1)"
118.97.82.241 - - [05/Sep/2011:09:50:28 +0700] "GET /ubuntu/dists/natty-backports/main/i18n/Translation-en HTTP/1.1" 404 168 "-" "Debian APT-HTTP/1.3 (0.8.13.2ubuntu4.1)"
118.97.82.241 - - [05/Sep/2011:09:50:28 +0700] "GET /ubuntu/dists/natty-backports/multiverse/i18n/Translation-en_US HTTP/1.1" 404 168 "-" "Debian APT-HTTP/1.3 (0.8.13.2ubuntu4.1)"
118.97.82.241 - - [05/Sep/2011:09:50:28 +0700] "GET /ubuntu/dists/natty-backports/multiverse/i18n/Translation-en HTTP/1.1" 404 168 "-" "Debian APT-HTTP/1.3 (0.8.13.2ubuntu4.1)"
118.97.82.241 - - [05/Sep/2011:09:50:28 +0700] "GET /ubuntu/dists/natty-backports/restricted/i18n/Translation-en_US HTTP/1.1" 404 168 "-" "Debian APT-HTTP/1.3 (0.8.13.2ubuntu4.1)"
118.97.82.241 - - [05/Sep/2011:09:50:28 +0700] "GET /ubuntu/dists/natty-backports/restricted/i18n/Translation-en HTTP/1.1" 404 168 "-" "Debian APT-HTTP/1.3 (0.8.13.2ubuntu4.1)"
118.97.82.241 - - [05/Sep/2011:09:50:28 +0700] "GET /ubuntu/dists/natty-backports/universe/i18n/Translation-en_US HTTP/1.1" 404 168 "-" "Debian APT-HTTP/1.3 (0.8.13.2ubuntu4.1)"
118.97.82.241 - - [05/Sep/2011:09:50:28 +0700] "GET /ubuntu/dists/natty-backports/universe/i18n/Translation-en HTTP/1.1" 404 168 "-" "Debian APT-HTTP/1.3 (0.8.13.2ubuntu4.1)"
203.77.210.34 - - [05/Sep/2011:09:50:28 +0700] "GET /centos/5/fasttrack/i386/repodata/repomd.xml HTTP/1.1" 200 1953 "-" "urlgrabber/3.1.0 yum/3.2.22"
203.77.210.34 - - [05/Sep/2011:09:50:28 +0700] "GET /centos/5/addons/i386/repodata/repomd.xml HTTP/1.1" 200 951 "-" "urlgrabber/3.1.0 yum/3.2.22"
203.77.210.34 - - [05/Sep/2011:09:50:28 +0700] "GET /centos/5/os/i386/repodata/repomd.xml HTTP/1.1" 200 1140 "-" "urlgrabber/3.1.0 yum/3.2.22"
66.249.69.154 - - [05/Sep/2011:09:50:28 +0700] "GET /linux/people/tytso/ext4-patches/old/2.6.27-rc8-ext4-1/broken-out/vfs-fiemap.patch HTTP/1.1" 200 21112 "-" "Mozilla/5.0 (compatible; Googlebot/2.1; +http://www.google.com/bot.html)"
203.77.210.34 - - [05/Sep/2011:09:50:28 +0700] "GET /centos/5/centosplus/i386/repodata/repomd.xml HTTP/1.1" 200 1953 "-" "urlgrabber/3.1.0 yum/3.2.22"
182.23.10.170 - - [05/Sep/2011:09:50:28 +0700] "GET /ubuntu/dists/jaunty/Release.gpg HTTP/1.0" 404 168 "-" "Ubuntu APT-HTTP/1.3 (0.7.20.2ubuntu6)"
49.0.6.152 - - [05/Sep/2011:09:50:28 +0700] "GET /centos/5/addons/i386/repodata/repomd.xml HTTP/1.1" 200 951 "-" "urlgrabber/3.1.0 yum/3.2.22"
49.0.6.152 - - [05/Sep/2011:09:50:28 +0700] "GET /centos/5/os/i386/repodata/repomd.xml HTTP/1.1" 200 1140 "-" "urlgrabber/3.1.0 yum/3.2.22"
203.77.210.34 - - [05/Sep/2011:09:50:28 +0700] "GET /centos/5/extras/i386/repodata/repomd.xml HTTP/1.1" 200 2146 "-" "urlgrabber/3.1.0 yum/3.2.22"
66.249.69.154 - - [05/Sep/2011:09:50:28 +0700] "GET /linux/people/wfg/writeback/dirty-throttling-v6/10HDD-RAID0-16G/ext3-1000dd-1M-24p-16013M-20%25-2.6.38-rc6-dt6+-2011-02-24-01-53/pid HTTP/1.1" 200 5000 "-" "Mozilla/5.0 (compatible; Googlebot/2.1; +http://www.google.com/bot.html)"
182.23.10.170 - - [05/Sep/2011:09:50:29 +0700] "GET /ubuntu/dists/jaunty-security/Release.gpg HTTP/1.0" 404 168 "-" "Ubuntu APT-HTTP/1.3 (0.7.20.2ubuntu6)"
66.249.69.154 - - [05/Sep/2011:09:50:29 +0700] "GET /cran/src/contrib/Archive/SuppDists HTTP/1.1" 500 383 "-" "Mozilla/5.0 (compatible; Googlebot/2.1; +http://www.google.com/bot.html)"
220.248.0.145 - - [05/Sep/2011:09:50:29 +0700] "GET /eclipse/eclipse/updates/3.6/R-3.6-201006080911/plugins/org.eclipse.equinox.security.source_1.0.200.v20100503.jar.pack.gz HTTP/1.1" 200 49241 "-" "Jakarta Commons-HttpClient/3.1"
49.0.6.152 - - [05/Sep/2011:09:50:30 +0700] "GET /centos/5/extras/i386/repodata/repomd.xml HTTP/1.1" 200 2146 "-" "urlgrabber/3.1.0 yum/3.2.22"
182.23.10.170 - - [05/Sep/2011:09:50:30 +0700] "GET /ubuntu/dists/jaunty-updates/Release.gpg HTTP/1.0" 404 168 "-" "Ubuntu APT-HTTP/1.3 (0.7.20.2ubuntu6)"
49.0.6.152 - - [05/Sep/2011:09:50:30 +0700] "GET /centos/5/updates/i386/repodata/repomd.xml HTTP/1.1" 200 1953 "-" "urlgrabber/3.1.0 yum/3.2.22"
220.248.0.145 - - [05/Sep/2011:09:50:31 +0700] "GET /eclipse/eclipse/updates/3.6/R-3.6-201006080911/plugins/javax.servlet.jsp_2.0.0.v200806031607.jar HTTP/1.1" 200 62707 "-" "Jakarta Commons-HttpClient/3.1"
114.127.246.103 - - [05/Sep/2011:09:50:31 +0700] "GET /iso/ayuOS/ayuos-2009.0.tr-two.iso HTTP/1.1" 206 3485054 "http://kambing.ui.ac.id/iso/ayuOS/" "Mozilla/5.0 (Windows NT 5.1; rv:6.0) Gecko/20100101 Firefox/6.0"
182.23.10.170 - - [05/Sep/2011:09:50:31 +0700] "GET /ubuntu/dists/jaunty-proposed/Release.gpg HTTP/1.0" 404 168 "-" "Ubuntu APT-HTTP/1.3 (0.7.20.2ubuntu6)"
114.127.246.103 - - [05/Sep/2011:09:50:31 +0700] "GET /iso/ayuOS/ayuos-2009.0.tr-two.iso HTTP/1.1" 206 4051222 "http://kambing.ui.ac.id/iso/ayuOS/" "Mozilla/5.0 (Windows NT 5.1; rv:6.0) Gecko/20100101 Firefox/6.0"
114.127.246.103 - - [05/Sep/2011:09:50:32 +0700] "GET /iso/ayuOS/ayuos-2009.0.tr-two.iso HTTP/1.1" 206 2929025 "http://kambing.ui.ac.id/iso/ayuOS/" "Mozilla/5.0 (Windows NT 5.1; rv:6.0) Gecko/20100101 Firefox/6.0"
114.127.246.103 - - [05/Sep/2011:09:50:32 +0700] "GET /iso/ayuOS/ayuos-2009.0.tr-two.iso HTTP/1.1" 206 402262 "http://kambing.ui.ac.id/iso/ayuOS/" "Mozilla/5.0 (Windows NT 5.1; rv:6.0) Gecko/20100101 Firefox/6.0"
60.28.135.186 - - [05/Sep/2011:09:50:33 +0700] "GET /apache/struts/binaries/struts-2.2.3-all.zip HTTP/1.1" 206 315096 "http://kambing.ui.ac.id/apache/struts/binaries/" "Mozilla/4.0 (compatible; MSIE 6.0; Windows NT 5.1; SV1; .NET CLR 1.1.4322; .NET CLR 2.0.50727)"
182.23.10.170 - - [05/Sep/2011:09:50:33 +0700] "GET /ubuntu/dists/jaunty/Release HTTP/1.0" 404 168 "-" "Ubuntu APT-HTTP/1.3 (0.7.20.2ubuntu6)"
182.23.10.170 - - [05/Sep/2011:09:50:33 +0700] "GET /ubuntu/dists/jaunty-security/Release HTTP/1.0" 404 168 "-" "Ubuntu APT-HTTP/1.3 (0.7.20.2ubuntu6)"
114.127.246.103 - - [05/Sep/2011:09:50:34 +0700] "GET /iso/ayuOS/ayuos-2009.0.tr-two.iso HTTP/1.1" 206 315077 "http://kambing.ui.ac.id/iso/ayuOS/" "Mozilla/5.0 (Windows NT 5.1; rv:6.0) Gecko/20100101 Firefox/6.0"
114.127.246.103 - - [05/Sep/2011:09:50:34 +0700] "GET /iso/ayuOS/ayuos-2009.0.tr-two.iso HTTP/1.1" 206 426038 "http://kambing.ui.ac.id/iso/ayuOS/" "Mozilla/5.0 (Windows NT 5.1; rv:6.0) Gecko/20100101 Firefox/6.0"
114.127.246.103 - - [05/Sep/2011:09:50:34 +0700] "GET /iso/ayuOS/ayuos-2009.0.tr-two.iso HTTP/1.1" 206 315079 "http://kambing.ui.ac.id/iso/ayuOS/" "Mozilla/5.0 (Windows NT 5.1; rv:6.0) Gecko/20100101 Firefox/6.0"
182.23.10.170 - - [05/Sep/2011:09:50:35 +0700] "GET /ubuntu/dists/jaunty-updates/Release HTTP/1.0" 404 168 "-" "Ubuntu APT-HTTP/1.3 (0.7.20.2ubuntu6)"
182.23.10.170 - - [05/Sep/2011:09:50:35 +0700] "GET /ubuntu/dists/jaunty-proposed/Release HTTP/1.0" 404 168 "-" "Ubuntu APT-HTTP/1.3 (0.7.20.2ubuntu6)"
114.127.246.103 - - [05/Sep/2011:09:50:36 +0700] "GET /iso/ayuOS/ayuos-2009.0.tr-two.iso HTTP/1.1" 206 315078 "http://kambing.ui.ac.id/iso/ayuOS/" "Mozilla/5.0 (Windows NT 5.1; rv:6.0) Gecko/20100101 Firefox/6.0"
182.23.10.170 - - [05/Sep/2011:09:50:36 +0700] "GET /ubuntu/dists/jaunty/main/binary-amd64/Packages.bz2 HTTP/1.0" 404 168 "-" "Ubuntu APT-HTTP/1.3 (0.7.20.2ubuntu6)"
182.23.10.170 - - [05/Sep/2011:09:50:37 +0700] "GET /ubuntu/dists/jaunty/multiverse/binary-amd64/Packages.bz2 HTTP/1.0" 404 168 "-" "Ubuntu APT-HTTP/1.3 (0.7.20.2ubuntu6)"
202.137.1.37 - - [05/Sep/2011:09:50:38 +0700] "GET /centos/6.0/ HTTP/1.1" 200 744 "http://kambing.ui.ac.id/centos/" "Mozilla/5.0 (X11; U; Linux i686; en-US; rv:1.9.2.15) Gecko/20110303 Ubuntu/10.10 (maverick) Firefox/3.6.15"
182.23.10.170 - - [05/Sep/2011:09:50:38 +0700] "GET /ubuntu/dists/jaunty/restricted/binary-amd64/Packages.bz2 HTTP/1.0" 404 168 "-" "Ubuntu APT-HTTP/1.3 (0.7.20.2ubuntu6)"
202.152.243.178 - - [05/Sep/2011:09:50:39 +0700] "GET /tdf/libreoffice/stable/3.4.3/win/x86/LibO_3.4.3_Win_x86_install_multi.exe HTTP/1.1" 206 2078762 "http://www.libreoffice.org/download/" "Mozilla/5.0 (Windows NT 6.1) AppleWebKit/535.1 (KHTML, like Gecko) Chrome/13.0.782.220 Safari/535.1"
66.249.69.154 - - [05/Sep/2011:09:50:39 +0700] "GET /linux/people/arnd/patches/2.6.22-rc3-arnd1/ HTTP/1.1" 200 774 "-" "Mozilla/5.0 (compatible; Googlebot/2.1; +http://www.google.com/bot.html)"
66.249.69.154 - - [05/Sep/2011:09:50:40 +0700] "GET /linux/people/arnd/patches/2.6.22-rc5-arnd1/ HTTP/1.1" 200 776 "-" "Mozilla/5.0 (compatible; Googlebot/2.1; +http://www.google.com/bot.html)"
202.137.1.37 - - [05/Sep/2011:09:50:40 +0700] "GET /favicon.ico HTTP/1.1" 404 168 "-" "Mozilla/5.0 (X11; U; Linux i686; en-US; rv:1.9.2.15) Gecko/20110303 Ubuntu/10.10 (maverick) Firefox/3.6.15"
182.23.10.170 - - [05/Sep/2011:09:50:40 +0700] "GET /ubuntu/dists/jaunty/universe/binary-amd64/Packages.bz2 HTTP/1.0" 404 168 "-" "Ubuntu APT-HTTP/1.3 (0.7.20.2ubuntu6)"
114.79.51.93 - - [05/Sep/2011:09:50:40 +0700] "GET /ubuntu/pool/main/g/gnome-settings-daemon/gnome-settings-daemon_2.32.0-0ubuntu3.1_i386.deb HTTP/1.0" 206 548 "-" "Axel 2.4 (Linux)"
66.249.69.154 - - [05/Sep/2011:09:50:40 +0700] "GET /linux/people/mcgrof/patches/ath9k/2010/08/30-fix-ctls/ HTTP/1.1" 200 761 "-" "Mozilla/5.0 (compatible; Googlebot/2.1; +http://www.google.com/bot.html)"
203.77.210.34 - - [05/Sep/2011:09:50:41 +0700] "GET /centos/5/updates/i386/repodata/repomd.xml HTTP/1.1" 200 1953 "-" "urlgrabber/3.1.0 yum/3.2.22"
202.152.201.230 - - [05/Sep/2011:09:50:41 +0700] "GET /ubuntu/dists/natty/InRelease HTTP/1.1" 404 168 "-" "Debian APT-HTTP/1.3 (0.8.13.2ubuntu4.1)"
202.152.201.230 - - [05/Sep/2011:09:50:41 +0700] "GET /ubuntu/dists/natty-updates/InRelease HTTP/1.1" 404 168 "-" "Debian APT-HTTP/1.3 (0.8.13.2ubuntu4.1)"
202.152.201.230 - - [05/Sep/2011:09:50:41 +0700] "GET /ubuntu/dists/natty-security/InRelease HTTP/1.1" 404 168 "-" "Debian APT-HTTP/1.3 (0.8.13.2ubuntu4.1)"
182.23.10.170 - - [05/Sep/2011:09:50:41 +0700] "GET /ubuntu/dists/jaunty-security/main/binary-amd64/Packages.bz2 HTTP/1.0" 404 168 "-" "Ubuntu APT-HTTP/1.3 (0.7.20.2ubuntu6)"
66.249.69.154 - - [05/Sep/2011:09:50:41 +0700] "GET /linux/people/wfg/writeback/dirty-throttling-v6/10HDD-JBOD-6G/xfs-8dd-1M-16p-5904M-20%25-2.6.38-rc6-dt6+-2011-02-23-19-20/trace-balance_dirty_pages-bw HTTP/1.1" 200 99867 "-" "Mozilla/5.0 (compatible; Googlebot/2.1; +http://www.google.com/bot.html)"
202.152.201.230 - - [05/Sep/2011:09:50:41 +0700] "GET /ubuntu/dists/natty/Release.gpg HTTP/1.1" 304 0 "-" "Debian APT-HTTP/1.3 (0.8.13.2ubuntu4.1)"
202.152.201.230 - - [05/Sep/2011:09:50:41 +0700] "GET /ubuntu/dists/natty-updates/Release.gpg HTTP/1.1" 304 0 "-" "Debian APT-HTTP/1.3 (0.8.13.2ubuntu4.1)"
202.152.201.230 - - [05/Sep/2011:09:50:41 +0700] "GET /ubuntu/dists/natty-security/Release.gpg HTTP/1.1" 304 0 "-" "Debian APT-HTTP/1.3 (0.8.13.2ubuntu4.1)"
114.79.51.93 - - [05/Sep/2011:09:50:41 +0700] "GET /ubuntu/pool/main/g/gnome-settings-daemon/gnome-settings-daemon_2.32.0-0ubuntu3.1_i386.deb HTTP/1.0" 206 28597 "-" "Axel 2.4 (Linux)"
202.152.201.230 - - [05/Sep/2011:09:50:41 +0700] "GET /ubuntu/dists/natty/Release HTTP/1.1" 304 0 "-" "Debian APT-HTTP/1.3 (0.8.13.2ubuntu4.1)"
66.249.69.154 - - [05/Sep/2011:09:50:41 +0700] "GET /linux/people/gregkh/usb/linux-2.5.7-gregkh-1.patch.bz2.sign HTTP/1.1" 200 248 "-" "Mozilla/5.0 (compatible; Googlebot/2.1; +http://www.google.com/bot.html)"
202.152.201.230 - - [05/Sep/2011:09:50:41 +0700] "GET /ubuntu/dists/natty-updates/Release HTTP/1.1" 304 0 "-" "Debian APT-HTTP/1.3 (0.8.13.2ubuntu4.1)"
202.152.201.230 - - [05/Sep/2011:09:50:42 +0700] "GET /ubuntu/dists/natty-security/Release HTTP/1.1" 304 0 "-" "Debian APT-HTTP/1.3 (0.8.13.2ubuntu4.1)"
202.152.201.230 - - [05/Sep/2011:09:50:42 +0700] "GET /ubuntu/dists/natty/main/binary-i386/Packages.bz2 HTTP/1.1" 304 0 "-" "Debian APT-HTTP/1.3 (0.8.13.2ubuntu4.1)"
202.152.201.230 - - [05/Sep/2011:09:50:42 +0700] "GET /ubuntu/dists/natty/restricted/binary-i386/Packages.bz2 HTTP/1.1" 304 0 "-" "Debian APT-HTTP/1.3 (0.8.13.2ubuntu4.1)"
202.152.201.230 - - [05/Sep/2011:09:50:42 +0700] "GET /ubuntu/dists/natty/universe/binary-i386/Packages.bz2 HTTP/1.1" 304 0 "-" "Debian APT-HTTP/1.3 (0.8.13.2ubuntu4.1)"
202.152.201.230 - - [05/Sep/2011:09:50:42 +0700] "GET /ubuntu/dists/natty/multiverse/binary-i386/Packages.bz2 HTTP/1.1" 304 0 "-" "Debian APT-HTTP/1.3 (0.8.13.2ubuntu4.1)"
202.152.201.230 - - [05/Sep/2011:09:50:42 +0700] "GET /ubuntu/dists/natty/main/i18n/Index HTTP/1.1" 404 168 "-" "Debian APT-HTTP/1.3 (0.8.13.2ubuntu4.1)"
202.152.201.230 - - [05/Sep/2011:09:50:42 +0700] "GET /ubuntu/dists/natty/multiverse/i18n/Index HTTP/1.1" 404 168 "-" "Debian APT-HTTP/1.3 (0.8.13.2ubuntu4.1)"
202.152.201.230 - - [05/Sep/2011:09:50:42 +0700] "GET /ubuntu/dists/natty/restricted/i18n/Index HTTP/1.1" 404 168 "-" "Debian APT-HTTP/1.3 (0.8.13.2ubuntu4.1)"
202.152.201.230 - - [05/Sep/2011:09:50:42 +0700] "GET /ubuntu/dists/natty/universe/i18n/Index HTTP/1.1" 404 168 "-" "Debian APT-HTTP/1.3 (0.8.13.2ubuntu4.1)"
202.152.201.230 - - [05/Sep/2011:09:50:42 +0700] "GET /ubuntu/dists/natty-updates/main/binary-i386/Packages.bz2 HTTP/1.1" 304 0 "-" "Debian APT-HTTP/1.3 (0.8.13.2ubuntu4.1)"
202.152.201.230 - - [05/Sep/2011:09:50:42 +0700] "GET /ubuntu/dists/natty-updates/restricted/binary-i386/Packages.bz2 HTTP/1.1" 304 0 "-" "Debian APT-HTTP/1.3 (0.8.13.2ubuntu4.1)"
202.152.201.230 - - [05/Sep/2011:09:50:42 +0700] "GET /ubuntu/dists/natty-updates/universe/binary-i386/Packages.bz2 HTTP/1.1" 304 0 "-" "Debian APT-HTTP/1.3 (0.8.13.2ubuntu4.1)"
202.152.201.230 - - [05/Sep/2011:09:50:42 +0700] "GET /ubuntu/dists/natty-updates/multiverse/binary-i386/Packages.bz2 HTTP/1.1" 304 0 "-" "Debian APT-HTTP/1.3 (0.8.13.2ubuntu4.1)"
202.152.201.230 - - [05/Sep/2011:09:50:42 +0700] "GET /ubuntu/dists/natty-updates/main/i18n/Index HTTP/1.1" 404 168 "-" "Debian APT-HTTP/1.3 (0.8.13.2ubuntu4.1)"
202.152.201.230 - - [05/Sep/2011:09:50:42 +0700] "GET /ubuntu/dists/natty-updates/multiverse/i18n/Index HTTP/1.1" 404 168 "-" "Debian APT-HTTP/1.3 (0.8.13.2ubuntu4.1)"
202.152.201.230 - - [05/Sep/2011:09:50:42 +0700] "GET /ubuntu/dists/natty-updates/restricted/i18n/Index HTTP/1.1" 404 168 "-" "Debian APT-HTTP/1.3 (0.8.13.2ubuntu4.1)"
202.152.201.230 - - [05/Sep/2011:09:50:42 +0700] "GET /ubuntu/dists/natty-updates/universe/i18n/Index HTTP/1.1" 404 168 "-" "Debian APT-HTTP/1.3 (0.8.13.2ubuntu4.1)"
202.152.201.230 - - [05/Sep/2011:09:50:42 +0700] "GET /ubuntu/dists/natty-security/main/binary-i386/Packages.bz2 HTTP/1.1" 304 0 "-" "Debian APT-HTTP/1.3 (0.8.13.2ubuntu4.1)"
202.152.201.230 - - [05/Sep/2011:09:50:42 +0700] "GET /ubuntu/dists/natty-security/restricted/binary-i386/Packages.bz2 HTTP/1.1" 304 0 "-" "Debian APT-HTTP/1.3 (0.8.13.2ubuntu4.1)"
202.152.201.230 - - [05/Sep/2011:09:50:42 +0700] "GET /ubuntu/dists/natty-security/universe/binary-i386/Packages.bz2 HTTP/1.1" 304 0 "-" "Debian APT-HTTP/1.3 (0.8.13.2ubuntu4.1)"
202.152.201.230 - - [05/Sep/2011:09:50:42 +0700] "GET /ubuntu/dists/natty-security/multiverse/binary-i386/Packages.bz2 HTTP/1.1" 304 0 "-" "Debian APT-HTTP/1.3 (0.8.13.2ubuntu4.1)"
202.152.201.230 - - [05/Sep/2011:09:50:42 +0700] "GET /ubuntu/dists/natty-security/main/i18n/Index HTTP/1.1" 404 168 "-" "Debian APT-HTTP/1.3 (0.8.13.2ubuntu4.1)"
202.152.201.230 - - [05/Sep/2011:09:50:42 +0700] "GET /ubuntu/dists/natty-security/multiverse/i18n/Index HTTP/1.1" 404 168 "-" "Debian APT-HTTP/1.3 (0.8.13.2ubuntu4.1)"
202.152.201.230 - - [05/Sep/2011:09:50:42 +0700] "GET /ubuntu/dists/natty-security/restricted/i18n/Index HTTP/1.1" 404 168 "-" "Debian APT-HTTP/1.3 (0.8.13.2ubuntu4.1)"
202.152.201.230 - - [05/Sep/2011:09:50:42 +0700] "GET /ubuntu/dists/natty-security/universe/i18n/Index HTTP/1.1" 404 168 "-" "Debian APT-HTTP/1.3 (0.8.13.2ubuntu4.1)"
114.79.51.93 - - [05/Sep/2011:09:50:42 +0700] "-" 400 0 "-" "-"
114.79.51.93 - - [05/Sep/2011:09:50:42 +0700] "-" 400 0 "-" "-"
182.23.10.170 - - [05/Sep/2011:09:50:43 +0700] "GET /ubuntu/dists/jaunty-security/multiverse/binary-amd64/Packages.bz2 HTTP/1.0" 404 168 "-" "Ubuntu APT-HTTP/1.3 (0.7.20.2ubuntu6)"
202.152.201.230 - - [05/Sep/2011:09:50:43 +0700] "GET /ubuntu/dists/natty/main/i18n/Translation-en_US.bz2 HTTP/1.1" 404 168 "-" "Debian APT-HTTP/1.3 (0.8.13.2ubuntu4.1)"
202.152.201.230 - - [05/Sep/2011:09:50:43 +0700] "GET /ubuntu/dists/natty/main/i18n/Translation-en.bz2 HTTP/1.1" 404 168 "-" "Debian APT-HTTP/1.3 (0.8.13.2ubuntu4.1)"
202.152.201.230 - - [05/Sep/2011:09:50:43 +0700] "GET /ubuntu/dists/natty/multiverse/i18n/Translation-en_US.bz2 HTTP/1.1" 404 168 "-" "Debian APT-HTTP/1.3 (0.8.13.2ubuntu4.1)"
